Archive member included to satisfy reference by file (symbol)

h:/iti/tourkey/arm/tools/arm gcc/bin/../lib/gcc/arm-none-eabi/5.4.1/../../../../arm-none-eabi/lib/armv7e-m\libg_nano.a(lib_a-errno.o)
                              ./system/src/newlib/_sbrk.o (__errno)
h:/iti/tourkey/arm/tools/arm gcc/bin/../lib/gcc/arm-none-eabi/5.4.1/../../../../arm-none-eabi/lib/armv7e-m\libg_nano.a(lib_a-impure.o)
                              h:/iti/tourkey/arm/tools/arm gcc/bin/../lib/gcc/arm-none-eabi/5.4.1/../../../../arm-none-eabi/lib/armv7e-m\libg_nano.a(lib_a-errno.o) (_impure_ptr)
h:/iti/tourkey/arm/tools/arm gcc/bin/../lib/gcc/arm-none-eabi/5.4.1/../../../../arm-none-eabi/lib/armv7e-m\libg_nano.a(lib_a-memset.o)
                              ./src/ESP_program.o (memset)
h:/iti/tourkey/arm/tools/arm gcc/bin/../lib/gcc/arm-none-eabi/5.4.1/../../../../arm-none-eabi/lib/armv7e-m\libg_nano.a(lib_a-sprintf.o)
                              ./src/ESP_program.o (sprintf)
h:/iti/tourkey/arm/tools/arm gcc/bin/../lib/gcc/arm-none-eabi/5.4.1/../../../../arm-none-eabi/lib/armv7e-m\libg_nano.a(lib_a-strlen.o)
                              ./system/src/diag/Trace.o (strlen)
h:/iti/tourkey/arm/tools/arm gcc/bin/../lib/gcc/arm-none-eabi/5.4.1/../../../../arm-none-eabi/lib/armv7e-m\libg_nano.a(lib_a-vsnprintf.o)
                              ./system/src/diag/Trace.o (vsnprintf)
h:/iti/tourkey/arm/tools/arm gcc/bin/../lib/gcc/arm-none-eabi/5.4.1/../../../../arm-none-eabi/lib/armv7e-m\libg_nano.a(lib_a-nano-svfprintf.o)
                              h:/iti/tourkey/arm/tools/arm gcc/bin/../lib/gcc/arm-none-eabi/5.4.1/../../../../arm-none-eabi/lib/armv7e-m\libg_nano.a(lib_a-sprintf.o) (_svfprintf_r)
h:/iti/tourkey/arm/tools/arm gcc/bin/../lib/gcc/arm-none-eabi/5.4.1/../../../../arm-none-eabi/lib/armv7e-m\libg_nano.a(lib_a-nano-vfprintf_i.o)
                              h:/iti/tourkey/arm/tools/arm gcc/bin/../lib/gcc/arm-none-eabi/5.4.1/../../../../arm-none-eabi/lib/armv7e-m\libg_nano.a(lib_a-nano-svfprintf.o) (_printf_i)
h:/iti/tourkey/arm/tools/arm gcc/bin/../lib/gcc/arm-none-eabi/5.4.1/../../../../arm-none-eabi/lib/armv7e-m\libg_nano.a(lib_a-memchr.o)
                              h:/iti/tourkey/arm/tools/arm gcc/bin/../lib/gcc/arm-none-eabi/5.4.1/../../../../arm-none-eabi/lib/armv7e-m\libg_nano.a(lib_a-nano-svfprintf.o) (memchr)
h:/iti/tourkey/arm/tools/arm gcc/bin/../lib/gcc/arm-none-eabi/5.4.1/../../../../arm-none-eabi/lib/armv7e-m\libg_nano.a(lib_a-memcpy-stub.o)
                              h:/iti/tourkey/arm/tools/arm gcc/bin/../lib/gcc/arm-none-eabi/5.4.1/../../../../arm-none-eabi/lib/armv7e-m\libg_nano.a(lib_a-nano-svfprintf.o) (memcpy)
h:/iti/tourkey/arm/tools/arm gcc/bin/../lib/gcc/arm-none-eabi/5.4.1/../../../../arm-none-eabi/lib/armv7e-m\libg_nano.a(lib_a-memmove.o)
                              h:/iti/tourkey/arm/tools/arm gcc/bin/../lib/gcc/arm-none-eabi/5.4.1/../../../../arm-none-eabi/lib/armv7e-m\libg_nano.a(lib_a-nano-svfprintf.o) (memmove)
h:/iti/tourkey/arm/tools/arm gcc/bin/../lib/gcc/arm-none-eabi/5.4.1/../../../../arm-none-eabi/lib/armv7e-m\libg_nano.a(lib_a-nano-freer.o)
                              h:/iti/tourkey/arm/tools/arm gcc/bin/../lib/gcc/arm-none-eabi/5.4.1/../../../../arm-none-eabi/lib/armv7e-m\libg_nano.a(lib_a-nano-svfprintf.o) (_free_r)
h:/iti/tourkey/arm/tools/arm gcc/bin/../lib/gcc/arm-none-eabi/5.4.1/../../../../arm-none-eabi/lib/armv7e-m\libg_nano.a(lib_a-nano-mallocr.o)
                              h:/iti/tourkey/arm/tools/arm gcc/bin/../lib/gcc/arm-none-eabi/5.4.1/../../../../arm-none-eabi/lib/armv7e-m\libg_nano.a(lib_a-nano-svfprintf.o) (_malloc_r)
h:/iti/tourkey/arm/tools/arm gcc/bin/../lib/gcc/arm-none-eabi/5.4.1/../../../../arm-none-eabi/lib/armv7e-m\libg_nano.a(lib_a-nano-reallocr.o)
                              h:/iti/tourkey/arm/tools/arm gcc/bin/../lib/gcc/arm-none-eabi/5.4.1/../../../../arm-none-eabi/lib/armv7e-m\libg_nano.a(lib_a-nano-svfprintf.o) (_realloc_r)
h:/iti/tourkey/arm/tools/arm gcc/bin/../lib/gcc/arm-none-eabi/5.4.1/../../../../arm-none-eabi/lib/armv7e-m\libg_nano.a(lib_a-sbrkr.o)
                              h:/iti/tourkey/arm/tools/arm gcc/bin/../lib/gcc/arm-none-eabi/5.4.1/../../../../arm-none-eabi/lib/armv7e-m\libg_nano.a(lib_a-nano-mallocr.o) (_sbrk_r)
h:/iti/tourkey/arm/tools/arm gcc/bin/../lib/gcc/arm-none-eabi/5.4.1/../../../../arm-none-eabi/lib/armv7e-m\libg_nano.a(lib_a-mlock.o)
                              h:/iti/tourkey/arm/tools/arm gcc/bin/../lib/gcc/arm-none-eabi/5.4.1/../../../../arm-none-eabi/lib/armv7e-m\libg_nano.a(lib_a-nano-freer.o) (__malloc_lock)
h:/iti/tourkey/arm/tools/arm gcc/bin/../lib/gcc/arm-none-eabi/5.4.1/../../../../arm-none-eabi/lib/armv7e-m\libg_nano.a(lib_a-nano-msizer.o)
                              h:/iti/tourkey/arm/tools/arm gcc/bin/../lib/gcc/arm-none-eabi/5.4.1/../../../../arm-none-eabi/lib/armv7e-m\libg_nano.a(lib_a-nano-reallocr.o) (_malloc_usable_size_r)

Allocating common symbols
[...]
Memory Configuration

Name             Origin             Length             Attributes
RAM              0x20000000         0x00010000         xrw
CCMRAM           0x10000000         0x00000000         xrw
FLASH            0x08000000         0x00040000         xr
FLASHB1          0x00000000         0x00000000         xr
EXTMEMB0         0x00000000         0x00000000         xr
EXTMEMB1         0x00000000         0x00000000         xr
EXTMEMB2         0x00000000         0x00000000         xr
EXTMEMB3         0x00000000         0x00000000         xr
*default*        0x00000000         0xffffffff

Linker script and memory map

LOAD ./system/src/newlib/_cxx.o
LOAD ./system/src/newlib/_exit.o
LOAD ./system/src/newlib/_sbrk.o
LOAD ./system/src/newlib/_startup.o
LOAD ./system/src/newlib/_syscalls.o
LOAD ./system/src/newlib/assert.o
LOAD ./system/src/diag/Trace.o
LOAD ./system/src/diag/trace_impl.o
LOAD ./system/src/cortexm/_initialize_hardware.o
LOAD ./system/src/cortexm/_reset_hardware.o
LOAD ./system/src/cortexm/exception_handlers.o
LOAD ./system/src/cmsis/system_stm32f4xx.o
LOAD ./system/src/cmsis/vectors_stm32f401xc.o
LOAD ./src/App.o
LOAD ./src/DMA.o
LOAD ./src/ESP_program.o
LOAD ./src/Gpio.o
LOAD ./src/Nvic.o
LOAD ./src/RCC.o
LOAD ./src/UART_program.o
LOAD ./src/Usart.o
LOAD ./src/main.o
LOAD h:/iti/tourkey/arm/tools/arm gcc/bin/../lib/gcc/arm-none-eabi/5.4.1/../../../../arm-none-eabi/lib/armv7e-m\libstdc++_nano.a
LOAD h:/iti/tourkey/arm/tools/arm gcc/bin/../lib/gcc/arm-none-eabi/5.4.1/../../../../arm-none-eabi/lib/armv7e-m\libm.a
START GROUP
LOAD h:/iti/tourkey/arm/tools/arm gcc/bin/../lib/gcc/arm-none-eabi/5.4.1/armv7e-m\libgcc.a
LOAD h:/iti/tourkey/arm/tools/arm gcc/bin/../lib/gcc/arm-none-eabi/5.4.1/../../../../arm-none-eabi/lib/armv7e-m\libg_nano.a
LOAD h:/iti/tourkey/arm/tools/arm gcc/bin/../lib/gcc/arm-none-eabi/5.4.1/../../../../arm-none-eabi/lib/armv7e-m\libc_nano.a
END GROUP
START GROUP
LOAD h:/iti/tourkey/arm/tools/arm gcc/bin/../lib/gcc/arm-none-eabi/5.4.1/armv7e-m\libgcc.a
LOAD h:/iti/tourkey/arm/tools/arm gcc/bin/../lib/gcc/arm-none-eabi/5.4.1/../../../../arm-none-eabi/lib/armv7e-m\libc_nano.a
END GROUP
                0x20010000                __stack = (ORIGIN (RAM) + LENGTH (RAM))
                0x20010000                _estack = __stack
                0x00000400                __Main_Stack_Size = 0x400
                [!provide]                PROVIDE (_Main_Stack_Size, __Main_Stack_Size)
                0x2000fc00                __Main_Stack_Limit = (__stack - __Main_Stack_Size)
                [!provide]                PROVIDE (_Main_Stack_Limit, __Main_Stack_Limit)
                0x00000100                _Minimum_Stack_Size = 0x100
                0x20004fc8                PROVIDE (_Heap_Begin, _end_noinit)
                0x2000fc00                PROVIDE (_Heap_Limit, (__stack - __Main_Stack_Size))

.isr_vector     0x08000000      0x3f8
 FILL mask 0xff
                0x08000000                __vectors_start = ABSOLUTE (.)
                0x08000000                __vectors_start__ = ABSOLUTE (.)
 *(.isr_vector)
 .isr_vector    0x08000000      0x194 ./system/src/cmsis/vectors_stm32f401xc.o
                0x08000000                __isr_vectors
 *(.cfmconfig)
 *(.after_vectors .after_vectors.*)
 .after_vectors
                0x08000194      0x130 ./system/src/newlib/_startup.o
                0x08000194                _start
 .after_vectors
                0x080002c4      0x130 ./system/src/cortexm/exception_handlers.o
                0x080002c4                Reset_Handler
                0x080002cc                NMI_Handler
                0x080002d0                HardFault_Handler
                0x080002e4                HardFault_Handler_C
                0x08000344                MemManage_Handler
                0x08000348                BusFault_Handler
                0x0800035c                BusFault_Handler_C
                0x08000390                UsageFault_Handler
                0x080003a4                UsageFault_Handler_C
                0x080003d8                SVC_Handler
                0x080003dc                DebugMon_Handler
                0x080003e0                PendSV_Handler
                0x080003e4                SysTick_Handler
 .after_vectors
                0x080003f4        0x4 ./system/src/cmsis/vectors_stm32f401xc.o
                0x080003f4                RTC_Alarm_IRQHandler
                0x080003f4                EXTI2_IRQHandler
                0x080003f4                SPI4_IRQHandler
                0x080003f4                TIM1_CC_IRQHandler
                0x080003f4                PVD_IRQHandler
                0x080003f4                SDIO_IRQHandler
                0x080003f4                TAMP_STAMP_IRQHandler
                0x080003f4                EXTI3_IRQHandler
                0x080003f4                TIM1_UP_TIM10_IRQHandler
                0x080003f4                I2C3_ER_IRQHandler
                0x080003f4                EXTI0_IRQHandler
                0x080003f4                I2C2_EV_IRQHandler
                0x080003f4                FPU_IRQHandler
                0x080003f4                SPI1_IRQHandler
                0x080003f4                TIM1_BRK_TIM9_IRQHandler
                0x080003f4                USART6_IRQHandler
                0x080003f4                TIM4_IRQHandler
                0x080003f4                I2C1_EV_IRQHandler
                0x080003f4                TIM3_IRQHandler
                0x080003f4                RCC_IRQHandler
                0x080003f4                Default_Handler
                0x080003f4                EXTI15_10_IRQHandler
                0x080003f4                ADC_IRQHandler
                0x080003f4                TIM5_IRQHandler
                0x080003f4                I2C3_EV_IRQHandler
                0x080003f4                EXTI9_5_IRQHandler
                0x080003f4                RTC_WKUP_IRQHandler
                0x080003f4                SPI2_IRQHandler
                0x080003f4                EXTI4_IRQHandler
                0x080003f4                WWDG_IRQHandler
                0x080003f4                TIM2_IRQHandler
                0x080003f4                OTG_FS_WKUP_IRQHandler
                0x080003f4                TIM1_TRG_COM_TIM11_IRQHandler
                0x080003f4                EXTI1_IRQHandler
                0x080003f4                USART2_IRQHandler
                0x080003f4                I2C2_ER_IRQHandler
                0x080003f4                FLASH_IRQHandler
                0x080003f4                OTG_FS_IRQHandler
                0x080003f4                SPI3_IRQHandler
                0x080003f4                I2C1_ER_IRQHandler

.inits          0x080003f8       0x28
                0x080003f8                __data_regions_array_start = .
                0x080003f8        0x4 LONG 0x8002328 LOADADDR (.data)
                0x080003fc        0x4 LONG 0x20000000 ADDR (.data)
                0x08000400        0x4 LONG 0x2000007c (ADDR (.data) + SIZEOF (.data))
                0x08000404        0x4 LONG 0x8002328 LOADADDR (.data_CCMRAM)
                0x08000408        0x4 LONG 0x10000000 ADDR (.data_CCMRAM)
                0x0800040c        0x4 LONG 0x10000000 (ADDR (.data_CCMRAM) + SIZEOF (.data_CCMRAM))
                0x08000410                __data_regions_array_end = .
                0x08000410                __bss_regions_array_start = .
                0x08000410        0x4 LONG 0x2000007c ADDR (.bss)
                0x08000414        0x4 LONG 0x20004fc8 (ADDR (.bss) + SIZEOF (.bss))
                0x08000418        0x4 LONG 0x10000000 ADDR (.bss_CCMRAM)
                0x0800041c        0x4 LONG 0x10000000 (ADDR (.bss_CCMRAM) + SIZEOF (.bss_CCMRAM))
                0x08000420                __bss_regions_array_end = .
 *(.init)
 *(.fini)
                0x08000420                . = ALIGN (0x4)
                0x08000420                PROVIDE (__preinit_array_start, .)
 *(.preinit_array_sysinit .preinit_array_sysinit.*)
 *(.preinit_array_platform .preinit_array_platform.*)
 *(.preinit_array .preinit_array.*)
                0x08000420                PROVIDE (__preinit_array_end, .)
                0x08000420                . = ALIGN (0x4)
                0x08000420                PROVIDE (__init_array_start, .)
 *(SORT(.init_array.*))
 *(.init_array)
                0x08000420                PROVIDE (__init_array_end, .)
                0x08000420                . = ALIGN (0x4)
                0x08000420                PROVIDE (__fini_array_start, .)
 *(SORT(.fini_array.*))
 *(.fini_array)
                0x08000420                PROVIDE (__fini_array_end, .)

.flashtext
 *(.flashtext .flashtext.*)

.text           0x08000420     0x1f07
 *(.text .text.*)
 .text._exit    0x08000420        0x4 ./system/src/newlib/_exit.o
                0x08000420                _exit
 .text._sbrk    0x08000424       0x44 ./system/src/newlib/_sbrk.o
                0x08000424                _sbrk
 .text.__initialize_args
                0x08000468       0x10 ./system/src/newlib/_syscalls.o
                0x08000468                __initialize_args
 .text.trace_printf
                0x08000478       0x30 ./system/src/diag/Trace.o
                0x08000478                trace_printf
 .text._trace_write_semihosting_debug
                0x080004a8       0x64 ./system/src/diag/trace_impl.o
 .text.trace_write
                0x0800050c        0x8 ./system/src/diag/trace_impl.o
                0x0800050c                trace_write
 .text.__initialize_hardware_early
                0x08000514       0x18 ./system/src/cortexm/_initialize_hardware.o
                0x08000514                __initialize_hardware_early
 .text.__initialize_hardware
                0x0800052c        0x8 ./system/src/cortexm/_initialize_hardware.o
                0x0800052c                __initialize_hardware
 .text.dumpExceptionStack
                0x08000534       0xf0 ./system/src/cortexm/exception_handlers.o
                0x08000534                dumpExceptionStack
 .text.isSemihosting
                0x08000624       0x20 ./system/src/cortexm/exception_handlers.o
                0x08000624                isSemihosting
 .text.SystemInit
                0x08000644       0x40 ./system/src/cmsis/system_stm32f4xx.o
                0x08000644                SystemInit
 .text.SystemCoreClockUpdate
                0x08000684       0xa0 ./system/src/cmsis/system_stm32f4xx.o
                0x08000684                SystemCoreClockUpdate
 .text.getHex   0x08000724       0x24 ./src/App.o
 .text.ParseLine
                0x08000748      0x1d4 ./src/App.o
 .text.App_init
                0x0800091c       0xf4 ./src/App.o
                0x0800091c                App_init
 .text.App_start
                0x08000a10      0x290 ./src/App.o
                0x08000a10                App_start
 .text.DMA1_Stream0_IRQHandler
                0x08000ca0       0x10 ./src/DMA.o
                0x08000ca0                DMA1_Stream0_IRQHandler
 .text.DMA1_Stream1_IRQHandler
                0x08000cb0       0x10 ./src/DMA.o
                0x08000cb0                DMA1_Stream1_IRQHandler
 .text.DMA1_Stream2_IRQHandler
                0x08000cc0       0x10 ./src/DMA.o
                0x08000cc0                DMA1_Stream2_IRQHandler
 .text.DMA1_Stream3_IRQHandler
                0x08000cd0       0x10 ./src/DMA.o
                0x08000cd0                DMA1_Stream3_IRQHandler
 .text.DMA1_Stream4_IRQHandler
                0x08000ce0       0x10 ./src/DMA.o
                0x08000ce0                DMA1_Stream4_IRQHandler
 .text.DMA1_Stream5_IRQHandler
                0x08000cf0       0x10 ./src/DMA.o
                0x08000cf0                DMA1_Stream5_IRQHandler
 .text.DMA1_Stream6_IRQHandler
                0x08000d00       0x10 ./src/DMA.o
                0x08000d00                DMA1_Stream6_IRQHandler
 .text.DMA1_Stream7_IRQHandler
                0x08000d10       0x10 ./src/DMA.o
                0x08000d10                DMA1_Stream7_IRQHandler
 .text.DMA2_Stream0_IRQHandler
                0x08000d20       0x10 ./src/DMA.o
                0x08000d20                DMA2_Stream0_IRQHandler
 .text.DMA2_Stream1_IRQHandler
                0x08000d30       0x10 ./src/DMA.o
                0x08000d30                DMA2_Stream1_IRQHandler
 .text.DMA2_Stream2_IRQHandler
                0x08000d40       0x10 ./src/DMA.o
                0x08000d40                DMA2_Stream2_IRQHandler
 .text.DMA2_Stream3_IRQHandler
                0x08000d50       0x10 ./src/DMA.o
                0x08000d50                DMA2_Stream3_IRQHandler
 .text.DMA2_Stream4_IRQHandler
                0x08000d60       0x10 ./src/DMA.o
                0x08000d60                DMA2_Stream4_IRQHandler
 .text.DMA2_Stream5_IRQHandler
                0x08000d70       0x10 ./src/DMA.o
                0x08000d70                DMA2_Stream5_IRQHandler
 .text.DMA2_Stream6_IRQHandler
                0x08000d80       0x10 ./src/DMA.o
                0x08000d80                DMA2_Stream6_IRQHandler
 .text.DMA2_Stream7_IRQHandler
                0x08000d90       0x10 ./src/DMA.o
                0x08000d90                DMA2_Stream7_IRQHandler
 .text.u8ESPValidateCmd
                0x08000da0       0x80 ./src/ESP_program.o
 .text.ESP_GetDataOfHex
                0x08000e20       0x20 ./src/ESP_program.o
 .text.HESP_voidInit
                0x08000e40       0x30 ./src/ESP_program.o
                0x08000e40                HESP_voidInit
 .text.HESP_voidWifiConnect
                0x08000e70       0x40 ./src/ESP_program.o
                0x08000e70                HESP_voidWifiConnect
 .text.HESP_voidWifiServerUrlTCP
                0x08000eb0       0x40 ./src/ESP_program.o
                0x08000eb0                HESP_voidWifiServerUrlTCP
 .text.HESP_u8SendReceiveData
                0x08000ef0       0x7c ./src/ESP_program.o
                0x08000ef0                HESP_u8SendReceiveData
 .text.HESP_u8ReceiveData
                0x08000f6c       0x80 ./src/ESP_program.o
                0x08000f6c                HESP_u8ReceiveData
 .text.Gpio_Init_Pin
                0x08000fec       0x70 ./src/Gpio.o
                0x08000fec                Gpio_Init_Pin
 .text.Nvic_EnableIRQ
                0x0800105c       0x20 ./src/Nvic.o
                0x0800105c                Nvic_EnableIRQ
 .text.Control_Peripheral_Clk
                0x0800107c      0x418 ./src/RCC.o
                0x0800107c                Control_Peripheral_Clk
 .text.MUSART1_vidInit
                0x08001494       0x30 ./src/UART_program.o
                0x08001494                MUSART1_vidInit
 .text.MUSART1_vidSendSynch
                0x080014c4       0x28 ./src/UART_program.o
                0x080014c4                MUSART1_vidSendSynch
 .text.MUSART1_vidSendTextSynch
                0x080014ec       0x1c ./src/UART_program.o
                0x080014ec                MUSART1_vidSendTextSynch
 .text.MUSART1_vidReceiveSynch
                0x08001508       0x2c ./src/UART_program.o
                0x08001508                MUSART1_vidReceiveSynch
 .text.Usart_ClearTcSecunce
                0x08001534       0x18 ./src/Usart.o
 .text.Uart_Init
                0x0800154c       0xe8 ./src/Usart.o
                0x0800154c                Uart_Init
 .text.Uart_SendByte
                0x08001634       0x2c ./src/Usart.o
                0x08001634                Uart_SendByte
 .text.Uart_RxByte
                0x08001660       0x14 ./src/Usart.o
                0x08001660                Uart_RxByte
 .text.USART1_IRQHandler
                0x08001674       0x94 ./src/Usart.o
                0x08001674                USART1_IRQHandler
 .text.main     0x08001708        0xc ./src/main.o
                0x08001708                main
 .text.__errno  0x08001714        0xc h:/iti/tourkey/arm/tools/arm gcc/bin/../lib/gcc/arm-none-eabi/5.4.1/../../../../arm-none-eabi/lib/armv7e-m\libg_nano.a(lib_a-errno.o)
                0x08001714                __errno
 .text.memset   0x08001720       0x10 h:/iti/tourkey/arm/tools/arm gcc/bin/../lib/gcc/arm-none-eabi/5.4.1/../../../../arm-none-eabi/lib/armv7e-m\libg_nano.a(lib_a-memset.o)
                0x08001720                memset
 .text.sprintf  0x08001730       0x48 h:/iti/tourkey/arm/tools/arm gcc/bin/../lib/gcc/arm-none-eabi/5.4.1/../../../../arm-none-eabi/lib/armv7e-m\libg_nano.a(lib_a-sprintf.o)
                0x08001730                siprintf
                0x08001730                sprintf
 .text._vsnprintf_r
                0x08001778       0x56 h:/iti/tourkey/arm/tools/arm gcc/bin/../lib/gcc/arm-none-eabi/5.4.1/../../../../arm-none-eabi/lib/armv7e-m\libg_nano.a(lib_a-vsnprintf.o)
                0x08001778                _vsniprintf_r
                0x08001778                _vsnprintf_r
 *fill*         0x080017ce        0x2 
 .text.vsnprintf
                0x080017d0       0x1c h:/iti/tourkey/arm/tools/arm gcc/bin/../lib/gcc/arm-none-eabi/5.4.1/../../../../arm-none-eabi/lib/armv7e-m\libg_nano.a(lib_a-vsnprintf.o)
                0x080017d0                vsniprintf
                0x080017d0                vsnprintf
 .text.__ssputs_r
                0x080017ec       0xb2 h:/iti/tourkey/arm/tools/arm gcc/bin/../lib/gcc/arm-none-eabi/5.4.1/../../../../arm-none-eabi/lib/armv7e-m\libg_nano.a(lib_a-nano-svfprintf.o)
                0x080017ec                __ssputs_r
 *fill*         0x0800189e        0x2 
 .text._svfprintf_r
                0x080018a0      0x1e8 h:/iti/tourkey/arm/tools/arm gcc/bin/../lib/gcc/arm-none-eabi/5.4.1/../../../../arm-none-eabi/lib/armv7e-m\libg_nano.a(lib_a-nano-svfprintf.o)
                0x080018a0                _svfiprintf_r
                0x080018a0                _svfprintf_r
 .text._printf_common
                0x08001a88       0xec h:/iti/tourkey/arm/tools/arm gcc/bin/../lib/gcc/arm-none-eabi/5.4.1/../../../../arm-none-eabi/lib/armv7e-m\libg_nano.a(lib_a-nano-vfprintf_i.o)
                0x08001a88                _printf_common
 .text._printf_i
                0x08001b74      0x24c h:/iti/tourkey/arm/tools/arm gcc/bin/../lib/gcc/arm-none-eabi/5.4.1/../../../../arm-none-eabi/lib/armv7e-m\libg_nano.a(lib_a-nano-vfprintf_i.o)
                0x08001b74                _printf_i
 .text          0x08001dc0       0xa0 h:/iti/tourkey/arm/tools/arm gcc/bin/../lib/gcc/arm-none-eabi/5.4.1/../../../../arm-none-eabi/lib/armv7e-m\libg_nano.a(lib_a-memchr.o)
                0x08001dc0                memchr
 .text.memcpy   0x08001e60       0x16 h:/iti/tourkey/arm/tools/arm gcc/bin/../lib/gcc/arm-none-eabi/5.4.1/../../../../arm-none-eabi/lib/armv7e-m\libg_nano.a(lib_a-memcpy-stub.o)
                0x08001e60                memcpy
 .text.memmove  0x08001e76       0x36 h:/iti/tourkey/arm/tools/arm gcc/bin/../lib/gcc/arm-none-eabi/5.4.1/../../../../arm-none-eabi/lib/armv7e-m\libg_nano.a(lib_a-memmove.o)
                0x08001e76                memmove
 .text._free_r  0x08001eac       0x9c h:/iti/tourkey/arm/tools/arm gcc/bin/../lib/gcc/arm-none-eabi/5.4.1/../../../../arm-none-eabi/lib/armv7e-m\libg_nano.a(lib_a-nano-freer.o)
                0x08001eac                _free_r
 .text._malloc_r
                0x08001f48       0xbc h:/iti/tourkey/arm/tools/arm gcc/bin/../lib/gcc/arm-none-eabi/5.4.1/../../../../arm-none-eabi/lib/armv7e-m\libg_nano.a(lib_a-nano-mallocr.o)
                0x08001f48                _malloc_r
 .text._realloc_r
                0x08002004       0x4c h:/iti/tourkey/arm/tools/arm gcc/bin/../lib/gcc/arm-none-eabi/5.4.1/../../../../arm-none-eabi/lib/armv7e-m\libg_nano.a(lib_a-nano-reallocr.o)
                0x08002004                _realloc_r
 .text._sbrk_r  0x08002050       0x20 h:/iti/tourkey/arm/tools/arm gcc/bin/../lib/gcc/arm-none-eabi/5.4.1/../../../../arm-none-eabi/lib/armv7e-m\libg_nano.a(lib_a-sbrkr.o)
                0x08002050                _sbrk_r
 .text.__malloc_lock
                0x08002070        0x2 h:/iti/tourkey/arm/tools/arm gcc/bin/../lib/gcc/arm-none-eabi/5.4.1/../../../../arm-none-eabi/lib/armv7e-m\libg_nano.a(lib_a-mlock.o)
                0x08002070                __malloc_lock
 .text.__malloc_unlock
                0x08002072        0x2 h:/iti/tourkey/arm/tools/arm gcc/bin/../lib/gcc/arm-none-eabi/5.4.1/../../../../arm-none-eabi/lib/armv7e-m\libg_nano.a(lib_a-mlock.o)
                0x08002072                __malloc_unlock
 .text._malloc_usable_size_r
                0x08002074       0x14 h:/iti/tourkey/arm/tools/arm gcc/bin/../lib/gcc/arm-none-eabi/5.4.1/../../../../arm-none-eabi/lib/armv7e-m\libg_nano.a(lib_a-nano-msizer.o)
                0x08002074                _malloc_usable_size_r
 *(.rodata .rodata.* .constdata .constdata.*)
 .rodata.str1.4
                0x08002088      0x146 ./system/src/cortexm/exception_handlers.o
 *fill*         0x080021ce        0x2 
 .rodata.AHBPrescTable
                0x080021d0       0x10 ./system/src/cmsis/system_stm32f4xx.o
                0x080021d0                AHBPrescTable
 .rodata.str1.4
                0x080021e0       0xac ./src/App.o
 .rodata.str1.4
                0x0800228c       0x68 ./src/ESP_program.o
                                 0x6f (size before relaxing)
 .rodata.str1.1
                0x080022f4       0x11 h:/iti/tourkey/arm/tools/arm gcc/bin/../lib/gcc/arm-none-eabi/5.4.1/../../../../arm-none-eabi/lib/armv7e-m\libg_nano.a(lib_a-nano-svfprintf.o)
 .rodata.str1.1
                0x08002305       0x22 h:/iti/tourkey/arm/tools/arm gcc/bin/../lib/gcc/arm-none-eabi/5.4.1/../../../../arm-none-eabi/lib/armv7e-m\libg_nano.a(lib_a-nano-vfprintf_i.o)
 *(vtable)
 *(.eh_frame*)
 *(.glue_7)
 .glue_7        0x08002327        0x0 linker stubs
 *(.glue_7t)
 .glue_7t       0x08002327        0x0 linker stubs

.vfp11_veneer   0x08002328        0x0
 .vfp11_veneer  0x08002328        0x0 linker stubs

.v4_bx          0x08002328        0x0
 .v4_bx         0x08002328        0x0 linker stubs

.iplt           0x08002328        0x0
 .iplt          0x08002328        0x0 ./system/src/newlib/_cxx.o

.rel.dyn        0x08002328        0x0
 .rel.iplt      0x08002328        0x0 ./system/src/newlib/_cxx.o

.ARM.extab
 *(.ARM.extab* .gnu.linkonce.armextab.*)
                0x08002328                . = ALIGN (0x4)
                0x08002328                __exidx_start = .

.ARM.exidx
 *(.ARM.exidx* .gnu.linkonce.armexidx.*)
                0x08002328                __exidx_end = .
                0x08002328                . = ALIGN (0x4)
                0x08002328                _etext = .
                0x08002328                __etext = .

.data_CCMRAM    0x10000000        0x0 load address 0x08002328
 FILL mask 0xff
 *(.data.CCMRAM .data.CCMRAM.*)
                0x10000000                . = ALIGN (0x4)
                0x08002328                _sidata = LOADADDR (.data)

.data           0x20000000       0x7c load address 0x08002328
 FILL mask 0xff
                0x20000000                _sdata = .
                0x20000000                __data_start__ = .
 *(.data_begin .data_begin.*)
 .data_begin    0x20000000        0x4 ./system/src/newlib/_startup.o
 *(.data .data.*)
 .data.argv.4290
                0x20000004        0x8 ./system/src/newlib/_syscalls.o
 .data.SystemCoreClock
                0x2000000c        0x4 ./system/src/cmsis/system_stm32f4xx.o
                0x2000000c                SystemCoreClock
 .data.NVIC_ISER
                0x20000010        0x4 ./src/Nvic.o
                0x20000010                NVIC_ISER
 .data.impure_data
                0x20000014       0x60 h:/iti/tourkey/arm/tools/arm gcc/bin/../lib/gcc/arm-none-eabi/5.4.1/../../../../arm-none-eabi/lib/armv7e-m\libg_nano.a(lib_a-impure.o)
 .data._impure_ptr
                0x20000074        0x4 h:/iti/tourkey/arm/tools/arm gcc/bin/../lib/gcc/arm-none-eabi/5.4.1/../../../../arm-none-eabi/lib/armv7e-m\libg_nano.a(lib_a-impure.o)
                0x20000074                _impure_ptr
 *(.data_end .data_end.*)
 .data_end      0x20000078        0x4 ./system/src/newlib/_startup.o
                0x2000007c                . = ALIGN (0x4)
                0x2000007c                _edata = .
                0x2000007c                __data_end__ = .

.igot.plt       0x2000007c        0x0 load address 0x080023a4
 .igot.plt      0x2000007c        0x0 ./system/src/newlib/_cxx.o

.bss_CCMRAM     0x10000000        0x0
 *(.bss.CCMRAM .bss.CCMRAM.*)

.bss            0x2000007c     0x4f4c
                0x2000007c                __bss_start__ = .
                0x2000007c                _sbss = .
 *(.bss_begin .bss_begin.*)
 .bss_begin     0x2000007c        0x4 ./system/src/newlib/_startup.o
 *(.bss .bss.*)
 .bss.current_heap_end.3974
                0x20000080        0x4 ./system/src/newlib/_sbrk.o
 .bss.name.4289
                0x20000084        0x1 ./system/src/newlib/_syscalls.o
 *fill*         0x20000085        0x3 
 .bss.buf.5179  0x20000088       0x80 ./system/src/diag/Trace.o
 .bss.First_Line.4499
                0x20000108        0x1 ./src/App.o
 *fill*         0x20000109        0x1 
 .bss.Counter.4498
                0x2000010a        0x2 ./src/App.o
 .bss.DmaStreamCbf
                0x2000010c       0x3c ./src/DMA.o
 .bss.Glop_TxCompleteCpf1
                0x20000148        0x4 ./src/Usart.o
 .bss.Glop_Uart1
                0x2000014c        0x4 ./src/Usart.o
 .bss.Glop_RxCompleteCpf1
                0x20000150        0x4 ./src/Usart.o
 .bss.__malloc_sbrk_start
                0x20000154        0x4 h:/iti/tourkey/arm/tools/arm gcc/bin/../lib/gcc/arm-none-eabi/5.4.1/../../../../arm-none-eabi/lib/armv7e-m\libg_nano.a(lib_a-nano-mallocr.o)
                0x20000154                __malloc_sbrk_start
 .bss.__malloc_free_list
                0x20000158        0x4 h:/iti/tourkey/arm/tools/arm gcc/bin/../lib/gcc/arm-none-eabi/5.4.1/../../../../arm-none-eabi/lib/armv7e-m\libg_nano.a(lib_a-nano-mallocr.o)
                0x20000158                __malloc_free_list
 *(COMMON)
 COMMON         0x2000015c        0x4 ./system/src/newlib/_syscalls.o
                0x2000015c                errno
 COMMON         0x20000160     0x4e60 ./src/App.o
                0x20000160                AppEntryPoint
                0x20000164                AppFirstAdd
                0x20000168                Loc_uart6
                0x2000019c                AppSize
                0x200001a0                Hex_file
 COMMON         0x20004fc0        0x1 ./src/ESP_program.o
                0x20004fc0                Global_u8Action
 *(.bss_end .bss_end.*)
 *fill*         0x20004fc1        0x3 
 .bss_end       0x20004fc4        0x4 ./system/src/newlib/_startup.o
                0x20004fc8                . = ALIGN (0x4)
                0x20004fc8                __bss_end__ = .
                0x20004fc8                _ebss = .

.noinit_CCMRAM
 *(.noinit.CCMRAM .noinit.CCMRAM.*)

.noinit         0x20004fc8        0x0
                0x20004fc8                _noinit = .
 *(.noinit .noinit.*)
                0x20004fc8                . = ALIGN (0x4)
                0x20004fc8                _end_noinit = .
                [!provide]                PROVIDE (end, _end_noinit)
                [!provide]                PROVIDE (_end, _end_noinit)
                [!provide]                PROVIDE (__end, _end_noinit)
                [!provide]                PROVIDE (__end__, _end_noinit)

._check_stack   0x20004fc8      0x100
                0x200050c8                . = (. + _Minimum_Stack_Size)
 *fill*         0x20004fc8      0x100 

.b1text
 *(.b1text)
 *(.b1rodata)
 *(.b1rodata.*)

.eb0text
 *(.eb0text)
 *(.eb0rodata)
 *(.eb0rodata.*)

.eb1text
 *(.eb1text)
 *(.eb1rodata)
 *(.eb1rodata.*)

.eb2text
 *(.eb2text)
 *(.eb2rodata)
 *(.eb2rodata.*)

.eb3text
 *(.eb3text)
 *(.eb3rodata)
 *(.eb3rodata.*)

.stab
 *(.stab)

.stabstr
 *(.stabstr)

.stab.excl
 *(.stab.excl)

.stab.exclstr
 *(.stab.exclstr)

.stab.index
 *(.stab.index)

.stab.indexstr
 *(.stab.indexstr)

.comment        0x00000000       0x6e
 *(.comment)
 .comment       0x00000000       0x6e ./system/src/newlib/_exit.o
                                 0x6f (size before relaxing)
 .comment       0x0000006e       0x6f ./system/src/newlib/_sbrk.o
 .comment       0x0000006e       0x6f ./system/src/newlib/_startup.o
 .comment       0x0000006e       0x6f ./system/src/newlib/_syscalls.o
 .comment       0x0000006e       0x6f ./system/src/diag/Trace.o
 .comment       0x0000006e       0x6f ./system/src/diag/trace_impl.o
 .comment       0x0000006e       0x6f ./system/src/cortexm/_initialize_hardware.o
 .comment       0x0000006e       0x6f ./system/src/cortexm/exception_handlers.o
 .comment       0x0000006e       0x6f ./system/src/cmsis/system_stm32f4xx.o
 .comment       0x0000006e       0x6f ./system/src/cmsis/vectors_stm32f401xc.o
 .comment       0x0000006e       0x6f ./src/App.o
 .comment       0x0000006e       0x6f ./src/DMA.o
 .comment       0x0000006e       0x6f ./src/ESP_program.o
 .comment       0x0000006e       0x6f ./src/Gpio.o
 .comment       0x0000006e       0x6f ./src/Nvic.o
 .comment       0x0000006e       0x6f ./src/RCC.o
 .comment       0x0000006e       0x6f ./src/UART_program.o
 .comment       0x0000006e       0x6f ./src/Usart.o
 .comment       0x0000006e       0x6f ./src/main.o

.ARM.attributes
                0x00000000       0x31
 .ARM.attributes
                0x00000000       0x33 ./system/src/newlib/_exit.o
 .ARM.attributes
                0x00000033       0x33 ./system/src/newlib/_sbrk.o
 .ARM.attributes
                0x00000066       0x33 ./system/src/newlib/_startup.o
 .ARM.attributes
                0x00000099       0x33 ./system/src/newlib/_syscalls.o
 .ARM.attributes
                0x000000cc       0x33 ./system/src/diag/Trace.o
 .ARM.attributes
                0x000000ff       0x33 ./system/src/diag/trace_impl.o
 .ARM.attributes
                0x00000132       0x33 ./system/src/cortexm/_initialize_hardware.o
 .ARM.attributes
                0x00000165       0x33 ./system/src/cortexm/exception_handlers.o
 .ARM.attributes
                0x00000198       0x33 ./system/src/cmsis/system_stm32f4xx.o
 .ARM.attributes
                0x000001cb       0x33 ./system/src/cmsis/vectors_stm32f401xc.o
 .ARM.attributes
                0x000001fe       0x33 ./src/App.o
 .ARM.attributes
                0x00000231       0x33 ./src/DMA.o
 .ARM.attributes
                0x00000264       0x33 ./src/ESP_program.o
 .ARM.attributes
                0x00000297       0x33 ./src/Gpio.o
 .ARM.attributes
                0x000002ca       0x33 ./src/Nvic.o
 .ARM.attributes
                0x000002fd       0x33 ./src/RCC.o
 .ARM.attributes
                0x00000330       0x33 ./src/UART_program.o
 .ARM.attributes
                0x00000363       0x33 ./src/Usart.o
 .ARM.attributes
                0x00000396       0x33 ./src/main.o
 .ARM.attributes
                0x000003c9       0x2e h:/iti/tourkey/arm/tools/arm gcc/bin/../lib/gcc/arm-none-eabi/5.4.1/../../../../arm-none-eabi/lib/armv7e-m\libg_nano.a(lib_a-errno.o)
 .ARM.attributes
                0x000003f7       0x2e h:/iti/tourkey/arm/tools/arm gcc/bin/../lib/gcc/arm-none-eabi/5.4.1/../../../../arm-none-eabi/lib/armv7e-m\libg_nano.a(lib_a-impure.o)
 .ARM.attributes
                0x00000425       0x2e h:/iti/tourkey/arm/tools/arm gcc/bin/../lib/gcc/arm-none-eabi/5.4.1/../../../../arm-none-eabi/lib/armv7e-m\libg_nano.a(lib_a-memset.o)
 .ARM.attributes
                0x00000453       0x2e h:/iti/tourkey/arm/tools/arm gcc/bin/../lib/gcc/arm-none-eabi/5.4.1/../../../../arm-none-eabi/lib/armv7e-m\libg_nano.a(lib_a-sprintf.o)
 .ARM.attributes
                0x00000481       0x2e h:/iti/tourkey/arm/tools/arm gcc/bin/../lib/gcc/arm-none-eabi/5.4.1/../../../../arm-none-eabi/lib/armv7e-m\libg_nano.a(lib_a-vsnprintf.o)
 .ARM.attributes
                0x000004af       0x2e h:/iti/tourkey/arm/tools/arm gcc/bin/../lib/gcc/arm-none-eabi/5.4.1/../../../../arm-none-eabi/lib/armv7e-m\libg_nano.a(lib_a-nano-svfprintf.o)
 .ARM.attributes
                0x000004dd       0x2e h:/iti/tourkey/arm/tools/arm gcc/bin/../lib/gcc/arm-none-eabi/5.4.1/../../../../arm-none-eabi/lib/armv7e-m\libg_nano.a(lib_a-nano-vfprintf_i.o)
 .ARM.attributes
                0x0000050b       0x1c h:/iti/tourkey/arm/tools/arm gcc/bin/../lib/gcc/arm-none-eabi/5.4.1/../../../../arm-none-eabi/lib/armv7e-m\libg_nano.a(lib_a-memchr.o)
 .ARM.attributes
                0x00000527       0x2e h:/iti/tourkey/arm/tools/arm gcc/bin/../lib/gcc/arm-none-eabi/5.4.1/../../../../arm-none-eabi/lib/armv7e-m\libg_nano.a(lib_a-memcpy-stub.o)
 .ARM.attributes
                0x00000555       0x2e h:/iti/tourkey/arm/tools/arm gcc/bin/../lib/gcc/arm-none-eabi/5.4.1/../../../../arm-none-eabi/lib/armv7e-m\libg_nano.a(lib_a-memmove.o)
 .ARM.attributes
                0x00000583       0x2e h:/iti/tourkey/arm/tools/arm gcc/bin/../lib/gcc/arm-none-eabi/5.4.1/../../../../arm-none-eabi/lib/armv7e-m\libg_nano.a(lib_a-nano-freer.o)
 .ARM.attributes
                0x000005b1       0x2e h:/iti/tourkey/arm/tools/arm gcc/bin/../lib/gcc/arm-none-eabi/5.4.1/../../../../arm-none-eabi/lib/armv7e-m\libg_nano.a(lib_a-nano-mallocr.o)
 .ARM.attributes
                0x000005df       0x2e h:/iti/tourkey/arm/tools/arm gcc/bin/../lib/gcc/arm-none-eabi/5.4.1/../../../../arm-none-eabi/lib/armv7e-m\libg_nano.a(lib_a-nano-reallocr.o)
 .ARM.attributes
                0x0000060d       0x2e h:/iti/tourkey/arm/tools/arm gcc/bin/../lib/gcc/arm-none-eabi/5.4.1/../../../../arm-none-eabi/lib/armv7e-m\libg_nano.a(lib_a-sbrkr.o)
 .ARM.attributes
                0x0000063b       0x2e h:/iti/tourkey/arm/tools/arm gcc/bin/../lib/gcc/arm-none-eabi/5.4.1/../../../../arm-none-eabi/lib/armv7e-m\libg_nano.a(lib_a-mlock.o)
 .ARM.attributes
                0x00000669       0x2e h:/iti/tourkey/arm/tools/arm gcc/bin/../lib/gcc/arm-none-eabi/5.4.1/../../../../arm-none-eabi/lib/armv7e-m\libg_nano.a(lib_a-nano-msizer.o)

.debug
 *(.debug)

.line
 *(.line)

.debug_srcinfo
 *(.debug_srcinfo)

.debug_sfnames
 *(.debug_sfnames)

.debug_aranges  0x00000000      0x520
 *(.debug_aranges)
 .debug_aranges
                0x00000000       0x28 ./system/src/newlib/_exit.o
 .debug_aranges
                0x00000028       0x20 ./system/src/newlib/_sbrk.o
 .debug_aranges
                0x00000048       0x40 ./system/src/newlib/_startup.o
 .debug_aranges
                0x00000088       0x30 ./system/src/newlib/_syscalls.o
 .debug_aranges
                0x000000b8       0x38 ./system/src/diag/Trace.o
 .debug_aranges
                0x000000f0       0x30 ./system/src/diag/trace_impl.o
 .debug_aranges
                0x00000120       0x28 ./system/src/cortexm/_initialize_hardware.o
 .debug_aranges
                0x00000148       0x90 ./system/src/cortexm/exception_handlers.o
 .debug_aranges
                0x000001d8       0x28 ./system/src/cmsis/system_stm32f4xx.o
 .debug_aranges
                0x00000200       0x20 ./system/src/cmsis/vectors_stm32f401xc.o
 .debug_aranges
                0x00000220       0x38 ./src/App.o
 .debug_aranges
                0x00000258       0xb0 ./src/DMA.o
 .debug_aranges
                0x00000308       0x50 ./src/ESP_program.o
 .debug_aranges
                0x00000358       0x30 ./src/Gpio.o
 .debug_aranges
                0x00000388       0x88 ./src/Nvic.o
 .debug_aranges
                0x00000410       0x50 ./src/RCC.o
 .debug_aranges
                0x00000460       0x38 ./src/UART_program.o
 .debug_aranges
                0x00000498       0x68 ./src/Usart.o
 .debug_aranges
                0x00000500       0x20 ./src/main.o

.debug_pubnames
 *(.debug_pubnames)

.debug_info     0x00000000     0x48c5
 *(.debug_info .gnu.linkonce.wi.*)
 .debug_info    0x00000000       0xef ./system/src/newlib/_exit.o
 .debug_info    0x000000ef      0x11f ./system/src/newlib/_sbrk.o
 .debug_info    0x0000020e      0x4f2 ./system/src/newlib/_startup.o
 .debug_info    0x00000700      0x1c7 ./system/src/newlib/_syscalls.o
 .debug_info    0x000008c7      0x2e7 ./system/src/diag/Trace.o
 .debug_info    0x00000bae      0x30b ./system/src/diag/trace_impl.o
 .debug_info    0x00000eb9      0x2bf ./system/src/cortexm/_initialize_hardware.o
 .debug_info    0x00001178      0x8f4 ./system/src/cortexm/exception_handlers.o
 .debug_info    0x00001a6c      0x4e3 ./system/src/cmsis/system_stm32f4xx.o
 .debug_info    0x00001f4f       0xd1 ./system/src/cmsis/vectors_stm32f401xc.o
 .debug_info    0x00002020      0xa6d ./src/App.o
 .debug_info    0x00002a8d      0x4ab ./src/DMA.o
 .debug_info    0x00002f38      0x66f ./src/ESP_program.o
 .debug_info    0x000035a7      0x2c0 ./src/Gpio.o
 .debug_info    0x00003867      0x3cb ./src/Nvic.o
 .debug_info    0x00003c32      0x35f ./src/RCC.o
 .debug_info    0x00003f91      0x1c5 ./src/UART_program.o
 .debug_info    0x00004156      0x707 ./src/Usart.o
 .debug_info    0x0000485d       0x68 ./src/main.o

.debug_abbrev   0x00000000     0x16c8
 *(.debug_abbrev)
 .debug_abbrev  0x00000000       0x8e ./system/src/newlib/_exit.o
 .debug_abbrev  0x0000008e       0xb9 ./system/src/newlib/_sbrk.o
 .debug_abbrev  0x00000147      0x1b6 ./system/src/newlib/_startup.o
 .debug_abbrev  0x000002fd       0xec ./system/src/newlib/_syscalls.o
 .debug_abbrev  0x000003e9      0x156 ./system/src/diag/Trace.o
 .debug_abbrev  0x0000053f      0x1c8 ./system/src/diag/trace_impl.o
 .debug_abbrev  0x00000707       0xea ./system/src/cortexm/_initialize_hardware.o
 .debug_abbrev  0x000007f1      0x247 ./system/src/cortexm/exception_handlers.o
 .debug_abbrev  0x00000a38      0x104 ./system/src/cmsis/system_stm32f4xx.o
 .debug_abbrev  0x00000b3c       0x9d ./system/src/cmsis/vectors_stm32f401xc.o
 .debug_abbrev  0x00000bd9      0x21e ./src/App.o
 .debug_abbrev  0x00000df7      0x132 ./src/DMA.o
 .debug_abbrev  0x00000f29      0x171 ./src/ESP_program.o
 .debug_abbrev  0x0000109a      0x107 ./src/Gpio.o
 .debug_abbrev  0x000011a1       0xfc ./src/Nvic.o
 .debug_abbrev  0x0000129d      0x147 ./src/RCC.o
 .debug_abbrev  0x000013e4      0x104 ./src/UART_program.o
 .debug_abbrev  0x000014e8      0x193 ./src/Usart.o
 .debug_abbrev  0x0000167b       0x4d ./src/main.o

.debug_line     0x00000000     0x522e
 *(.debug_line)
 .debug_line    0x00000000      0x2dd ./system/src/newlib/_exit.o
 .debug_line    0x000002dd      0x28e ./system/src/newlib/_sbrk.o
 .debug_line    0x0000056b      0x356 ./system/src/newlib/_startup.o
 .debug_line    0x000008c1      0x391 ./system/src/newlib/_syscalls.o
 .debug_line    0x00000c52      0x34b ./system/src/diag/Trace.o
 .debug_line    0x00000f9d      0xa4a ./system/src/diag/trace_impl.o
 .debug_line    0x000019e7      0x9b2 ./system/src/cortexm/_initialize_hardware.o
 .debug_line    0x00002399      0xae8 ./system/src/cortexm/exception_handlers.o
 .debug_line    0x00002e81      0x9b2 ./system/src/cmsis/system_stm32f4xx.o
 .debug_line    0x00003833       0xed ./system/src/cmsis/vectors_stm32f401xc.o
 .debug_line    0x00003920      0x483 ./src/App.o
 .debug_line    0x00003da3      0x457 ./src/DMA.o
 .debug_line    0x000041fa      0x42d ./src/ESP_program.o
 .debug_line    0x00004627       0xb7 ./src/Gpio.o
 .debug_line    0x000046de      0x159 ./src/Nvic.o
 .debug_line    0x00004837      0x209 ./src/RCC.o
 .debug_line    0x00004a40      0x33d ./src/UART_program.o
 .debug_line    0x00004d7d      0x45e ./src/Usart.o
 .debug_line    0x000051db       0x53 ./src/main.o

.debug_frame    0x00000000      0xe58
 *(.debug_frame)
 .debug_frame   0x00000000       0x38 ./system/src/newlib/_exit.o
 .debug_frame   0x00000038       0x28 ./system/src/newlib/_sbrk.o
 .debug_frame   0x00000060       0x7c ./system/src/newlib/_startup.o
 .debug_frame   0x000000dc       0x50 ./system/src/newlib/_syscalls.o
 .debug_frame   0x0000012c       0x94 ./system/src/diag/Trace.o
 .debug_frame   0x000001c0       0x60 ./system/src/diag/trace_impl.o
 .debug_frame   0x00000220       0x40 ./system/src/cortexm/_initialize_hardware.o
 .debug_frame   0x00000260      0x158 ./system/src/cortexm/exception_handlers.o
 .debug_frame   0x000003b8       0x30 ./system/src/cmsis/system_stm32f4xx.o
 .debug_frame   0x000003e8       0x20 ./system/src/cmsis/vectors_stm32f401xc.o
 .debug_frame   0x00000408       0x94 ./src/App.o
 .debug_frame   0x0000049c      0x1f4 ./src/DMA.o
 .debug_frame   0x00000690       0xe0 ./src/ESP_program.o
 .debug_frame   0x00000770       0x5c ./src/Gpio.o
 .debug_frame   0x000007cc       0xf0 ./src/Nvic.o
 .debug_frame   0x000008bc       0xac ./src/RCC.o
 .debug_frame   0x00000968       0x5c ./src/UART_program.o
 .debug_frame   0x000009c4      0x118 ./src/Usart.o
 .debug_frame   0x00000adc       0x28 ./src/main.o
 .debug_frame   0x00000b04       0x20 h:/iti/tourkey/arm/tools/arm gcc/bin/../lib/gcc/arm-none-eabi/5.4.1/../../../../arm-none-eabi/lib/armv7e-m\libg_nano.a(lib_a-errno.o)
 .debug_frame   0x00000b24       0x20 h:/iti/tourkey/arm/tools/arm gcc/bin/../lib/gcc/arm-none-eabi/5.4.1/../../../../arm-none-eabi/lib/armv7e-m\libg_nano.a(lib_a-memset.o)
 .debug_frame   0x00000b44       0x70 h:/iti/tourkey/arm/tools/arm gcc/bin/../lib/gcc/arm-none-eabi/5.4.1/../../../../arm-none-eabi/lib/armv7e-m\libg_nano.a(lib_a-sprintf.o)
 .debug_frame   0x00000bb4       0x48 h:/iti/tourkey/arm/tools/arm gcc/bin/../lib/gcc/arm-none-eabi/5.4.1/../../../../arm-none-eabi/lib/armv7e-m\libg_nano.a(lib_a-vsnprintf.o)
 .debug_frame   0x00000bfc       0x90 h:/iti/tourkey/arm/tools/arm gcc/bin/../lib/gcc/arm-none-eabi/5.4.1/../../../../arm-none-eabi/lib/armv7e-m\libg_nano.a(lib_a-nano-svfprintf.o)
 .debug_frame   0x00000c8c       0x60 h:/iti/tourkey/arm/tools/arm gcc/bin/../lib/gcc/arm-none-eabi/5.4.1/../../../../arm-none-eabi/lib/armv7e-m\libg_nano.a(lib_a-nano-vfprintf_i.o)
 .debug_frame   0x00000cec       0x28 h:/iti/tourkey/arm/tools/arm gcc/bin/../lib/gcc/arm-none-eabi/5.4.1/../../../../arm-none-eabi/lib/armv7e-m\libg_nano.a(lib_a-memcpy-stub.o)
 .debug_frame   0x00000d14       0x28 h:/iti/tourkey/arm/tools/arm gcc/bin/../lib/gcc/arm-none-eabi/5.4.1/../../../../arm-none-eabi/lib/armv7e-m\libg_nano.a(lib_a-memmove.o)
 .debug_frame   0x00000d3c       0x38 h:/iti/tourkey/arm/tools/arm gcc/bin/../lib/gcc/arm-none-eabi/5.4.1/../../../../arm-none-eabi/lib/armv7e-m\libg_nano.a(lib_a-nano-freer.o)
 .debug_frame   0x00000d74       0x2c h:/iti/tourkey/arm/tools/arm gcc/bin/../lib/gcc/arm-none-eabi/5.4.1/../../../../arm-none-eabi/lib/armv7e-m\libg_nano.a(lib_a-nano-mallocr.o)
 .debug_frame   0x00000da0       0x3c h:/iti/tourkey/arm/tools/arm gcc/bin/../lib/gcc/arm-none-eabi/5.4.1/../../../../arm-none-eabi/lib/armv7e-m\libg_nano.a(lib_a-nano-reallocr.o)
 .debug_frame   0x00000ddc       0x2c h:/iti/tourkey/arm/tools/arm gcc/bin/../lib/gcc/arm-none-eabi/5.4.1/../../../../arm-none-eabi/lib/armv7e-m\libg_nano.a(lib_a-sbrkr.o)
 .debug_frame   0x00000e08       0x30 h:/iti/tourkey/arm/tools/arm gcc/bin/../lib/gcc/arm-none-eabi/5.4.1/../../../../arm-none-eabi/lib/armv7e-m\libg_nano.a(lib_a-mlock.o)
 .debug_frame   0x00000e38       0x20 h:/iti/tourkey/arm/tools/arm gcc/bin/../lib/gcc/arm-none-eabi/5.4.1/../../../../arm-none-eabi/lib/armv7e-m\libg_nano.a(lib_a-nano-msizer.o)

.debug_str      0x00000000    0x744aa
 *(.debug_str)
 .debug_str     0x00000000     0x6d57 ./system/src/newlib/_exit.o
                               0x6ec9 (size before relaxing)
 .debug_str     0x00006d57      0x4de ./system/src/newlib/_sbrk.o
                               0x62b4 (size before relaxing)
 .debug_str     0x00007235      0xc20 ./system/src/newlib/_startup.o
                               0x5ecf (size before relaxing)
 .debug_str     0x00007e55      0xe18 ./system/src/newlib/_syscalls.o
                               0x7114 (size before relaxing)
 .debug_str     0x00008c6d      0x890 ./system/src/diag/Trace.o
                               0x76b9 (size before relaxing)
 .debug_str     0x000094fd    0x67a24 ./system/src/diag/trace_impl.o
                              0x6f9cf (size before relaxing)
 .debug_str     0x00070f21       0xbc ./system/src/cortexm/_initialize_hardware.o
                              0x6e7b0 (size before relaxing)
 .debug_str     0x00070fdd      0x1a6 ./system/src/cortexm/exception_handlers.o
                              0x6fb59 (size before relaxing)
 .debug_str     0x00071183      0x174 ./system/src/cmsis/system_stm32f4xx.o
                              0x6e8a1 (size before relaxing)
 .debug_str     0x000712f7       0x59 ./system/src/cmsis/vectors_stm32f401xc.o
                               0x3086 (size before relaxing)
 .debug_str     0x00071350     0x222f ./src/App.o
                               0x8e26 (size before relaxing)
 .debug_str     0x0007357f      0x48f ./src/DMA.o
                               0x825c (size before relaxing)
 .debug_str     0x00073a0e      0x13e ./src/ESP_program.o
                               0x7982 (size before relaxing)
 .debug_str     0x00073b4c       0xc6 ./src/Gpio.o
                               0x2c1a (size before relaxing)
 .debug_str     0x00073c12      0x22b ./src/Nvic.o
                               0x344e (size before relaxing)
 .debug_str     0x00073e3d      0x236 ./src/RCC.o
                               0x3003 (size before relaxing)
 .debug_str     0x00074073      0x1c9 ./src/UART_program.o
                               0x6661 (size before relaxing)
 .debug_str     0x0007423c      0x260 ./src/Usart.o
                               0x849d (size before relaxing)
 .debug_str     0x0007449c        0xe ./src/main.o
                               0x2558 (size before relaxing)

.debug_loc      0x00000000     0x25d5
 *(.debug_loc)
 .debug_loc     0x00000000       0x82 ./system/src/newlib/_sbrk.o
 .debug_loc     0x00000082      0x36e ./system/src/newlib/_startup.o
 .debug_loc     0x000003f0       0x63 ./system/src/newlib/_syscalls.o
 .debug_loc     0x00000453      0x102 ./system/src/diag/Trace.o
 .debug_loc     0x00000555      0x17c ./system/src/diag/trace_impl.o
 .debug_loc     0x000006d1      0x2a8 ./system/src/cortexm/exception_handlers.o
 .debug_loc     0x00000979      0x132 ./system/src/cmsis/system_stm32f4xx.o
 .debug_loc     0x00000aab      0x24a ./src/App.o
 .debug_loc     0x00000cf5      0x1e7 ./src/DMA.o
 .debug_loc     0x00000edc      0x37e ./src/ESP_program.o
 .debug_loc     0x0000125a      0x2ea ./src/Gpio.o
 .debug_loc     0x00001544      0x209 ./src/Nvic.o
 .debug_loc     0x0000174d      0x73b ./src/RCC.o
 .debug_loc     0x00001e88       0x67 ./src/UART_program.o
 .debug_loc     0x00001eef      0x6e6 ./src/Usart.o

.debug_macinfo
 *(.debug_macinfo)

.debug_weaknames
 *(.debug_weaknames)

.debug_funcnames
 *(.debug_funcnames)

.debug_typenames
 *(.debug_typenames)

.debug_varnames
 *(.debug_varnames)
OUTPUT(Wifi_v6.elf elf32-littlearm)

.debug_ranges   0x00000000      0x450
 .debug_ranges  0x00000000       0x18 ./system/src/newlib/_exit.o
 .debug_ranges  0x00000018       0x10 ./system/src/newlib/_sbrk.o
 .debug_ranges  0x00000028       0x30 ./system/src/newlib/_startup.o
 .debug_ranges  0x00000058       0x20 ./system/src/newlib/_syscalls.o
 .debug_ranges  0x00000078       0x28 ./system/src/diag/Trace.o
 .debug_ranges  0x000000a0       0x38 ./system/src/diag/trace_impl.o
 .debug_ranges  0x000000d8       0x18 ./system/src/cortexm/_initialize_hardware.o
 .debug_ranges  0x000000f0       0x98 ./system/src/cortexm/exception_handlers.o
 .debug_ranges  0x00000188       0x18 ./system/src/cmsis/system_stm32f4xx.o
 .debug_ranges  0x000001a0       0x10 ./system/src/cmsis/vectors_stm32f401xc.o
 .debug_ranges  0x000001b0       0x40 ./src/App.o
 .debug_ranges  0x000001f0       0xa0 ./src/DMA.o
 .debug_ranges  0x00000290       0x58 ./src/ESP_program.o
 .debug_ranges  0x000002e8       0x20 ./src/Gpio.o
 .debug_ranges  0x00000308       0x78 ./src/Nvic.o
 .debug_ranges  0x00000380       0x40 ./src/RCC.o
 .debug_ranges  0x000003c0       0x28 ./src/UART_program.o
 .debug_ranges  0x000003e8       0x58 ./src/Usart.o
 .debug_ranges  0x00000440       0x10 ./src/main.o

.debug_macro    0x00000000    0x14063
 .debug_macro   0x00000000      0x19c ./system/src/newlib/_exit.o
 .debug_macro   0x0000019c      0x898 ./system/src/newlib/_exit.o
 .debug_macro   0x00000a34       0x9c ./system/src/newlib/_exit.o
 .debug_macro   0x00000ad0      0x10e ./system/src/newlib/_exit.o
 .debug_macro   0x00000bde       0x8d ./system/src/newlib/_exit.o
 .debug_macro   0x00000c6b       0x43 ./system/src/newlib/_exit.o
 .debug_macro   0x00000cae      0x30d ./system/src/newlib/_exit.o
 .debug_macro   0x00000fbb       0x35 ./system/src/newlib/_exit.o
 .debug_macro   0x00000ff0      0x151 ./system/src/newlib/_sbrk.o
 .debug_macro   0x00001141      0x174 ./system/src/newlib/_sbrk.o
 .debug_macro   0x000012b5       0x10 ./system/src/newlib/_sbrk.o
 .debug_macro   0x000012c5      0x23b ./system/src/newlib/_sbrk.o
 .debug_macro   0x00001500      0x15b ./system/src/newlib/_startup.o
 .debug_macro   0x0000165b      0x89e ./system/src/newlib/_startup.o
 .debug_macro   0x00001ef9      0x34e ./system/src/newlib/_startup.o
 .debug_macro   0x00002247      0x1ff ./system/src/newlib/_syscalls.o
 .debug_macro   0x00002446       0x1c ./system/src/newlib/_syscalls.o
 .debug_macro   0x00002462       0x10 ./system/src/newlib/_syscalls.o
 .debug_macro   0x00002472       0x10 ./system/src/newlib/_syscalls.o
 .debug_macro   0x00002482       0x10 ./system/src/newlib/_syscalls.o
 .debug_macro   0x00002492       0x35 ./system/src/newlib/_syscalls.o
 .debug_macro   0x000024c7      0x122 ./system/src/newlib/_syscalls.o
 .debug_macro   0x000025e9       0x88 ./system/src/newlib/_syscalls.o
 .debug_macro   0x00002671       0x2b ./system/src/newlib/_syscalls.o
 .debug_macro   0x0000269c      0x118 ./system/src/newlib/_syscalls.o
 .debug_macro   0x000027b4      0x159 ./system/src/newlib/_syscalls.o
 .debug_macro   0x0000290d       0x16 ./system/src/newlib/_syscalls.o
 .debug_macro   0x00002923      0x1d9 ./system/src/diag/Trace.o
 .debug_macro   0x00002afc       0x16 ./system/src/diag/Trace.o
 .debug_macro   0x00002b12       0x97 ./system/src/diag/Trace.o
 .debug_macro   0x00002ba9       0xfd ./system/src/diag/Trace.o
 .debug_macro   0x00002ca6       0x10 ./system/src/diag/Trace.o
 .debug_macro   0x00002cb6       0x16 ./system/src/diag/Trace.o
 .debug_macro   0x00002ccc      0x18b ./system/src/diag/Trace.o
 .debug_macro   0x00002e57       0x4c ./system/src/diag/Trace.o
 .debug_macro   0x00002ea3       0x16 ./system/src/diag/Trace.o
 .debug_macro   0x00002eb9      0x512 ./system/src/diag/trace_impl.o
 .debug_macro   0x000033cb       0x31 ./system/src/diag/trace_impl.o
 .debug_macro   0x000033fc       0x28 ./system/src/diag/trace_impl.o
 .debug_macro   0x00003424       0x35 ./system/src/diag/trace_impl.o
 .debug_macro   0x00003459       0x50 ./system/src/diag/trace_impl.o
 .debug_macro   0x000034a9      0xe66 ./system/src/diag/trace_impl.o
 .debug_macro   0x0000430f     0x5099 ./system/src/diag/trace_impl.o
 .debug_macro   0x000093a8       0x43 ./system/src/diag/trace_impl.o
 .debug_macro   0x000093eb      0x289 ./system/src/diag/trace_impl.o
 .debug_macro   0x00009674     0x347f ./system/src/diag/trace_impl.o
 .debug_macro   0x0000caf3       0x57 ./system/src/diag/trace_impl.o
 .debug_macro   0x0000cb4a      0x424 ./system/src/diag/trace_impl.o
 .debug_macro   0x0000cf6e      0x9e1 ./system/src/diag/trace_impl.o
 .debug_macro   0x0000d94f      0x11e ./system/src/diag/trace_impl.o
 .debug_macro   0x0000da6d       0xf8 ./system/src/diag/trace_impl.o
 .debug_macro   0x0000db65       0x27 ./system/src/diag/trace_impl.o
 .debug_macro   0x0000db8c      0x287 ./system/src/diag/trace_impl.o
 .debug_macro   0x0000de13       0x5f ./system/src/diag/trace_impl.o
 .debug_macro   0x0000de72      0x23a ./system/src/diag/trace_impl.o
 .debug_macro   0x0000e0ac      0x391 ./system/src/diag/trace_impl.o
 .debug_macro   0x0000e43d      0x16f ./system/src/diag/trace_impl.o
 .debug_macro   0x0000e5ac       0xf9 ./system/src/diag/trace_impl.o
 .debug_macro   0x0000e6a5       0x23 ./system/src/diag/trace_impl.o
 .debug_macro   0x0000e6c8      0x13a ./system/src/diag/trace_impl.o
 .debug_macro   0x0000e802      0x23a ./system/src/diag/trace_impl.o
 .debug_macro   0x0000ea3c       0x2e ./system/src/diag/trace_impl.o
 .debug_macro   0x0000ea6a      0x1a7 ./system/src/diag/trace_impl.o
 .debug_macro   0x0000ec11       0x22 ./system/src/diag/trace_impl.o
 .debug_macro   0x0000ec33       0xa5 ./system/src/diag/trace_impl.o
 .debug_macro   0x0000ecd8      0x18b ./system/src/diag/trace_impl.o
 .debug_macro   0x0000ee63       0x24 ./system/src/diag/trace_impl.o
 .debug_macro   0x0000ee87       0x35 ./system/src/diag/trace_impl.o
 .debug_macro   0x0000eebc       0x79 ./system/src/diag/trace_impl.o
 .debug_macro   0x0000ef35      0x11e ./system/src/diag/trace_impl.o
 .debug_macro   0x0000f053       0x85 ./system/src/diag/trace_impl.o
 .debug_macro   0x0000f0d8       0x89 ./system/src/diag/trace_impl.o
 .debug_macro   0x0000f161      0x31a ./system/src/diag/trace_impl.o
 .debug_macro   0x0000f47b      0x409 ./system/src/diag/trace_impl.o
 .debug_macro   0x0000f884       0xe4 ./system/src/diag/trace_impl.o
 .debug_macro   0x0000f968      0x48d ./system/src/diag/trace_impl.o
 .debug_macro   0x0000fdf5      0x22b ./system/src/diag/trace_impl.o
 .debug_macro   0x00010020      0x202 ./system/src/diag/trace_impl.o
 .debug_macro   0x00010222      0x6d9 ./system/src/diag/trace_impl.o
 .debug_macro   0x000108fb       0x5b ./system/src/diag/trace_impl.o
 .debug_macro   0x00010956      0x14d ./system/src/diag/trace_impl.o
 .debug_macro   0x00010aa3      0x287 ./system/src/diag/trace_impl.o
 .debug_macro   0x00010d2a      0x225 ./system/src/diag/trace_impl.o
 .debug_macro   0x00010f4f      0x1b5 ./system/src/diag/trace_impl.o
 .debug_macro   0x00011104      0x2db ./system/src/diag/trace_impl.o
 .debug_macro   0x000113df       0x89 ./system/src/diag/trace_impl.o
 .debug_macro   0x00011468      0x1df ./system/src/diag/trace_impl.o
 .debug_macro   0x00011647      0x115 ./system/src/diag/trace_impl.o
 .debug_macro   0x0001175c       0x6e ./system/src/diag/trace_impl.o
 .debug_macro   0x000117ca      0x11e ./system/src/diag/trace_impl.o
 .debug_macro   0x000118e8       0x22 ./system/src/diag/trace_impl.o
 .debug_macro   0x0001190a      0x4d6 ./system/src/cortexm/_initialize_hardware.o
 .debug_macro   0x00011de0      0x535 ./system/src/cortexm/exception_handlers.o
 .debug_macro   0x00012315       0x3b ./system/src/cortexm/exception_handlers.o
 .debug_macro   0x00012350      0x4d2 ./system/src/cmsis/system_stm32f4xx.o
 .debug_macro   0x00012822       0x34 ./system/src/cmsis/vectors_stm32f401xc.o
 .debug_macro   0x00012856      0x1be ./src/App.o
 .debug_macro   0x00012a14       0x94 ./src/App.o
 .debug_macro   0x00012aa8      0x1c6 ./src/App.o
 .debug_macro   0x00012c6e      0x11e ./src/App.o
 .debug_macro   0x00012d8c      0x193 ./src/App.o
 .debug_macro   0x00012f1f       0xca ./src/App.o
 .debug_macro   0x00012fe9      0x629 ./src/App.o
 .debug_macro   0x00013612       0x10 ./src/App.o
 .debug_macro   0x00013622       0xcf ./src/App.o
 .debug_macro   0x000136f1       0xbe ./src/App.o
 .debug_macro   0x000137af      0x1e6 ./src/DMA.o
 .debug_macro   0x00013995      0x1fb ./src/ESP_program.o
 .debug_macro   0x00013b90       0x35 ./src/Gpio.o
 .debug_macro   0x00013bc5       0x44 ./src/Nvic.o
 .debug_macro   0x00013c09       0x10 ./src/Nvic.o
 .debug_macro   0x00013c19       0x89 ./src/RCC.o
 .debug_macro   0x00013ca2      0x17c ./src/UART_program.o
 .debug_macro   0x00013e1e       0x28 ./src/UART_program.o
 .debug_macro   0x00013e46       0x28 ./src/UART_program.o
 .debug_macro   0x00013e6e      0x1c4 ./src/Usart.o
 .debug_macro   0x00014032       0x16 ./src/Usart.o
 .debug_macro   0x00014048       0x1b ./src/main.o
