Archive member included to satisfy reference by file (symbol)

f:/michael/iti/embedded_arm/tools/arm gcc/bin/../lib/gcc/arm-none-eabi/5.4.1/../../../../arm-none-eabi/lib/armv7e-m\libg_nano.a(lib_a-errno.o)
                              ./system/src/newlib/_sbrk.o (__errno)
f:/michael/iti/embedded_arm/tools/arm gcc/bin/../lib/gcc/arm-none-eabi/5.4.1/../../../../arm-none-eabi/lib/armv7e-m\libg_nano.a(lib_a-impure.o)
                              f:/michael/iti/embedded_arm/tools/arm gcc/bin/../lib/gcc/arm-none-eabi/5.4.1/../../../../arm-none-eabi/lib/armv7e-m\libg_nano.a(lib_a-errno.o) (_impure_ptr)
f:/michael/iti/embedded_arm/tools/arm gcc/bin/../lib/gcc/arm-none-eabi/5.4.1/../../../../arm-none-eabi/lib/armv7e-m\libg_nano.a(lib_a-strlen.o)
                              ./system/src/diag/Trace.o (strlen)
f:/michael/iti/embedded_arm/tools/arm gcc/bin/../lib/gcc/arm-none-eabi/5.4.1/../../../../arm-none-eabi/lib/armv7e-m\libg_nano.a(lib_a-vsnprintf.o)
                              ./system/src/diag/Trace.o (vsnprintf)
f:/michael/iti/embedded_arm/tools/arm gcc/bin/../lib/gcc/arm-none-eabi/5.4.1/../../../../arm-none-eabi/lib/armv7e-m\libg_nano.a(lib_a-nano-svfprintf.o)
                              f:/michael/iti/embedded_arm/tools/arm gcc/bin/../lib/gcc/arm-none-eabi/5.4.1/../../../../arm-none-eabi/lib/armv7e-m\libg_nano.a(lib_a-vsnprintf.o) (_svfprintf_r)
f:/michael/iti/embedded_arm/tools/arm gcc/bin/../lib/gcc/arm-none-eabi/5.4.1/../../../../arm-none-eabi/lib/armv7e-m\libg_nano.a(lib_a-nano-vfprintf_i.o)
                              f:/michael/iti/embedded_arm/tools/arm gcc/bin/../lib/gcc/arm-none-eabi/5.4.1/../../../../arm-none-eabi/lib/armv7e-m\libg_nano.a(lib_a-nano-svfprintf.o) (_printf_i)
f:/michael/iti/embedded_arm/tools/arm gcc/bin/../lib/gcc/arm-none-eabi/5.4.1/../../../../arm-none-eabi/lib/armv7e-m\libg_nano.a(lib_a-memchr.o)
                              f:/michael/iti/embedded_arm/tools/arm gcc/bin/../lib/gcc/arm-none-eabi/5.4.1/../../../../arm-none-eabi/lib/armv7e-m\libg_nano.a(lib_a-nano-svfprintf.o) (memchr)
f:/michael/iti/embedded_arm/tools/arm gcc/bin/../lib/gcc/arm-none-eabi/5.4.1/../../../../arm-none-eabi/lib/armv7e-m\libg_nano.a(lib_a-memcpy-stub.o)
                              f:/michael/iti/embedded_arm/tools/arm gcc/bin/../lib/gcc/arm-none-eabi/5.4.1/../../../../arm-none-eabi/lib/armv7e-m\libg_nano.a(lib_a-nano-svfprintf.o) (memcpy)
f:/michael/iti/embedded_arm/tools/arm gcc/bin/../lib/gcc/arm-none-eabi/5.4.1/../../../../arm-none-eabi/lib/armv7e-m\libg_nano.a(lib_a-memmove.o)
                              f:/michael/iti/embedded_arm/tools/arm gcc/bin/../lib/gcc/arm-none-eabi/5.4.1/../../../../arm-none-eabi/lib/armv7e-m\libg_nano.a(lib_a-nano-svfprintf.o) (memmove)
f:/michael/iti/embedded_arm/tools/arm gcc/bin/../lib/gcc/arm-none-eabi/5.4.1/../../../../arm-none-eabi/lib/armv7e-m\libg_nano.a(lib_a-nano-freer.o)
                              f:/michael/iti/embedded_arm/tools/arm gcc/bin/../lib/gcc/arm-none-eabi/5.4.1/../../../../arm-none-eabi/lib/armv7e-m\libg_nano.a(lib_a-nano-svfprintf.o) (_free_r)
f:/michael/iti/embedded_arm/tools/arm gcc/bin/../lib/gcc/arm-none-eabi/5.4.1/../../../../arm-none-eabi/lib/armv7e-m\libg_nano.a(lib_a-nano-mallocr.o)
                              f:/michael/iti/embedded_arm/tools/arm gcc/bin/../lib/gcc/arm-none-eabi/5.4.1/../../../../arm-none-eabi/lib/armv7e-m\libg_nano.a(lib_a-nano-svfprintf.o) (_malloc_r)
f:/michael/iti/embedded_arm/tools/arm gcc/bin/../lib/gcc/arm-none-eabi/5.4.1/../../../../arm-none-eabi/lib/armv7e-m\libg_nano.a(lib_a-nano-reallocr.o)
                              f:/michael/iti/embedded_arm/tools/arm gcc/bin/../lib/gcc/arm-none-eabi/5.4.1/../../../../arm-none-eabi/lib/armv7e-m\libg_nano.a(lib_a-nano-svfprintf.o) (_realloc_r)
f:/michael/iti/embedded_arm/tools/arm gcc/bin/../lib/gcc/arm-none-eabi/5.4.1/../../../../arm-none-eabi/lib/armv7e-m\libg_nano.a(lib_a-sbrkr.o)
                              f:/michael/iti/embedded_arm/tools/arm gcc/bin/../lib/gcc/arm-none-eabi/5.4.1/../../../../arm-none-eabi/lib/armv7e-m\libg_nano.a(lib_a-nano-mallocr.o) (_sbrk_r)
f:/michael/iti/embedded_arm/tools/arm gcc/bin/../lib/gcc/arm-none-eabi/5.4.1/../../../../arm-none-eabi/lib/armv7e-m\libg_nano.a(lib_a-mlock.o)
                              f:/michael/iti/embedded_arm/tools/arm gcc/bin/../lib/gcc/arm-none-eabi/5.4.1/../../../../arm-none-eabi/lib/armv7e-m\libg_nano.a(lib_a-nano-freer.o) (__malloc_lock)
f:/michael/iti/embedded_arm/tools/arm gcc/bin/../lib/gcc/arm-none-eabi/5.4.1/../../../../arm-none-eabi/lib/armv7e-m\libg_nano.a(lib_a-nano-msizer.o)
                              f:/michael/iti/embedded_arm/tools/arm gcc/bin/../lib/gcc/arm-none-eabi/5.4.1/../../../../arm-none-eabi/lib/armv7e-m\libg_nano.a(lib_a-nano-reallocr.o) (_malloc_usable_size_r)

Allocating common symbols
Common symbol       size              file

errno               0x4               ./system/src/newlib/_syscalls.o
Loc_uart            0x34              ./src/BLD_Manager.o
[...]
Memory Configuration

Name             Origin             Length             Attributes
RAM              0x20000000         0x00010000         xrw
CCMRAM           0x10000000         0x00000000         xrw
FLASH            0x08000000         0x00004000         xr
FLASHB1          0x00000000         0x00000000         xr
EXTMEMB0         0x00000000         0x00000000         xr
EXTMEMB1         0x00000000         0x00000000         xr
EXTMEMB2         0x00000000         0x00000000         xr
EXTMEMB3         0x00000000         0x00000000         xr
*default*        0x00000000         0xffffffff

Linker script and memory map

LOAD ./system/src/newlib/_cxx.o
LOAD ./system/src/newlib/_exit.o
LOAD ./system/src/newlib/_sbrk.o
LOAD ./system/src/newlib/_startup.o
LOAD ./system/src/newlib/_syscalls.o
LOAD ./system/src/newlib/assert.o
LOAD ./system/src/diag/Trace.o
LOAD ./system/src/diag/trace_impl.o
LOAD ./system/src/cortexm/_initialize_hardware.o
LOAD ./system/src/cortexm/_reset_hardware.o
LOAD ./system/src/cortexm/exception_handlers.o
LOAD ./system/src/cmsis/system_stm32f4xx.o
LOAD ./system/src/cmsis/vectors_stm32f401xc.o
LOAD ./src/BLD_Manager.o
LOAD ./src/DMA.o
LOAD ./src/Flash.o
LOAD ./src/GPIO.o
LOAD ./src/NVIC.o
LOAD ./src/RCC.o
LOAD ./src/SCB.o
LOAD ./src/Usart.o
LOAD ./src/main.o
LOAD f:/michael/iti/embedded_arm/tools/arm gcc/bin/../lib/gcc/arm-none-eabi/5.4.1/../../../../arm-none-eabi/lib/armv7e-m\libstdc++_nano.a
LOAD f:/michael/iti/embedded_arm/tools/arm gcc/bin/../lib/gcc/arm-none-eabi/5.4.1/../../../../arm-none-eabi/lib/armv7e-m\libm.a
START GROUP
LOAD f:/michael/iti/embedded_arm/tools/arm gcc/bin/../lib/gcc/arm-none-eabi/5.4.1/armv7e-m\libgcc.a
LOAD f:/michael/iti/embedded_arm/tools/arm gcc/bin/../lib/gcc/arm-none-eabi/5.4.1/../../../../arm-none-eabi/lib/armv7e-m\libg_nano.a
LOAD f:/michael/iti/embedded_arm/tools/arm gcc/bin/../lib/gcc/arm-none-eabi/5.4.1/../../../../arm-none-eabi/lib/armv7e-m\libc_nano.a
END GROUP
START GROUP
LOAD f:/michael/iti/embedded_arm/tools/arm gcc/bin/../lib/gcc/arm-none-eabi/5.4.1/armv7e-m\libgcc.a
LOAD f:/michael/iti/embedded_arm/tools/arm gcc/bin/../lib/gcc/arm-none-eabi/5.4.1/../../../../arm-none-eabi/lib/armv7e-m\libc_nano.a
END GROUP
                0x20010000                __stack = (ORIGIN (RAM) + LENGTH (RAM))
                0x20010000                _estack = __stack
                0x00000400                __Main_Stack_Size = 0x400
                [!provide]                PROVIDE (_Main_Stack_Size, __Main_Stack_Size)
                0x2000fc00                __Main_Stack_Limit = (__stack - __Main_Stack_Size)
                [!provide]                PROVIDE (_Main_Stack_Limit, __Main_Stack_Limit)
                0x00000100                _Minimum_Stack_Size = 0x100
                0x200041bc                PROVIDE (_Heap_Begin, _end_noinit)
                0x2000fc00                PROVIDE (_Heap_Limit, (__stack - __Main_Stack_Size))

.isr_vector     0x08000000      0x3dc
 FILL mask 0xff
                0x08000000                __vectors_start = ABSOLUTE (.)
                0x08000000                __vectors_start__ = ABSOLUTE (.)
 *(.isr_vector)
 .isr_vector    0x08000000      0x194 ./system/src/cmsis/vectors_stm32f401xc.o
                0x08000000                __isr_vectors
 *(.cfmconfig)
 *(.after_vectors .after_vectors.*)
 .after_vectors
                0x08000194      0x114 ./system/src/newlib/_startup.o
                0x08000194                _start
 .after_vectors
                0x080002a8      0x130 ./system/src/cortexm/exception_handlers.o
                0x080002a8                Reset_Handler
                0x080002b0                NMI_Handler
                0x080002b4                HardFault_Handler
                0x080002c8                HardFault_Handler_C
                0x08000328                MemManage_Handler
                0x0800032c                BusFault_Handler
                0x08000340                BusFault_Handler_C
                0x08000374                UsageFault_Handler
                0x08000388                UsageFault_Handler_C
                0x080003bc                SVC_Handler
                0x080003c0                DebugMon_Handler
                0x080003c4                PendSV_Handler
                0x080003c8                SysTick_Handler
 .after_vectors
                0x080003d8        0x4 ./system/src/cmsis/vectors_stm32f401xc.o
                0x080003d8                RTC_Alarm_IRQHandler
                0x080003d8                EXTI2_IRQHandler
                0x080003d8                SPI4_IRQHandler
                0x080003d8                TIM1_CC_IRQHandler
                0x080003d8                PVD_IRQHandler
                0x080003d8                SDIO_IRQHandler
                0x080003d8                TAMP_STAMP_IRQHandler
                0x080003d8                EXTI3_IRQHandler
                0x080003d8                TIM1_UP_TIM10_IRQHandler
                0x080003d8                I2C3_ER_IRQHandler
                0x080003d8                EXTI0_IRQHandler
                0x080003d8                I2C2_EV_IRQHandler
                0x080003d8                FPU_IRQHandler
                0x080003d8                SPI1_IRQHandler
                0x080003d8                TIM1_BRK_TIM9_IRQHandler
                0x080003d8                USART6_IRQHandler
                0x080003d8                TIM4_IRQHandler
                0x080003d8                I2C1_EV_IRQHandler
                0x080003d8                TIM3_IRQHandler
                0x080003d8                RCC_IRQHandler
                0x080003d8                Default_Handler
                0x080003d8                EXTI15_10_IRQHandler
                0x080003d8                ADC_IRQHandler
                0x080003d8                TIM5_IRQHandler
                0x080003d8                I2C3_EV_IRQHandler
                0x080003d8                EXTI9_5_IRQHandler
                0x080003d8                RTC_WKUP_IRQHandler
                0x080003d8                SPI2_IRQHandler
                0x080003d8                EXTI4_IRQHandler
                0x080003d8                WWDG_IRQHandler
                0x080003d8                TIM2_IRQHandler
                0x080003d8                OTG_FS_WKUP_IRQHandler
                0x080003d8                TIM1_TRG_COM_TIM11_IRQHandler
                0x080003d8                EXTI1_IRQHandler
                0x080003d8                USART2_IRQHandler
                0x080003d8                I2C2_ER_IRQHandler
                0x080003d8                FLASH_IRQHandler
                0x080003d8                OTG_FS_IRQHandler
                0x080003d8                SPI3_IRQHandler
                0x080003d8                I2C1_ER_IRQHandler

.inits          0x080003dc       0x28
                0x080003dc                __data_regions_array_start = .
                0x080003dc        0x4 LONG 0x8001d64 LOADADDR (.data)
                0x080003e0        0x4 LONG 0x20000000 ADDR (.data)
                0x080003e4        0x4 LONG 0x2000007c (ADDR (.data) + SIZEOF (.data))
                0x080003e8        0x4 LONG 0x8001d64 LOADADDR (.data_CCMRAM)
                0x080003ec        0x4 LONG 0x10000000 ADDR (.data_CCMRAM)
                0x080003f0        0x4 LONG 0x10000000 (ADDR (.data_CCMRAM) + SIZEOF (.data_CCMRAM))
                0x080003f4                __data_regions_array_end = .
                0x080003f4                __bss_regions_array_start = .
                0x080003f4        0x4 LONG 0x2000007c ADDR (.bss)
                0x080003f8        0x4 LONG 0x200041bc (ADDR (.bss) + SIZEOF (.bss))
                0x080003fc        0x4 LONG 0x10000000 ADDR (.bss_CCMRAM)
                0x08000400        0x4 LONG 0x10000000 (ADDR (.bss_CCMRAM) + SIZEOF (.bss_CCMRAM))
                0x08000404                __bss_regions_array_end = .
 *(.init)
 *(.fini)
                0x08000404                . = ALIGN (0x4)
                0x08000404                PROVIDE (__preinit_array_start, .)
 *(.preinit_array_sysinit .preinit_array_sysinit.*)
 *(.preinit_array_platform .preinit_array_platform.*)
 *(.preinit_array .preinit_array.*)
                0x08000404                PROVIDE (__preinit_array_end, .)
                0x08000404                . = ALIGN (0x4)
                0x08000404                PROVIDE (__init_array_start, .)
 *(SORT(.init_array.*))
 *(.init_array)
                0x08000404                PROVIDE (__init_array_end, .)
                0x08000404                . = ALIGN (0x4)
                0x08000404                PROVIDE (__fini_array_start, .)
 *(SORT(.fini_array.*))
 *(.fini_array)
                0x08000404                PROVIDE (__fini_array_end, .)

.flashtext
 *(.flashtext .flashtext.*)

.text           0x08000410     0x1953
 *(.text .text.*)
 .text._exit    0x08000410        0x4 ./system/src/newlib/_exit.o
                0x08000410                _exit
 .text._sbrk    0x08000414       0x44 ./system/src/newlib/_sbrk.o
                0x08000414                _sbrk
 .text.__initialize_args
                0x08000458       0x10 ./system/src/newlib/_syscalls.o
                0x08000458                __initialize_args
 .text.trace_printf
                0x08000468       0x30 ./system/src/diag/Trace.o
                0x08000468                trace_printf
 .text._trace_write_semihosting_debug
                0x08000498       0x64 ./system/src/diag/trace_impl.o
 .text.trace_write
                0x080004fc        0x8 ./system/src/diag/trace_impl.o
                0x080004fc                trace_write
 .text.__initialize_hardware_early
                0x08000504       0x18 ./system/src/cortexm/_initialize_hardware.o
                0x08000504                __initialize_hardware_early
 .text.__initialize_hardware
                0x0800051c        0x8 ./system/src/cortexm/_initialize_hardware.o
                0x0800051c                __initialize_hardware
 .text.dumpExceptionStack
                0x08000524       0xf0 ./system/src/cortexm/exception_handlers.o
                0x08000524                dumpExceptionStack
 .text.isSemihosting
                0x08000614       0x20 ./system/src/cortexm/exception_handlers.o
                0x08000614                isSemihosting
 .text.SystemInit
                0x08000634       0x40 ./system/src/cmsis/system_stm32f4xx.o
                0x08000634                SystemInit
 .text.SystemCoreClockUpdate
                0x08000674       0xa0 ./system/src/cmsis/system_stm32f4xx.o
                0x08000674                SystemCoreClockUpdate
 .text.RXBuffCblt
                0x08000714        0xc ./src/BLD_Manager.o
                0x08000714                RXBuffCblt
 .text.BLDManger_ConcWord
                0x08000720       0x18 ./src/BLD_Manager.o
 .text.BLDManger_Erase
                0x08000738       0x1c ./src/BLD_Manager.o
 .text.BLDManger_SendPositiveRes
                0x08000754       0x1c ./src/BLD_Manager.o
 .text.BLDManger_SendNegativeRes
                0x08000770       0x10 ./src/BLD_Manager.o
 .text.BLDManger_FlashApp
                0x08000780       0x48 ./src/BLD_Manager.o
 .text.BLDManger_RaisMark
                0x080007c8       0x48 ./src/BLD_Manager.o
 .text.BLDManger_UartInit
                0x08000810       0xa0 ./src/BLD_Manager.o
                0x08000810                BLDManger_UartInit
 .text.BLDManger_FlashingTask
                0x080008b0      0x380 ./src/BLD_Manager.o
                0x080008b0                BLDManger_FlashingTask
 .text.DMA1_Stream0_IRQHandler
                0x08000c30       0x10 ./src/DMA.o
                0x08000c30                DMA1_Stream0_IRQHandler
 .text.DMA1_Stream1_IRQHandler
                0x08000c40       0x10 ./src/DMA.o
                0x08000c40                DMA1_Stream1_IRQHandler
 .text.DMA1_Stream2_IRQHandler
                0x08000c50       0x10 ./src/DMA.o
                0x08000c50                DMA1_Stream2_IRQHandler
 .text.DMA1_Stream3_IRQHandler
                0x08000c60       0x10 ./src/DMA.o
                0x08000c60                DMA1_Stream3_IRQHandler
 .text.DMA1_Stream4_IRQHandler
                0x08000c70       0x10 ./src/DMA.o
                0x08000c70                DMA1_Stream4_IRQHandler
 .text.DMA1_Stream5_IRQHandler
                0x08000c80       0x10 ./src/DMA.o
                0x08000c80                DMA1_Stream5_IRQHandler
 .text.DMA1_Stream6_IRQHandler
                0x08000c90       0x10 ./src/DMA.o
                0x08000c90                DMA1_Stream6_IRQHandler
 .text.DMA1_Stream7_IRQHandler
                0x08000ca0       0x10 ./src/DMA.o
                0x08000ca0                DMA1_Stream7_IRQHandler
 .text.DMA2_Stream0_IRQHandler
                0x08000cb0       0x10 ./src/DMA.o
                0x08000cb0                DMA2_Stream0_IRQHandler
 .text.DMA2_Stream1_IRQHandler
                0x08000cc0       0x10 ./src/DMA.o
                0x08000cc0                DMA2_Stream1_IRQHandler
 .text.DMA2_Stream2_IRQHandler
                0x08000cd0       0x10 ./src/DMA.o
                0x08000cd0                DMA2_Stream2_IRQHandler
 .text.DMA2_Stream3_IRQHandler
                0x08000ce0       0x10 ./src/DMA.o
                0x08000ce0                DMA2_Stream3_IRQHandler
 .text.DMA2_Stream4_IRQHandler
                0x08000cf0       0x10 ./src/DMA.o
                0x08000cf0                DMA2_Stream4_IRQHandler
 .text.DMA2_Stream5_IRQHandler
                0x08000d00       0x10 ./src/DMA.o
                0x08000d00                DMA2_Stream5_IRQHandler
 .text.DMA2_Stream6_IRQHandler
                0x08000d10       0x10 ./src/DMA.o
                0x08000d10                DMA2_Stream6_IRQHandler
 .text.DMA2_Stream7_IRQHandler
                0x08000d20       0x10 ./src/DMA.o
                0x08000d20                DMA2_Stream7_IRQHandler
 .text.Flash_SetProgramSize
                0x08000d30       0x18 ./src/Flash.o
 .text.Flash_Init
                0x08000d48       0x18 ./src/Flash.o
                0x08000d48                Flash_Init
 .text.Flash_SectorErase
                0x08000d60       0x58 ./src/Flash.o
                0x08000d60                Flash_SectorErase
 .text.Flash_Program
                0x08000db8       0xa4 ./src/Flash.o
                0x08000db8                Flash_Program
 .text.Gpio_enuinitPinCfg
                0x08000e5c       0x88 ./src/GPIO.o
                0x08000e5c                Gpio_enuinitPinCfg
 .text.Gpio_enuSetAF
                0x08000ee4       0x44 ./src/GPIO.o
                0x08000ee4                Gpio_enuSetAF
 .text.NVIC_vidEnableIRQ
                0x08000f28       0x24 ./src/NVIC.o
                0x08000f28                NVIC_vidEnableIRQ
 .text.RCC_EnablePriphralCLK
                0x08000f4c       0x54 ./src/RCC.o
                0x08000f4c                RCC_EnablePriphralCLK
 .text.SCB_ChangeINTVECTadd
                0x08000fa0        0xc ./src/SCB.o
                0x08000fa0                SCB_ChangeINTVECTadd
 .text.SCB_RestSys
                0x08000fac       0x10 ./src/SCB.o
                0x08000fac                SCB_RestSys
 .text.Usart_ClearTcSecunce
                0x08000fbc       0x18 ./src/Usart.o
 .text.Uart_Init
                0x08000fd4       0xe8 ./src/Usart.o
                0x08000fd4                Uart_Init
 .text.Uart_SendByte
                0x080010bc       0x2c ./src/Usart.o
                0x080010bc                Uart_SendByte
 .text.Uart_RxByte
                0x080010e8       0x14 ./src/Usart.o
                0x080010e8                Uart_RxByte
 .text.Uart_RXBuffer
                0x080010fc       0x4c ./src/Usart.o
                0x080010fc                Uart_RXBuffer
 .text.Uart_RegisterCpfRxComplet
                0x08001148       0x3c ./src/Usart.o
                0x08001148                Uart_RegisterCpfRxComplet
 .text.USART1_IRQHandler
                0x08001184       0x94 ./src/Usart.o
                0x08001184                USART1_IRQHandler
 .text.main     0x08001218       0x44 ./src/main.o
                0x08001218                main
 .text.__errno  0x0800125c        0xc f:/michael/iti/embedded_arm/tools/arm gcc/bin/../lib/gcc/arm-none-eabi/5.4.1/../../../../arm-none-eabi/lib/armv7e-m\libg_nano.a(lib_a-errno.o)
                0x0800125c                __errno
 .text._vsnprintf_r
                0x08001268       0x56 f:/michael/iti/embedded_arm/tools/arm gcc/bin/../lib/gcc/arm-none-eabi/5.4.1/../../../../arm-none-eabi/lib/armv7e-m\libg_nano.a(lib_a-vsnprintf.o)
                0x08001268                _vsniprintf_r
                0x08001268                _vsnprintf_r
 *fill*         0x080012be        0x2 
 .text.vsnprintf
                0x080012c0       0x1c f:/michael/iti/embedded_arm/tools/arm gcc/bin/../lib/gcc/arm-none-eabi/5.4.1/../../../../arm-none-eabi/lib/armv7e-m\libg_nano.a(lib_a-vsnprintf.o)
                0x080012c0                vsniprintf
                0x080012c0                vsnprintf
 .text.__ssputs_r
                0x080012dc       0xb2 f:/michael/iti/embedded_arm/tools/arm gcc/bin/../lib/gcc/arm-none-eabi/5.4.1/../../../../arm-none-eabi/lib/armv7e-m\libg_nano.a(lib_a-nano-svfprintf.o)
                0x080012dc                __ssputs_r
 *fill*         0x0800138e        0x2 
 .text._svfprintf_r
                0x08001390      0x1e8 f:/michael/iti/embedded_arm/tools/arm gcc/bin/../lib/gcc/arm-none-eabi/5.4.1/../../../../arm-none-eabi/lib/armv7e-m\libg_nano.a(lib_a-nano-svfprintf.o)
                0x08001390                _svfiprintf_r
                0x08001390                _svfprintf_r
 .text._printf_common
                0x08001578       0xec f:/michael/iti/embedded_arm/tools/arm gcc/bin/../lib/gcc/arm-none-eabi/5.4.1/../../../../arm-none-eabi/lib/armv7e-m\libg_nano.a(lib_a-nano-vfprintf_i.o)
                0x08001578                _printf_common
 .text._printf_i
                0x08001664      0x24c f:/michael/iti/embedded_arm/tools/arm gcc/bin/../lib/gcc/arm-none-eabi/5.4.1/../../../../arm-none-eabi/lib/armv7e-m\libg_nano.a(lib_a-nano-vfprintf_i.o)
                0x08001664                _printf_i
 .text          0x080018b0       0xa0 f:/michael/iti/embedded_arm/tools/arm gcc/bin/../lib/gcc/arm-none-eabi/5.4.1/../../../../arm-none-eabi/lib/armv7e-m\libg_nano.a(lib_a-memchr.o)
                0x080018b0                memchr
 .text.memcpy   0x08001950       0x16 f:/michael/iti/embedded_arm/tools/arm gcc/bin/../lib/gcc/arm-none-eabi/5.4.1/../../../../arm-none-eabi/lib/armv7e-m\libg_nano.a(lib_a-memcpy-stub.o)
                0x08001950                memcpy
 .text.memmove  0x08001966       0x36 f:/michael/iti/embedded_arm/tools/arm gcc/bin/../lib/gcc/arm-none-eabi/5.4.1/../../../../arm-none-eabi/lib/armv7e-m\libg_nano.a(lib_a-memmove.o)
                0x08001966                memmove
 .text._free_r  0x0800199c       0x9c f:/michael/iti/embedded_arm/tools/arm gcc/bin/../lib/gcc/arm-none-eabi/5.4.1/../../../../arm-none-eabi/lib/armv7e-m\libg_nano.a(lib_a-nano-freer.o)
                0x0800199c                _free_r
 .text._malloc_r
                0x08001a38       0xbc f:/michael/iti/embedded_arm/tools/arm gcc/bin/../lib/gcc/arm-none-eabi/5.4.1/../../../../arm-none-eabi/lib/armv7e-m\libg_nano.a(lib_a-nano-mallocr.o)
                0x08001a38                _malloc_r
 .text._realloc_r
                0x08001af4       0x4c f:/michael/iti/embedded_arm/tools/arm gcc/bin/../lib/gcc/arm-none-eabi/5.4.1/../../../../arm-none-eabi/lib/armv7e-m\libg_nano.a(lib_a-nano-reallocr.o)
                0x08001af4                _realloc_r
 .text._sbrk_r  0x08001b40       0x20 f:/michael/iti/embedded_arm/tools/arm gcc/bin/../lib/gcc/arm-none-eabi/5.4.1/../../../../arm-none-eabi/lib/armv7e-m\libg_nano.a(lib_a-sbrkr.o)
                0x08001b40                _sbrk_r
 .text.__malloc_lock
                0x08001b60        0x2 f:/michael/iti/embedded_arm/tools/arm gcc/bin/../lib/gcc/arm-none-eabi/5.4.1/../../../../arm-none-eabi/lib/armv7e-m\libg_nano.a(lib_a-mlock.o)
                0x08001b60                __malloc_lock
 .text.__malloc_unlock
                0x08001b62        0x2 f:/michael/iti/embedded_arm/tools/arm gcc/bin/../lib/gcc/arm-none-eabi/5.4.1/../../../../arm-none-eabi/lib/armv7e-m\libg_nano.a(lib_a-mlock.o)
                0x08001b62                __malloc_unlock
 .text._malloc_usable_size_r
                0x08001b64       0x14 f:/michael/iti/embedded_arm/tools/arm gcc/bin/../lib/gcc/arm-none-eabi/5.4.1/../../../../arm-none-eabi/lib/armv7e-m\libg_nano.a(lib_a-nano-msizer.o)
                0x08001b64                _malloc_usable_size_r
 *(.rodata .rodata.* .constdata .constdata.*)
 .rodata.str1.4
                0x08001b78      0x146 ./system/src/cortexm/exception_handlers.o
 *fill*         0x08001cbe        0x2 
 .rodata.AHBPrescTable
                0x08001cc0       0x10 ./system/src/cmsis/system_stm32f4xx.o
                0x08001cc0                AHBPrescTable
 .rodata.str1.4
                0x08001cd0       0x50 ./src/BLD_Manager.o
 .rodata.str1.4
                0x08001d20       0x10 ./src/main.o
 .rodata.str1.1
                0x08001d30       0x11 f:/michael/iti/embedded_arm/tools/arm gcc/bin/../lib/gcc/arm-none-eabi/5.4.1/../../../../arm-none-eabi/lib/armv7e-m\libg_nano.a(lib_a-nano-svfprintf.o)
 .rodata.str1.1
                0x08001d41       0x22 f:/michael/iti/embedded_arm/tools/arm gcc/bin/../lib/gcc/arm-none-eabi/5.4.1/../../../../arm-none-eabi/lib/armv7e-m\libg_nano.a(lib_a-nano-vfprintf_i.o)
 *(vtable)
 *(.eh_frame*)
 *(.glue_7)
 .glue_7        0x08001d63        0x0 linker stubs
 *(.glue_7t)
 .glue_7t       0x08001d63        0x0 linker stubs

.vfp11_veneer   0x08001d64        0x0
 .vfp11_veneer  0x08001d64        0x0 linker stubs

.v4_bx          0x08001d64        0x0
 .v4_bx         0x08001d64        0x0 linker stubs

.iplt           0x08001d64        0x0
 .iplt          0x08001d64        0x0 ./system/src/newlib/_cxx.o

.rel.dyn        0x08001d64        0x0
 .rel.iplt      0x08001d64        0x0 ./system/src/newlib/_cxx.o

.ARM.extab
 *(.ARM.extab* .gnu.linkonce.armextab.*)
                0x08001d64                . = ALIGN (0x4)
                0x08001d64                __exidx_start = .

.ARM.exidx
 *(.ARM.exidx* .gnu.linkonce.armexidx.*)
                0x08001d64                __exidx_end = .
                0x08001d64                . = ALIGN (0x4)
                0x08001d64                _etext = .
                0x08001d64                __etext = .

.data_CCMRAM    0x10000000        0x0 load address 0x08001d64
 FILL mask 0xff
 *(.data.CCMRAM .data.CCMRAM.*)
                0x10000000                . = ALIGN (0x4)
                0x08001d64                _sidata = LOADADDR (.data)

.data           0x20000000       0x7c load address 0x08001d64
 FILL mask 0xff
                0x20000000                _sdata = .
                0x20000000                __data_start__ = .
 *(.data_begin .data_begin.*)
 .data_begin    0x20000000        0x4 ./system/src/newlib/_startup.o
 *(.data .data.*)
 .data.argv.4290
                0x20000004        0x8 ./system/src/newlib/_syscalls.o
 .data.SystemCoreClock
                0x2000000c        0x4 ./system/src/cmsis/system_stm32f4xx.o
                0x2000000c                SystemCoreClock
 .data.FlashingSec.5808
                0x20000010        0x1 ./src/BLD_Manager.o
 *fill*         0x20000011        0x3 ff
 .data.impure_data
                0x20000014       0x60 f:/michael/iti/embedded_arm/tools/arm gcc/bin/../lib/gcc/arm-none-eabi/5.4.1/../../../../arm-none-eabi/lib/armv7e-m\libg_nano.a(lib_a-impure.o)
 .data._impure_ptr
                0x20000074        0x4 f:/michael/iti/embedded_arm/tools/arm gcc/bin/../lib/gcc/arm-none-eabi/5.4.1/../../../../arm-none-eabi/lib/armv7e-m\libg_nano.a(lib_a-impure.o)
                0x20000074                _impure_ptr
 *(.data_end .data_end.*)
 .data_end      0x20000078        0x4 ./system/src/newlib/_startup.o
                0x2000007c                . = ALIGN (0x4)
                0x2000007c                _edata = .
                0x2000007c                __data_end__ = .

.igot.plt       0x2000007c        0x0 load address 0x08001de0
 .igot.plt      0x2000007c        0x0 ./system/src/newlib/_cxx.o

.bss_CCMRAM     0x10000000        0x0
 *(.bss.CCMRAM .bss.CCMRAM.*)

.bss            0x2000007c     0x4140
                0x2000007c                __bss_start__ = .
                0x2000007c                _sbss = .
 *(.bss_begin .bss_begin.*)
 .bss_begin     0x2000007c        0x4 ./system/src/newlib/_startup.o
 *(.bss .bss.*)
 .bss.current_heap_end.3974
                0x20000080        0x4 ./system/src/newlib/_sbrk.o
 .bss.name.4289
                0x20000084        0x1 ./system/src/newlib/_syscalls.o
 *fill*         0x20000085        0x3 
 .bss.buf.5179  0x20000088       0x80 ./system/src/diag/Trace.o
 .bss.BuffRecived
                0x20000108        0x1 ./src/BLD_Manager.o
 *fill*         0x20000109        0x3 
 .bss.Loc_AppFirstAdd
                0x2000010c        0x4 ./src/BLD_Manager.o
 .bss.Glop_Response
                0x20000110        0x1 ./src/BLD_Manager.o
 *fill*         0x20000111        0x3 
 .bss.AppArr_buff
                0x20000114     0x4001 ./src/BLD_Manager.o
 *fill*         0x20004115        0x3 
 .bss.RemainingSize.5810
                0x20004118        0x4 ./src/BLD_Manager.o
 .bss.State.5809
                0x2000411c        0x1 ./src/BLD_Manager.o
 *fill*         0x2000411d        0x3 
 .bss.DmaStreamCbf
                0x20004120       0x3c ./src/DMA.o
 .bss.Glop_TxCompleteCpf1
                0x2000415c        0x4 ./src/Usart.o
 .bss.Glop_Uart1
                0x20004160        0x4 ./src/Usart.o
 .bss.Glop_RxCompleteCpf1
                0x20004164        0x4 ./src/Usart.o
 .bss.__malloc_sbrk_start
                0x20004168        0x4 f:/michael/iti/embedded_arm/tools/arm gcc/bin/../lib/gcc/arm-none-eabi/5.4.1/../../../../arm-none-eabi/lib/armv7e-m\libg_nano.a(lib_a-nano-mallocr.o)
                0x20004168                __malloc_sbrk_start
 .bss.__malloc_free_list
                0x2000416c        0x4 f:/michael/iti/embedded_arm/tools/arm gcc/bin/../lib/gcc/arm-none-eabi/5.4.1/../../../../arm-none-eabi/lib/armv7e-m\libg_nano.a(lib_a-nano-mallocr.o)
                0x2000416c                __malloc_free_list
 *(COMMON)
 COMMON         0x20004170        0x4 ./system/src/newlib/_syscalls.o
                0x20004170                errno
 COMMON         0x20004174       0x44 ./src/BLD_Manager.o
                0x20004174                Loc_uart
                0x200041a8                St_App
 *(.bss_end .bss_end.*)
 .bss_end       0x200041b8        0x4 ./system/src/newlib/_startup.o
                0x200041bc                . = ALIGN (0x4)
                0x200041bc                __bss_end__ = .
                0x200041bc                _ebss = .

.noinit_CCMRAM
 *(.noinit.CCMRAM .noinit.CCMRAM.*)

.noinit         0x200041bc        0x0
                0x200041bc                _noinit = .
 *(.noinit .noinit.*)
                0x200041bc                . = ALIGN (0x4)
                0x200041bc                _end_noinit = .
                [!provide]                PROVIDE (end, _end_noinit)
                [!provide]                PROVIDE (_end, _end_noinit)
                [!provide]                PROVIDE (__end, _end_noinit)
                [!provide]                PROVIDE (__end__, _end_noinit)

._check_stack   0x200041bc      0x100
                0x200042bc                . = (. + _Minimum_Stack_Size)
 *fill*         0x200041bc      0x100 

.b1text
 *(.b1text)
 *(.b1rodata)
 *(.b1rodata.*)

.eb0text
 *(.eb0text)
 *(.eb0rodata)
 *(.eb0rodata.*)

.eb1text
 *(.eb1text)
 *(.eb1rodata)
 *(.eb1rodata.*)

.eb2text
 *(.eb2text)
 *(.eb2rodata)
 *(.eb2rodata.*)

.eb3text
 *(.eb3text)
 *(.eb3rodata)
 *(.eb3rodata.*)

.stab
 *(.stab)

.stabstr
 *(.stabstr)

.stab.excl
 *(.stab.excl)

.stab.exclstr
 *(.stab.exclstr)

.stab.index
 *(.stab.index)

.stab.indexstr
 *(.stab.indexstr)

.comment        0x00000000       0x6e
 *(.comment)
 .comment       0x00000000       0x6e ./system/src/newlib/_exit.o
                                 0x6f (size before relaxing)
 .comment       0x0000006e       0x6f ./system/src/newlib/_sbrk.o
 .comment       0x0000006e       0x6f ./system/src/newlib/_startup.o
 .comment       0x0000006e       0x6f ./system/src/newlib/_syscalls.o
 .comment       0x0000006e       0x6f ./system/src/diag/Trace.o
 .comment       0x0000006e       0x6f ./system/src/diag/trace_impl.o
 .comment       0x0000006e       0x6f ./system/src/cortexm/_initialize_hardware.o
 .comment       0x0000006e       0x6f ./system/src/cortexm/exception_handlers.o
 .comment       0x0000006e       0x6f ./system/src/cmsis/system_stm32f4xx.o
 .comment       0x0000006e       0x6f ./system/src/cmsis/vectors_stm32f401xc.o
 .comment       0x0000006e       0x6f ./src/BLD_Manager.o
 .comment       0x0000006e       0x6f ./src/DMA.o
 .comment       0x0000006e       0x6f ./src/Flash.o
 .comment       0x0000006e       0x6f ./src/GPIO.o
 .comment       0x0000006e       0x6f ./src/NVIC.o
 .comment       0x0000006e       0x6f ./src/RCC.o
 .comment       0x0000006e       0x6f ./src/SCB.o
 .comment       0x0000006e       0x6f ./src/Usart.o
 .comment       0x0000006e       0x6f ./src/main.o

.ARM.attributes
                0x00000000       0x31
 .ARM.attributes
                0x00000000       0x33 ./system/src/newlib/_exit.o
 .ARM.attributes
                0x00000033       0x33 ./system/src/newlib/_sbrk.o
 .ARM.attributes
                0x00000066       0x33 ./system/src/newlib/_startup.o
 .ARM.attributes
                0x00000099       0x33 ./system/src/newlib/_syscalls.o
 .ARM.attributes
                0x000000cc       0x33 ./system/src/diag/Trace.o
 .ARM.attributes
                0x000000ff       0x33 ./system/src/diag/trace_impl.o
 .ARM.attributes
                0x00000132       0x33 ./system/src/cortexm/_initialize_hardware.o
 .ARM.attributes
                0x00000165       0x33 ./system/src/cortexm/exception_handlers.o
 .ARM.attributes
                0x00000198       0x33 ./system/src/cmsis/system_stm32f4xx.o
 .ARM.attributes
                0x000001cb       0x33 ./system/src/cmsis/vectors_stm32f401xc.o
 .ARM.attributes
                0x000001fe       0x33 ./src/BLD_Manager.o
 .ARM.attributes
                0x00000231       0x33 ./src/DMA.o
 .ARM.attributes
                0x00000264       0x33 ./src/Flash.o
 .ARM.attributes
                0x00000297       0x33 ./src/GPIO.o
 .ARM.attributes
                0x000002ca       0x33 ./src/NVIC.o
 .ARM.attributes
                0x000002fd       0x33 ./src/RCC.o
 .ARM.attributes
                0x00000330       0x33 ./src/SCB.o
 .ARM.attributes
                0x00000363       0x33 ./src/Usart.o
 .ARM.attributes
                0x00000396       0x33 ./src/main.o
 .ARM.attributes
                0x000003c9       0x2e f:/michael/iti/embedded_arm/tools/arm gcc/bin/../lib/gcc/arm-none-eabi/5.4.1/../../../../arm-none-eabi/lib/armv7e-m\libg_nano.a(lib_a-errno.o)
 .ARM.attributes
                0x000003f7       0x2e f:/michael/iti/embedded_arm/tools/arm gcc/bin/../lib/gcc/arm-none-eabi/5.4.1/../../../../arm-none-eabi/lib/armv7e-m\libg_nano.a(lib_a-impure.o)
 .ARM.attributes
                0x00000425       0x2e f:/michael/iti/embedded_arm/tools/arm gcc/bin/../lib/gcc/arm-none-eabi/5.4.1/../../../../arm-none-eabi/lib/armv7e-m\libg_nano.a(lib_a-vsnprintf.o)
 .ARM.attributes
                0x00000453       0x2e f:/michael/iti/embedded_arm/tools/arm gcc/bin/../lib/gcc/arm-none-eabi/5.4.1/../../../../arm-none-eabi/lib/armv7e-m\libg_nano.a(lib_a-nano-svfprintf.o)
 .ARM.attributes
                0x00000481       0x2e f:/michael/iti/embedded_arm/tools/arm gcc/bin/../lib/gcc/arm-none-eabi/5.4.1/../../../../arm-none-eabi/lib/armv7e-m\libg_nano.a(lib_a-nano-vfprintf_i.o)
 .ARM.attributes
                0x000004af       0x1c f:/michael/iti/embedded_arm/tools/arm gcc/bin/../lib/gcc/arm-none-eabi/5.4.1/../../../../arm-none-eabi/lib/armv7e-m\libg_nano.a(lib_a-memchr.o)
 .ARM.attributes
                0x000004cb       0x2e f:/michael/iti/embedded_arm/tools/arm gcc/bin/../lib/gcc/arm-none-eabi/5.4.1/../../../../arm-none-eabi/lib/armv7e-m\libg_nano.a(lib_a-memcpy-stub.o)
 .ARM.attributes
                0x000004f9       0x2e f:/michael/iti/embedded_arm/tools/arm gcc/bin/../lib/gcc/arm-none-eabi/5.4.1/../../../../arm-none-eabi/lib/armv7e-m\libg_nano.a(lib_a-memmove.o)
 .ARM.attributes
                0x00000527       0x2e f:/michael/iti/embedded_arm/tools/arm gcc/bin/../lib/gcc/arm-none-eabi/5.4.1/../../../../arm-none-eabi/lib/armv7e-m\libg_nano.a(lib_a-nano-freer.o)
 .ARM.attributes
                0x00000555       0x2e f:/michael/iti/embedded_arm/tools/arm gcc/bin/../lib/gcc/arm-none-eabi/5.4.1/../../../../arm-none-eabi/lib/armv7e-m\libg_nano.a(lib_a-nano-mallocr.o)
 .ARM.attributes
                0x00000583       0x2e f:/michael/iti/embedded_arm/tools/arm gcc/bin/../lib/gcc/arm-none-eabi/5.4.1/../../../../arm-none-eabi/lib/armv7e-m\libg_nano.a(lib_a-nano-reallocr.o)
 .ARM.attributes
                0x000005b1       0x2e f:/michael/iti/embedded_arm/tools/arm gcc/bin/../lib/gcc/arm-none-eabi/5.4.1/../../../../arm-none-eabi/lib/armv7e-m\libg_nano.a(lib_a-sbrkr.o)
 .ARM.attributes
                0x000005df       0x2e f:/michael/iti/embedded_arm/tools/arm gcc/bin/../lib/gcc/arm-none-eabi/5.4.1/../../../../arm-none-eabi/lib/armv7e-m\libg_nano.a(lib_a-mlock.o)
 .ARM.attributes
                0x0000060d       0x2e f:/michael/iti/embedded_arm/tools/arm gcc/bin/../lib/gcc/arm-none-eabi/5.4.1/../../../../arm-none-eabi/lib/armv7e-m\libg_nano.a(lib_a-nano-msizer.o)

.debug
 *(.debug)

.line
 *(.line)

.debug_srcinfo
 *(.debug_srcinfo)

.debug_sfnames
 *(.debug_sfnames)

.debug_aranges  0x00000000      0x508
 *(.debug_aranges)
 .debug_aranges
                0x00000000       0x28 ./system/src/newlib/_exit.o
 .debug_aranges
                0x00000028       0x20 ./system/src/newlib/_sbrk.o
 .debug_aranges
                0x00000048       0x40 ./system/src/newlib/_startup.o
 .debug_aranges
                0x00000088       0x30 ./system/src/newlib/_syscalls.o
 .debug_aranges
                0x000000b8       0x38 ./system/src/diag/Trace.o
 .debug_aranges
                0x000000f0       0x30 ./system/src/diag/trace_impl.o
 .debug_aranges
                0x00000120       0x28 ./system/src/cortexm/_initialize_hardware.o
 .debug_aranges
                0x00000148       0x90 ./system/src/cortexm/exception_handlers.o
 .debug_aranges
                0x000001d8       0x28 ./system/src/cmsis/system_stm32f4xx.o
 .debug_aranges
                0x00000200       0x20 ./system/src/cmsis/vectors_stm32f401xc.o
 .debug_aranges
                0x00000220       0x60 ./src/BLD_Manager.o
 .debug_aranges
                0x00000280       0xb0 ./src/DMA.o
 .debug_aranges
                0x00000330       0x40 ./src/Flash.o
 .debug_aranges
                0x00000370       0x38 ./src/GPIO.o
 .debug_aranges
                0x000003a8       0x48 ./src/NVIC.o
 .debug_aranges
                0x000003f0       0x68 ./src/RCC.o
 .debug_aranges
                0x00000458       0x28 ./src/SCB.o
 .debug_aranges
                0x00000480       0x68 ./src/Usart.o
 .debug_aranges
                0x000004e8       0x20 ./src/main.o

.debug_pubnames
 *(.debug_pubnames)

.debug_info     0x00000000     0x4a72
 *(.debug_info .gnu.linkonce.wi.*)
 .debug_info    0x00000000       0xef ./system/src/newlib/_exit.o
 .debug_info    0x000000ef      0x11f ./system/src/newlib/_sbrk.o
 .debug_info    0x0000020e      0x455 ./system/src/newlib/_startup.o
 .debug_info    0x00000663      0x1c7 ./system/src/newlib/_syscalls.o
 .debug_info    0x0000082a      0x2e7 ./system/src/diag/Trace.o
 .debug_info    0x00000b11      0x30b ./system/src/diag/trace_impl.o
 .debug_info    0x00000e1c      0x2bf ./system/src/cortexm/_initialize_hardware.o
 .debug_info    0x000010db      0x8f4 ./system/src/cortexm/exception_handlers.o
 .debug_info    0x000019cf      0x4e3 ./system/src/cmsis/system_stm32f4xx.o
 .debug_info    0x00001eb2       0xd1 ./system/src/cmsis/vectors_stm32f401xc.o
 .debug_info    0x00001f83      0xbd8 ./src/BLD_Manager.o
 .debug_info    0x00002b5b      0x4ab ./src/DMA.o
 .debug_info    0x00003006      0x299 ./src/Flash.o
 .debug_info    0x0000329f      0x325 ./src/GPIO.o
 .debug_info    0x000035c4      0x53c ./src/NVIC.o
 .debug_info    0x00003b00      0x5e3 ./src/RCC.o
 .debug_info    0x000040e3       0xcf ./src/SCB.o
 .debug_info    0x000041b2      0x707 ./src/Usart.o
 .debug_info    0x000048b9      0x1b9 ./src/main.o

.debug_abbrev   0x00000000     0x1598
 *(.debug_abbrev)
 .debug_abbrev  0x00000000       0x8e ./system/src/newlib/_exit.o
 .debug_abbrev  0x0000008e       0xb9 ./system/src/newlib/_sbrk.o
 .debug_abbrev  0x00000147      0x1ac ./system/src/newlib/_startup.o
 .debug_abbrev  0x000002f3       0xec ./system/src/newlib/_syscalls.o
 .debug_abbrev  0x000003df      0x156 ./system/src/diag/Trace.o
 .debug_abbrev  0x00000535      0x1c8 ./system/src/diag/trace_impl.o
 .debug_abbrev  0x000006fd       0xea ./system/src/cortexm/_initialize_hardware.o
 .debug_abbrev  0x000007e7      0x247 ./system/src/cortexm/exception_handlers.o
 .debug_abbrev  0x00000a2e      0x104 ./system/src/cmsis/system_stm32f4xx.o
 .debug_abbrev  0x00000b32       0x9d ./system/src/cmsis/vectors_stm32f401xc.o
 .debug_abbrev  0x00000bcf      0x190 ./src/BLD_Manager.o
 .debug_abbrev  0x00000d5f      0x132 ./src/DMA.o
 .debug_abbrev  0x00000e91      0x10b ./src/Flash.o
 .debug_abbrev  0x00000f9c      0x108 ./src/GPIO.o
 .debug_abbrev  0x000010a4       0xfb ./src/NVIC.o
 .debug_abbrev  0x0000119f      0x110 ./src/RCC.o
 .debug_abbrev  0x000012af       0x7b ./src/SCB.o
 .debug_abbrev  0x0000132a      0x193 ./src/Usart.o
 .debug_abbrev  0x000014bd       0xdb ./src/main.o

.debug_line     0x00000000     0x5dcb
 *(.debug_line)
 .debug_line    0x00000000      0x301 ./system/src/newlib/_exit.o
 .debug_line    0x00000301      0x2b2 ./system/src/newlib/_sbrk.o
 .debug_line    0x000005b3      0x368 ./system/src/newlib/_startup.o
 .debug_line    0x0000091b      0x3be ./system/src/newlib/_syscalls.o
 .debug_line    0x00000cd9      0x36f ./system/src/diag/Trace.o
 .debug_line    0x00001048      0xa6e ./system/src/diag/trace_impl.o
 .debug_line    0x00001ab6      0x9d6 ./system/src/cortexm/_initialize_hardware.o
 .debug_line    0x0000248c      0xb0c ./system/src/cortexm/exception_handlers.o
 .debug_line    0x00002f98      0x9d6 ./system/src/cmsis/system_stm32f4xx.o
 .debug_line    0x0000396e       0xf6 ./system/src/cmsis/vectors_stm32f401xc.o
 .debug_line    0x00003a64      0x4d3 ./src/BLD_Manager.o
 .debug_line    0x00003f37      0x470 ./src/DMA.o
 .debug_line    0x000043a7      0x3ad ./src/Flash.o
 .debug_line    0x00004754      0x378 ./src/GPIO.o
 .debug_line    0x00004acc      0x3a0 ./src/NVIC.o
 .debug_line    0x00004e6c      0x47d ./src/RCC.o
 .debug_line    0x000052e9      0x31a ./src/SCB.o
 .debug_line    0x00005603      0x477 ./src/Usart.o
 .debug_line    0x00005a7a      0x351 ./src/main.o

.debug_frame    0x00000000      0xd78
 *(.debug_frame)
 .debug_frame   0x00000000       0x38 ./system/src/newlib/_exit.o
 .debug_frame   0x00000038       0x28 ./system/src/newlib/_sbrk.o
 .debug_frame   0x00000060       0x7c ./system/src/newlib/_startup.o
 .debug_frame   0x000000dc       0x50 ./system/src/newlib/_syscalls.o
 .debug_frame   0x0000012c       0x94 ./system/src/diag/Trace.o
 .debug_frame   0x000001c0       0x60 ./system/src/diag/trace_impl.o
 .debug_frame   0x00000220       0x40 ./system/src/cortexm/_initialize_hardware.o
 .debug_frame   0x00000260      0x158 ./system/src/cortexm/exception_handlers.o
 .debug_frame   0x000003b8       0x30 ./system/src/cmsis/system_stm32f4xx.o
 .debug_frame   0x000003e8       0x20 ./system/src/cmsis/vectors_stm32f401xc.o
 .debug_frame   0x00000408       0xf0 ./src/BLD_Manager.o
 .debug_frame   0x000004f8      0x1f4 ./src/DMA.o
 .debug_frame   0x000006ec       0x70 ./src/Flash.o
 .debug_frame   0x0000075c       0x7c ./src/GPIO.o
 .debug_frame   0x000007d8       0x88 ./src/NVIC.o
 .debug_frame   0x00000860       0xe4 ./src/RCC.o
 .debug_frame   0x00000944       0x30 ./src/SCB.o
 .debug_frame   0x00000974      0x118 ./src/Usart.o
 .debug_frame   0x00000a8c       0x28 ./src/main.o
 .debug_frame   0x00000ab4       0x20 f:/michael/iti/embedded_arm/tools/arm gcc/bin/../lib/gcc/arm-none-eabi/5.4.1/../../../../arm-none-eabi/lib/armv7e-m\libg_nano.a(lib_a-errno.o)
 .debug_frame   0x00000ad4       0x48 f:/michael/iti/embedded_arm/tools/arm gcc/bin/../lib/gcc/arm-none-eabi/5.4.1/../../../../arm-none-eabi/lib/armv7e-m\libg_nano.a(lib_a-vsnprintf.o)
 .debug_frame   0x00000b1c       0x90 f:/michael/iti/embedded_arm/tools/arm gcc/bin/../lib/gcc/arm-none-eabi/5.4.1/../../../../arm-none-eabi/lib/armv7e-m\libg_nano.a(lib_a-nano-svfprintf.o)
 .debug_frame   0x00000bac       0x60 f:/michael/iti/embedded_arm/tools/arm gcc/bin/../lib/gcc/arm-none-eabi/5.4.1/../../../../arm-none-eabi/lib/armv7e-m\libg_nano.a(lib_a-nano-vfprintf_i.o)
 .debug_frame   0x00000c0c       0x28 f:/michael/iti/embedded_arm/tools/arm gcc/bin/../lib/gcc/arm-none-eabi/5.4.1/../../../../arm-none-eabi/lib/armv7e-m\libg_nano.a(lib_a-memcpy-stub.o)
 .debug_frame   0x00000c34       0x28 f:/michael/iti/embedded_arm/tools/arm gcc/bin/../lib/gcc/arm-none-eabi/5.4.1/../../../../arm-none-eabi/lib/armv7e-m\libg_nano.a(lib_a-memmove.o)
 .debug_frame   0x00000c5c       0x38 f:/michael/iti/embedded_arm/tools/arm gcc/bin/../lib/gcc/arm-none-eabi/5.4.1/../../../../arm-none-eabi/lib/armv7e-m\libg_nano.a(lib_a-nano-freer.o)
 .debug_frame   0x00000c94       0x2c f:/michael/iti/embedded_arm/tools/arm gcc/bin/../lib/gcc/arm-none-eabi/5.4.1/../../../../arm-none-eabi/lib/armv7e-m\libg_nano.a(lib_a-nano-mallocr.o)
 .debug_frame   0x00000cc0       0x3c f:/michael/iti/embedded_arm/tools/arm gcc/bin/../lib/gcc/arm-none-eabi/5.4.1/../../../../arm-none-eabi/lib/armv7e-m\libg_nano.a(lib_a-nano-reallocr.o)
 .debug_frame   0x00000cfc       0x2c f:/michael/iti/embedded_arm/tools/arm gcc/bin/../lib/gcc/arm-none-eabi/5.4.1/../../../../arm-none-eabi/lib/armv7e-m\libg_nano.a(lib_a-sbrkr.o)
 .debug_frame   0x00000d28       0x30 f:/michael/iti/embedded_arm/tools/arm gcc/bin/../lib/gcc/arm-none-eabi/5.4.1/../../../../arm-none-eabi/lib/armv7e-m\libg_nano.a(lib_a-mlock.o)
 .debug_frame   0x00000d58       0x20 f:/michael/iti/embedded_arm/tools/arm gcc/bin/../lib/gcc/arm-none-eabi/5.4.1/../../../../arm-none-eabi/lib/armv7e-m\libg_nano.a(lib_a-nano-msizer.o)

.debug_str      0x00000000    0x74e6b
 *(.debug_str)
 .debug_str     0x00000000     0x6d72 ./system/src/newlib/_exit.o
                               0x6ee4 (size before relaxing)
 .debug_str     0x00006d72      0x4de ./system/src/newlib/_sbrk.o
                               0x62cf (size before relaxing)
 .debug_str     0x00007250      0xbba ./system/src/newlib/_startup.o
                               0x5e84 (size before relaxing)
 .debug_str     0x00007e0a      0xe18 ./system/src/newlib/_syscalls.o
                               0x712f (size before relaxing)
 .debug_str     0x00008c22      0x890 ./system/src/diag/Trace.o
                               0x76d4 (size before relaxing)
 .debug_str     0x000094b2    0x67a24 ./system/src/diag/trace_impl.o
                              0x6f9ea (size before relaxing)
 .debug_str     0x00070ed6       0xbc ./system/src/cortexm/_initialize_hardware.o
                              0x6e7cb (size before relaxing)
 .debug_str     0x00070f92      0x19d ./system/src/cortexm/exception_handlers.o
                              0x6fb74 (size before relaxing)
 .debug_str     0x0007112f       0xe2 ./system/src/cmsis/system_stm32f4xx.o
                              0x6e8bc (size before relaxing)
 .debug_str     0x00071211       0x59 ./system/src/cmsis/vectors_stm32f401xc.o
                               0x30a1 (size before relaxing)
 .debug_str     0x0007126a     0x2a6c ./src/BLD_Manager.o
                               0xa088 (size before relaxing)
 .debug_str     0x00073cd6      0x304 ./src/DMA.o
                               0x8277 (size before relaxing)
 .debug_str     0x00073fda       0xfe ./src/Flash.o
                               0x7b07 (size before relaxing)
 .debug_str     0x000740d8      0x2f9 ./src/GPIO.o
                               0x7b4e (size before relaxing)
 .debug_str     0x000743d1      0x1d3 ./src/NVIC.o
                               0x80ce (size before relaxing)
 .debug_str     0x000745a4      0x5c8 ./src/RCC.o
                               0x8110 (size before relaxing)
 .debug_str     0x00074b6c       0xdf ./src/SCB.o
                               0x76cc (size before relaxing)
 .debug_str     0x00074c4b      0x212 ./src/Usart.o
                               0x84b8 (size before relaxing)
 .debug_str     0x00074e5d        0xe ./src/main.o
                               0x8b29 (size before relaxing)

.debug_loc      0x00000000     0x24f2
 *(.debug_loc)
 .debug_loc     0x00000000       0x82 ./system/src/newlib/_sbrk.o
 .debug_loc     0x00000082      0x265 ./system/src/newlib/_startup.o
 .debug_loc     0x000002e7       0x63 ./system/src/newlib/_syscalls.o
 .debug_loc     0x0000034a      0x102 ./system/src/diag/Trace.o
 .debug_loc     0x0000044c      0x17c ./system/src/diag/trace_impl.o
 .debug_loc     0x000005c8      0x2a8 ./system/src/cortexm/exception_handlers.o
 .debug_loc     0x00000870      0x132 ./system/src/cmsis/system_stm32f4xx.o
 .debug_loc     0x000009a2       0xe5 ./src/BLD_Manager.o
 .debug_loc     0x00000a87      0x1e7 ./src/DMA.o
 .debug_loc     0x00000c6e      0x407 ./src/Flash.o
 .debug_loc     0x00001075      0x410 ./src/GPIO.o
 .debug_loc     0x00001485      0x2a7 ./src/NVIC.o
 .debug_loc     0x0000172c      0x6cd ./src/RCC.o
 .debug_loc     0x00001df9      0x6e6 ./src/Usart.o
 .debug_loc     0x000024df       0x13 ./src/main.o

.debug_macinfo
 *(.debug_macinfo)

.debug_weaknames
 *(.debug_weaknames)

.debug_funcnames
 *(.debug_funcnames)

.debug_typenames
 *(.debug_typenames)

.debug_varnames
 *(.debug_varnames)
OUTPUT(BootLoader_App.elf elf32-littlearm)

.debug_ranges   0x00000000      0x440
 .debug_ranges  0x00000000       0x18 ./system/src/newlib/_exit.o
 .debug_ranges  0x00000018       0x10 ./system/src/newlib/_sbrk.o
 .debug_ranges  0x00000028       0x48 ./system/src/newlib/_startup.o
 .debug_ranges  0x00000070       0x20 ./system/src/newlib/_syscalls.o
 .debug_ranges  0x00000090       0x28 ./system/src/diag/Trace.o
 .debug_ranges  0x000000b8       0x38 ./system/src/diag/trace_impl.o
 .debug_ranges  0x000000f0       0x18 ./system/src/cortexm/_initialize_hardware.o
 .debug_ranges  0x00000108       0x98 ./system/src/cortexm/exception_handlers.o
 .debug_ranges  0x000001a0       0x18 ./system/src/cmsis/system_stm32f4xx.o
 .debug_ranges  0x000001b8       0x10 ./system/src/cmsis/vectors_stm32f401xc.o
 .debug_ranges  0x000001c8       0x50 ./src/BLD_Manager.o
 .debug_ranges  0x00000218       0xa0 ./src/DMA.o
 .debug_ranges  0x000002b8       0x50 ./src/Flash.o
 .debug_ranges  0x00000308       0x28 ./src/GPIO.o
 .debug_ranges  0x00000330       0x38 ./src/NVIC.o
 .debug_ranges  0x00000368       0x58 ./src/RCC.o
 .debug_ranges  0x000003c0       0x18 ./src/SCB.o
 .debug_ranges  0x000003d8       0x58 ./src/Usart.o
 .debug_ranges  0x00000430       0x10 ./src/main.o

.debug_macro    0x00000000    0x13983
 .debug_macro   0x00000000      0x19c ./system/src/newlib/_exit.o
 .debug_macro   0x0000019c      0x898 ./system/src/newlib/_exit.o
 .debug_macro   0x00000a34       0x9c ./system/src/newlib/_exit.o
 .debug_macro   0x00000ad0      0x10e ./system/src/newlib/_exit.o
 .debug_macro   0x00000bde       0x8d ./system/src/newlib/_exit.o
 .debug_macro   0x00000c6b       0x43 ./system/src/newlib/_exit.o
 .debug_macro   0x00000cae      0x30d ./system/src/newlib/_exit.o
 .debug_macro   0x00000fbb       0x35 ./system/src/newlib/_exit.o
 .debug_macro   0x00000ff0      0x151 ./system/src/newlib/_sbrk.o
 .debug_macro   0x00001141      0x174 ./system/src/newlib/_sbrk.o
 .debug_macro   0x000012b5       0x10 ./system/src/newlib/_sbrk.o
 .debug_macro   0x000012c5      0x23b ./system/src/newlib/_sbrk.o
 .debug_macro   0x00001500      0x15b ./system/src/newlib/_startup.o
 .debug_macro   0x0000165b      0x34e ./system/src/newlib/_startup.o
 .debug_macro   0x000019a9      0x1ff ./system/src/newlib/_syscalls.o
 .debug_macro   0x00001ba8       0x1c ./system/src/newlib/_syscalls.o
 .debug_macro   0x00001bc4       0x10 ./system/src/newlib/_syscalls.o
 .debug_macro   0x00001bd4       0x10 ./system/src/newlib/_syscalls.o
 .debug_macro   0x00001be4       0x10 ./system/src/newlib/_syscalls.o
 .debug_macro   0x00001bf4       0x35 ./system/src/newlib/_syscalls.o
 .debug_macro   0x00001c29      0x122 ./system/src/newlib/_syscalls.o
 .debug_macro   0x00001d4b       0x88 ./system/src/newlib/_syscalls.o
 .debug_macro   0x00001dd3       0x2b ./system/src/newlib/_syscalls.o
 .debug_macro   0x00001dfe      0x118 ./system/src/newlib/_syscalls.o
 .debug_macro   0x00001f16      0x159 ./system/src/newlib/_syscalls.o
 .debug_macro   0x0000206f       0x16 ./system/src/newlib/_syscalls.o
 .debug_macro   0x00002085      0x1d9 ./system/src/diag/Trace.o
 .debug_macro   0x0000225e       0x16 ./system/src/diag/Trace.o
 .debug_macro   0x00002274       0x97 ./system/src/diag/Trace.o
 .debug_macro   0x0000230b       0xfd ./system/src/diag/Trace.o
 .debug_macro   0x00002408       0x10 ./system/src/diag/Trace.o
 .debug_macro   0x00002418       0x16 ./system/src/diag/Trace.o
 .debug_macro   0x0000242e      0x18b ./system/src/diag/Trace.o
 .debug_macro   0x000025b9       0x4c ./system/src/diag/Trace.o
 .debug_macro   0x00002605       0x16 ./system/src/diag/Trace.o
 .debug_macro   0x0000261b      0x512 ./system/src/diag/trace_impl.o
 .debug_macro   0x00002b2d       0x31 ./system/src/diag/trace_impl.o
 .debug_macro   0x00002b5e       0x28 ./system/src/diag/trace_impl.o
 .debug_macro   0x00002b86       0x35 ./system/src/diag/trace_impl.o
 .debug_macro   0x00002bbb       0x50 ./system/src/diag/trace_impl.o
 .debug_macro   0x00002c0b      0xe66 ./system/src/diag/trace_impl.o
 .debug_macro   0x00003a71     0x5099 ./system/src/diag/trace_impl.o
 .debug_macro   0x00008b0a       0x43 ./system/src/diag/trace_impl.o
 .debug_macro   0x00008b4d      0x289 ./system/src/diag/trace_impl.o
 .debug_macro   0x00008dd6     0x347f ./system/src/diag/trace_impl.o
 .debug_macro   0x0000c255       0x57 ./system/src/diag/trace_impl.o
 .debug_macro   0x0000c2ac      0x424 ./system/src/diag/trace_impl.o
 .debug_macro   0x0000c6d0      0x9e1 ./system/src/diag/trace_impl.o
 .debug_macro   0x0000d0b1      0x11e ./system/src/diag/trace_impl.o
 .debug_macro   0x0000d1cf       0xf8 ./system/src/diag/trace_impl.o
 .debug_macro   0x0000d2c7       0x27 ./system/src/diag/trace_impl.o
 .debug_macro   0x0000d2ee      0x287 ./system/src/diag/trace_impl.o
 .debug_macro   0x0000d575       0x5f ./system/src/diag/trace_impl.o
 .debug_macro   0x0000d5d4      0x23a ./system/src/diag/trace_impl.o
 .debug_macro   0x0000d80e      0x391 ./system/src/diag/trace_impl.o
 .debug_macro   0x0000db9f      0x16f ./system/src/diag/trace_impl.o
 .debug_macro   0x0000dd0e       0xf9 ./system/src/diag/trace_impl.o
 .debug_macro   0x0000de07       0x23 ./system/src/diag/trace_impl.o
 .debug_macro   0x0000de2a      0x13a ./system/src/diag/trace_impl.o
 .debug_macro   0x0000df64      0x23a ./system/src/diag/trace_impl.o
 .debug_macro   0x0000e19e       0x2e ./system/src/diag/trace_impl.o
 .debug_macro   0x0000e1cc      0x1a7 ./system/src/diag/trace_impl.o
 .debug_macro   0x0000e373       0x22 ./system/src/diag/trace_impl.o
 .debug_macro   0x0000e395       0xa5 ./system/src/diag/trace_impl.o
 .debug_macro   0x0000e43a      0x18b ./system/src/diag/trace_impl.o
 .debug_macro   0x0000e5c5       0x24 ./system/src/diag/trace_impl.o
 .debug_macro   0x0000e5e9       0x35 ./system/src/diag/trace_impl.o
 .debug_macro   0x0000e61e       0x79 ./system/src/diag/trace_impl.o
 .debug_macro   0x0000e697      0x11e ./system/src/diag/trace_impl.o
 .debug_macro   0x0000e7b5       0x85 ./system/src/diag/trace_impl.o
 .debug_macro   0x0000e83a       0x89 ./system/src/diag/trace_impl.o
 .debug_macro   0x0000e8c3      0x31a ./system/src/diag/trace_impl.o
 .debug_macro   0x0000ebdd      0x409 ./system/src/diag/trace_impl.o
 .debug_macro   0x0000efe6       0xe4 ./system/src/diag/trace_impl.o
 .debug_macro   0x0000f0ca      0x48d ./system/src/diag/trace_impl.o
 .debug_macro   0x0000f557      0x22b ./system/src/diag/trace_impl.o
 .debug_macro   0x0000f782      0x202 ./system/src/diag/trace_impl.o
 .debug_macro   0x0000f984      0x6d9 ./system/src/diag/trace_impl.o
 .debug_macro   0x0001005d       0x5b ./system/src/diag/trace_impl.o
 .debug_macro   0x000100b8      0x14d ./system/src/diag/trace_impl.o
 .debug_macro   0x00010205      0x287 ./system/src/diag/trace_impl.o
 .debug_macro   0x0001048c      0x225 ./system/src/diag/trace_impl.o
 .debug_macro   0x000106b1      0x1b5 ./system/src/diag/trace_impl.o
 .debug_macro   0x00010866      0x2db ./system/src/diag/trace_impl.o
 .debug_macro   0x00010b41       0x89 ./system/src/diag/trace_impl.o
 .debug_macro   0x00010bca      0x1df ./system/src/diag/trace_impl.o
 .debug_macro   0x00010da9      0x115 ./system/src/diag/trace_impl.o
 .debug_macro   0x00010ebe       0x6e ./system/src/diag/trace_impl.o
 .debug_macro   0x00010f2c      0x11e ./system/src/diag/trace_impl.o
 .debug_macro   0x0001104a       0x22 ./system/src/diag/trace_impl.o
 .debug_macro   0x0001106c      0x4d6 ./system/src/cortexm/_initialize_hardware.o
 .debug_macro   0x00011542      0x535 ./system/src/cortexm/exception_handlers.o
 .debug_macro   0x00011a77       0x3b ./system/src/cortexm/exception_handlers.o
 .debug_macro   0x00011ab2      0x4d2 ./system/src/cmsis/system_stm32f4xx.o
 .debug_macro   0x00011f84       0x34 ./system/src/cmsis/vectors_stm32f401xc.o
 .debug_macro   0x00011fb8      0x22c ./src/BLD_Manager.o
 .debug_macro   0x000121e4      0x106 ./src/BLD_Manager.o
 .debug_macro   0x000122ea      0x234 ./src/BLD_Manager.o
 .debug_macro   0x0001251e       0x64 ./src/BLD_Manager.o
 .debug_macro   0x00012582      0x193 ./src/BLD_Manager.o
 .debug_macro   0x00012715       0xc4 ./src/BLD_Manager.o
 .debug_macro   0x000127d9       0x16 ./src/BLD_Manager.o
 .debug_macro   0x000127ef       0xb2 ./src/BLD_Manager.o
 .debug_macro   0x000128a1      0x1e6 ./src/DMA.o
 .debug_macro   0x00012a87      0x1f2 ./src/Flash.o
 .debug_macro   0x00012c79      0x217 ./src/GPIO.o
 .debug_macro   0x00012e90      0x202 ./src/NVIC.o
 .debug_macro   0x00013092      0x22e ./src/RCC.o
 .debug_macro   0x000132c0      0x205 ./src/SCB.o
 .debug_macro   0x000134c5      0x1c4 ./src/Usart.o
 .debug_macro   0x00013689       0xca ./src/Usart.o
 .debug_macro   0x00013753       0x16 ./src/Usart.o
 .debug_macro   0x00013769      0x21a ./src/main.o
