Archive member included to satisfy reference by file (symbol)

f:/michael/iti/embedded_arm/tools/arm gcc/bin/../lib/gcc/arm-none-eabi/5.4.1/../../../../arm-none-eabi/lib/armv7e-m\libg_nano.a(lib_a-errno.o)
                              ./system/src/newlib/_sbrk.o (__errno)
f:/michael/iti/embedded_arm/tools/arm gcc/bin/../lib/gcc/arm-none-eabi/5.4.1/../../../../arm-none-eabi/lib/armv7e-m\libg_nano.a(lib_a-impure.o)
                              f:/michael/iti/embedded_arm/tools/arm gcc/bin/../lib/gcc/arm-none-eabi/5.4.1/../../../../arm-none-eabi/lib/armv7e-m\libg_nano.a(lib_a-errno.o) (_impure_ptr)
f:/michael/iti/embedded_arm/tools/arm gcc/bin/../lib/gcc/arm-none-eabi/5.4.1/../../../../arm-none-eabi/lib/armv7e-m\libg_nano.a(lib_a-strlen.o)
                              ./system/src/diag/Trace.o (strlen)
f:/michael/iti/embedded_arm/tools/arm gcc/bin/../lib/gcc/arm-none-eabi/5.4.1/../../../../arm-none-eabi/lib/armv7e-m\libg_nano.a(lib_a-vsnprintf.o)
                              ./system/src/diag/Trace.o (vsnprintf)
f:/michael/iti/embedded_arm/tools/arm gcc/bin/../lib/gcc/arm-none-eabi/5.4.1/../../../../arm-none-eabi/lib/armv7e-m\libg_nano.a(lib_a-nano-svfprintf.o)
                              f:/michael/iti/embedded_arm/tools/arm gcc/bin/../lib/gcc/arm-none-eabi/5.4.1/../../../../arm-none-eabi/lib/armv7e-m\libg_nano.a(lib_a-vsnprintf.o) (_svfprintf_r)
f:/michael/iti/embedded_arm/tools/arm gcc/bin/../lib/gcc/arm-none-eabi/5.4.1/../../../../arm-none-eabi/lib/armv7e-m\libg_nano.a(lib_a-nano-vfprintf_i.o)
                              f:/michael/iti/embedded_arm/tools/arm gcc/bin/../lib/gcc/arm-none-eabi/5.4.1/../../../../arm-none-eabi/lib/armv7e-m\libg_nano.a(lib_a-nano-svfprintf.o) (_printf_i)
f:/michael/iti/embedded_arm/tools/arm gcc/bin/../lib/gcc/arm-none-eabi/5.4.1/../../../../arm-none-eabi/lib/armv7e-m\libg_nano.a(lib_a-memchr.o)
                              f:/michael/iti/embedded_arm/tools/arm gcc/bin/../lib/gcc/arm-none-eabi/5.4.1/../../../../arm-none-eabi/lib/armv7e-m\libg_nano.a(lib_a-nano-svfprintf.o) (memchr)
f:/michael/iti/embedded_arm/tools/arm gcc/bin/../lib/gcc/arm-none-eabi/5.4.1/../../../../arm-none-eabi/lib/armv7e-m\libg_nano.a(lib_a-memcpy-stub.o)
                              f:/michael/iti/embedded_arm/tools/arm gcc/bin/../lib/gcc/arm-none-eabi/5.4.1/../../../../arm-none-eabi/lib/armv7e-m\libg_nano.a(lib_a-nano-svfprintf.o) (memcpy)
f:/michael/iti/embedded_arm/tools/arm gcc/bin/../lib/gcc/arm-none-eabi/5.4.1/../../../../arm-none-eabi/lib/armv7e-m\libg_nano.a(lib_a-memmove.o)
                              f:/michael/iti/embedded_arm/tools/arm gcc/bin/../lib/gcc/arm-none-eabi/5.4.1/../../../../arm-none-eabi/lib/armv7e-m\libg_nano.a(lib_a-nano-svfprintf.o) (memmove)
f:/michael/iti/embedded_arm/tools/arm gcc/bin/../lib/gcc/arm-none-eabi/5.4.1/../../../../arm-none-eabi/lib/armv7e-m\libg_nano.a(lib_a-nano-freer.o)
                              f:/michael/iti/embedded_arm/tools/arm gcc/bin/../lib/gcc/arm-none-eabi/5.4.1/../../../../arm-none-eabi/lib/armv7e-m\libg_nano.a(lib_a-nano-svfprintf.o) (_free_r)
f:/michael/iti/embedded_arm/tools/arm gcc/bin/../lib/gcc/arm-none-eabi/5.4.1/../../../../arm-none-eabi/lib/armv7e-m\libg_nano.a(lib_a-nano-mallocr.o)
                              f:/michael/iti/embedded_arm/tools/arm gcc/bin/../lib/gcc/arm-none-eabi/5.4.1/../../../../arm-none-eabi/lib/armv7e-m\libg_nano.a(lib_a-nano-svfprintf.o) (_malloc_r)
f:/michael/iti/embedded_arm/tools/arm gcc/bin/../lib/gcc/arm-none-eabi/5.4.1/../../../../arm-none-eabi/lib/armv7e-m\libg_nano.a(lib_a-nano-reallocr.o)
                              f:/michael/iti/embedded_arm/tools/arm gcc/bin/../lib/gcc/arm-none-eabi/5.4.1/../../../../arm-none-eabi/lib/armv7e-m\libg_nano.a(lib_a-nano-svfprintf.o) (_realloc_r)
f:/michael/iti/embedded_arm/tools/arm gcc/bin/../lib/gcc/arm-none-eabi/5.4.1/../../../../arm-none-eabi/lib/armv7e-m\libg_nano.a(lib_a-sbrkr.o)
                              f:/michael/iti/embedded_arm/tools/arm gcc/bin/../lib/gcc/arm-none-eabi/5.4.1/../../../../arm-none-eabi/lib/armv7e-m\libg_nano.a(lib_a-nano-mallocr.o) (_sbrk_r)
f:/michael/iti/embedded_arm/tools/arm gcc/bin/../lib/gcc/arm-none-eabi/5.4.1/../../../../arm-none-eabi/lib/armv7e-m\libg_nano.a(lib_a-mlock.o)
                              f:/michael/iti/embedded_arm/tools/arm gcc/bin/../lib/gcc/arm-none-eabi/5.4.1/../../../../arm-none-eabi/lib/armv7e-m\libg_nano.a(lib_a-nano-freer.o) (__malloc_lock)
f:/michael/iti/embedded_arm/tools/arm gcc/bin/../lib/gcc/arm-none-eabi/5.4.1/../../../../arm-none-eabi/lib/armv7e-m\libg_nano.a(lib_a-nano-msizer.o)
                              f:/michael/iti/embedded_arm/tools/arm gcc/bin/../lib/gcc/arm-none-eabi/5.4.1/../../../../arm-none-eabi/lib/armv7e-m\libg_nano.a(lib_a-nano-reallocr.o) (_malloc_usable_size_r)

Allocating common symbols
Common symbol       size              file

RunnableList        0x3c              ./src/Services/Sched/Sched.o
errno               0x4               ./system/src/newlib/_syscalls.o
[...]
Memory Configuration

Name             Origin             Length             Attributes
RAM              0x20000000         0x00010000         xrw
CCMRAM           0x10000000         0x00000000         xrw
FLASH            0x08008000         0x00038000         xr
FLASHB1          0x00000000         0x00000000         xr
EXTMEMB0         0x00000000         0x00000000         xr
EXTMEMB1         0x00000000         0x00000000         xr
EXTMEMB2         0x00000000         0x00000000         xr
EXTMEMB3         0x00000000         0x00000000         xr
*default*        0x00000000         0xffffffff

Linker script and memory map

LOAD ./system/src/stm32f4-hal/stm32f4xx_hal.o
LOAD ./system/src/stm32f4-hal/stm32f4xx_hal_cortex.o
LOAD ./system/src/stm32f4-hal/stm32f4xx_hal_dfsdm.o
LOAD ./system/src/stm32f4-hal/stm32f4xx_hal_flash.o
LOAD ./system/src/stm32f4-hal/stm32f4xx_hal_flash_ex.o
LOAD ./system/src/stm32f4-hal/stm32f4xx_hal_flash_ramfunc.o
LOAD ./system/src/stm32f4-hal/stm32f4xx_hal_gpio.o
LOAD ./system/src/stm32f4-hal/stm32f4xx_hal_iwdg.o
LOAD ./system/src/stm32f4-hal/stm32f4xx_hal_pwr.o
LOAD ./system/src/stm32f4-hal/stm32f4xx_hal_rcc.o
LOAD ./system/src/newlib/_cxx.o
LOAD ./system/src/newlib/_exit.o
LOAD ./system/src/newlib/_sbrk.o
LOAD ./system/src/newlib/_startup.o
LOAD ./system/src/newlib/_syscalls.o
LOAD ./system/src/newlib/assert.o
LOAD ./system/src/diag/Trace.o
LOAD ./system/src/diag/trace_impl.o
LOAD ./system/src/cortexm/_initialize_hardware.o
LOAD ./system/src/cortexm/_reset_hardware.o
LOAD ./system/src/cortexm/exception_handlers.o
LOAD ./system/src/cmsis/system_stm32f4xx.o
LOAD ./system/src/cmsis/vectors_stm32f401xc.o
LOAD ./src/Services/Sched/Sched.o
LOAD ./src/Services/Sched/Sched_cfg.o
LOAD ./src/Services/Sched/Sched_prv.o
LOAD ./src/Mcal/Usart/Usart.o
LOAD ./src/Mcal/Systick/Systick.o
LOAD ./src/Mcal/Systick/Systick_cfg.o
LOAD ./src/Mcal/Systick/Systick_prv.o
LOAD ./src/Mcal/Scb/SCB.o
LOAD ./src/Mcal/Rcc/Rcc.o
LOAD ./src/Mcal/Nvic/NVIC.o
LOAD ./src/Mcal/Gpio/Gpio.o
LOAD ./src/Mcal/Flash/Flash.o
LOAD ./src/Mcal/Dma/DMA.o
LOAD ./src/Lcd/Lcd.o
LOAD ./src/Lcd/Lcd_cfg.o
LOAD ./src/Lcd/Lcd_prv.o
LOAD ./src/Hal/Stepmotor/Stepmotor.o
LOAD ./src/Hal/Stepmotor/Stepmotor_cfg.o
LOAD ./src/Hal/Stepmotor/Stepmotor_prv.o
LOAD ./src/Hal/Led/Led.o
LOAD ./src/Hal/Led/Led_cfg.o
LOAD ./src/Hal/Keypad/Keypad.o
LOAD ./src/Hal/Keypad/Keypad_cfg.o
LOAD ./src/Hal/Keypad/Keypad_prv.o
LOAD ./src/Hal/Dcmotor/Dcmotor.o
LOAD ./src/Hal/Dcmotor/Dcmotor_cfg.o
LOAD ./src/Hal/Buzzer/Buzzer.o
LOAD ./src/Hal/Buzzer/Buzzer_cfg.o
LOAD ./src/App/Smart_Home/Smart_Home.o
LOAD ./src/App/Smart_Home/Smart_Home_cfg.o
LOAD ./src/App/Smart_Home/Smart_Home_prv.o
LOAD ./src/main.o
LOAD f:/michael/iti/embedded_arm/tools/arm gcc/bin/../lib/gcc/arm-none-eabi/5.4.1/../../../../arm-none-eabi/lib/armv7e-m\libstdc++_nano.a
LOAD f:/michael/iti/embedded_arm/tools/arm gcc/bin/../lib/gcc/arm-none-eabi/5.4.1/../../../../arm-none-eabi/lib/armv7e-m\libm.a
START GROUP
LOAD f:/michael/iti/embedded_arm/tools/arm gcc/bin/../lib/gcc/arm-none-eabi/5.4.1/armv7e-m\libgcc.a
LOAD f:/michael/iti/embedded_arm/tools/arm gcc/bin/../lib/gcc/arm-none-eabi/5.4.1/../../../../arm-none-eabi/lib/armv7e-m\libg_nano.a
LOAD f:/michael/iti/embedded_arm/tools/arm gcc/bin/../lib/gcc/arm-none-eabi/5.4.1/../../../../arm-none-eabi/lib/armv7e-m\libc_nano.a
END GROUP
START GROUP
LOAD f:/michael/iti/embedded_arm/tools/arm gcc/bin/../lib/gcc/arm-none-eabi/5.4.1/armv7e-m\libgcc.a
LOAD f:/michael/iti/embedded_arm/tools/arm gcc/bin/../lib/gcc/arm-none-eabi/5.4.1/../../../../arm-none-eabi/lib/armv7e-m\libc_nano.a
END GROUP
                0x20010000                __stack = (ORIGIN (RAM) + LENGTH (RAM))
                0x20010000                _estack = __stack
                0x00000400                __Main_Stack_Size = 0x400
                [!provide]                PROVIDE (_Main_Stack_Size, __Main_Stack_Size)
                0x2000fc00                __Main_Stack_Limit = (__stack - __Main_Stack_Size)
                [!provide]                PROVIDE (_Main_Stack_Limit, __Main_Stack_Limit)
                0x00000100                _Minimum_Stack_Size = 0x100
                0x2000022c                PROVIDE (_Heap_Begin, _end_noinit)
                0x2000fc00                PROVIDE (_Heap_Limit, (__stack - __Main_Stack_Size))

.isr_vector     0x08008000      0x3f8
 FILL mask 0xff
                0x08008000                __vectors_start = ABSOLUTE (.)
                0x08008000                __vectors_start__ = ABSOLUTE (.)
 *(.isr_vector)
 .isr_vector    0x08008000      0x194 ./system/src/cmsis/vectors_stm32f401xc.o
                0x08008000                __isr_vectors
 *(.cfmconfig)
 *(.after_vectors .after_vectors.*)
 .after_vectors
                0x08008194      0x130 ./system/src/newlib/_startup.o
                0x08008194                _start
 .after_vectors
                0x080082c4      0x130 ./system/src/cortexm/exception_handlers.o
                0x080082c4                Reset_Handler
                0x080082cc                NMI_Handler
                0x080082d0                HardFault_Handler
                0x080082e4                HardFault_Handler_C
                0x08008344                MemManage_Handler
                0x08008348                BusFault_Handler
                0x0800835c                BusFault_Handler_C
                0x08008390                UsageFault_Handler
                0x080083a4                UsageFault_Handler_C
                0x080083d8                SVC_Handler
                0x080083dc                DebugMon_Handler
                0x080083e0                PendSV_Handler
 .after_vectors
                0x080083f4        0x4 ./system/src/cmsis/vectors_stm32f401xc.o
                0x080083f4                RTC_Alarm_IRQHandler
                0x080083f4                EXTI2_IRQHandler
                0x080083f4                SPI4_IRQHandler
                0x080083f4                TIM1_CC_IRQHandler
                0x080083f4                PVD_IRQHandler
                0x080083f4                SDIO_IRQHandler
                0x080083f4                TAMP_STAMP_IRQHandler
                0x080083f4                EXTI3_IRQHandler
                0x080083f4                TIM1_UP_TIM10_IRQHandler
                0x080083f4                I2C3_ER_IRQHandler
                0x080083f4                EXTI0_IRQHandler
                0x080083f4                I2C2_EV_IRQHandler
                0x080083f4                FPU_IRQHandler
                0x080083f4                SPI1_IRQHandler
                0x080083f4                TIM1_BRK_TIM9_IRQHandler
                0x080083f4                USART6_IRQHandler
                0x080083f4                TIM4_IRQHandler
                0x080083f4                I2C1_EV_IRQHandler
                0x080083f4                TIM3_IRQHandler
                0x080083f4                RCC_IRQHandler
                0x080083f4                Default_Handler
                0x080083f4                EXTI15_10_IRQHandler
                0x080083f4                ADC_IRQHandler
                0x080083f4                TIM5_IRQHandler
                0x080083f4                I2C3_EV_IRQHandler
                0x080083f4                EXTI9_5_IRQHandler
                0x080083f4                RTC_WKUP_IRQHandler
                0x080083f4                SPI2_IRQHandler
                0x080083f4                EXTI4_IRQHandler
                0x080083f4                WWDG_IRQHandler
                0x080083f4                TIM2_IRQHandler
                0x080083f4                OTG_FS_WKUP_IRQHandler
                0x080083f4                TIM1_TRG_COM_TIM11_IRQHandler
                0x080083f4                EXTI1_IRQHandler
                0x080083f4                USART2_IRQHandler
                0x080083f4                I2C2_ER_IRQHandler
                0x080083f4                FLASH_IRQHandler
                0x080083f4                OTG_FS_IRQHandler
                0x080083f4                SPI3_IRQHandler
                0x080083f4                I2C1_ER_IRQHandler

.inits          0x080083f8       0x28
                0x080083f8                __data_regions_array_start = .
                0x080083f8        0x4 LONG 0x800b218 LOADADDR (.data)
                0x080083fc        0x4 LONG 0x20000000 ADDR (.data)
                0x08008400        0x4 LONG 0x20000080 (ADDR (.data) + SIZEOF (.data))
                0x08008404        0x4 LONG 0x800b218 LOADADDR (.data_CCMRAM)
                0x08008408        0x4 LONG 0x10000000 ADDR (.data_CCMRAM)
                0x0800840c        0x4 LONG 0x10000000 (ADDR (.data_CCMRAM) + SIZEOF (.data_CCMRAM))
                0x08008410                __data_regions_array_end = .
                0x08008410                __bss_regions_array_start = .
                0x08008410        0x4 LONG 0x20000080 ADDR (.bss)
                0x08008414        0x4 LONG 0x2000022c (ADDR (.bss) + SIZEOF (.bss))
                0x08008418        0x4 LONG 0x10000000 ADDR (.bss_CCMRAM)
                0x0800841c        0x4 LONG 0x10000000 (ADDR (.bss_CCMRAM) + SIZEOF (.bss_CCMRAM))
                0x08008420                __bss_regions_array_end = .
 *(.init)
 *(.fini)
                0x08008420                . = ALIGN (0x4)
                0x08008420                PROVIDE (__preinit_array_start, .)
 *(.preinit_array_sysinit .preinit_array_sysinit.*)
 *(.preinit_array_platform .preinit_array_platform.*)
 *(.preinit_array .preinit_array.*)
                0x08008420                PROVIDE (__preinit_array_end, .)
                0x08008420                . = ALIGN (0x4)
                0x08008420                PROVIDE (__init_array_start, .)
 *(SORT(.init_array.*))
 *(.init_array)
                0x08008420                PROVIDE (__init_array_end, .)
                0x08008420                . = ALIGN (0x4)
                0x08008420                PROVIDE (__fini_array_start, .)
 *(SORT(.fini_array.*))
 *(.fini_array)
                0x08008420                PROVIDE (__fini_array_end, .)

.flashtext
 *(.flashtext .flashtext.*)

.text           0x08008420     0x2df7
 *(.text .text.*)
 .text._exit    0x08008420        0x4 ./system/src/newlib/_exit.o
                0x08008420                _exit
 .text._sbrk    0x08008424       0x44 ./system/src/newlib/_sbrk.o
                0x08008424                _sbrk
 .text.__initialize_args
                0x08008468       0x10 ./system/src/newlib/_syscalls.o
                0x08008468                __initialize_args
 .text.trace_printf
                0x08008478       0x30 ./system/src/diag/Trace.o
                0x08008478                trace_printf
 .text._trace_write_semihosting_debug
                0x080084a8       0x64 ./system/src/diag/trace_impl.o
 .text.trace_write
                0x0800850c        0x8 ./system/src/diag/trace_impl.o
                0x0800850c                trace_write
 .text.__initialize_hardware_early
                0x08008514       0x18 ./system/src/cortexm/_initialize_hardware.o
                0x08008514                __initialize_hardware_early
 .text.__initialize_hardware
                0x0800852c        0x8 ./system/src/cortexm/_initialize_hardware.o
                0x0800852c                __initialize_hardware
 .text.dumpExceptionStack
                0x08008534       0xf0 ./system/src/cortexm/exception_handlers.o
                0x08008534                dumpExceptionStack
 .text.isSemihosting
                0x08008624       0x20 ./system/src/cortexm/exception_handlers.o
                0x08008624                isSemihosting
 .text.SystemInit
                0x08008644       0x40 ./system/src/cmsis/system_stm32f4xx.o
                0x08008644                SystemInit
 .text.SystemCoreClockUpdate
                0x08008684       0xa0 ./system/src/cmsis/system_stm32f4xx.o
                0x08008684                SystemCoreClockUpdate
 .text.Sched    0x08008724       0x4c ./src/Services/Sched/Sched.o
 .text.Sched_vidInit
                0x08008770       0x18 ./src/Services/Sched/Sched.o
                0x08008770                Sched_vidInit
 .text.Sched_vidStart
                0x08008788        0x8 ./src/Services/Sched/Sched.o
                0x08008788                Sched_vidStart
 .text.Sched_RegisterRunnable
                0x08008790       0x30 ./src/Services/Sched/Sched.o
                0x08008790                Sched_RegisterRunnable
 .text.Usart_ClearTcSecunce
                0x080087c0       0x18 ./src/Mcal/Usart/Usart.o
 .text.Uart_Init
                0x080087d8       0xe8 ./src/Mcal/Usart/Usart.o
                0x080087d8                Uart_Init
 .text.Uart_SendByte
                0x080088c0       0x2c ./src/Mcal/Usart/Usart.o
                0x080088c0                Uart_SendByte
 .text.Uart_RxByte
                0x080088ec       0x14 ./src/Mcal/Usart/Usart.o
                0x080088ec                Uart_RxByte
 .text.USART1_IRQHandler
                0x08008900       0x94 ./src/Mcal/Usart/Usart.o
                0x08008900                USART1_IRQHandler
 .text.Systick_Init
                0x08008994        0xc ./src/Mcal/Systick/Systick.o
                0x08008994                Systick_Init
 .text.Systick_SetTickTime_ms
                0x080089a0       0x24 ./src/Mcal/Systick/Systick.o
                0x080089a0                Systick_SetTickTime_ms
 .text.Systick_Start
                0x080089c4       0x10 ./src/Mcal/Systick/Systick.o
                0x080089c4                Systick_Start
 .text.Systick_Register_cbf
                0x080089d4        0xc ./src/Mcal/Systick/Systick.o
                0x080089d4                Systick_Register_cbf
 .text.SysTick_Handler
                0x080089e0       0x10 ./src/Mcal/Systick/Systick.o
                0x080089e0                SysTick_Handler
 .text.SCB_RestSys
                0x080089f0       0x10 ./src/Mcal/Scb/SCB.o
                0x080089f0                SCB_RestSys
 .text.Rcc_enuGetStatusClock
                0x08008a00       0x64 ./src/Mcal/Rcc/Rcc.o
                0x08008a00                Rcc_enuGetStatusClock
 .text.Rcc_enuSelectSysClock
                0x08008a64       0x64 ./src/Mcal/Rcc/Rcc.o
                0x08008a64                Rcc_enuSelectSysClock
 .text.Rcc_enuEnableClockPeripheral
                0x08008ac8      0x230 ./src/Mcal/Rcc/Rcc.o
                0x08008ac8                Rcc_enuEnableClockPeripheral
 .text.Rcc_enuControlSystemClockHSIOn
                0x08008cf8       0x40 ./src/Mcal/Rcc/Rcc.o
                0x08008cf8                Rcc_enuControlSystemClockHSIOn
 .text.Rcc_enuControlSystemClockHSEOn
                0x08008d38       0x44 ./src/Mcal/Rcc/Rcc.o
                0x08008d38                Rcc_enuControlSystemClockHSEOn
 .text.Rcc_enuControlSystemClockPLLOn
                0x08008d7c       0x44 ./src/Mcal/Rcc/Rcc.o
                0x08008d7c                Rcc_enuControlSystemClockPLLOn
 .text.Rcc_enuControlSystemClockHSIOff
                0x08008dc0       0x3c ./src/Mcal/Rcc/Rcc.o
                0x08008dc0                Rcc_enuControlSystemClockHSIOff
 .text.Rcc_enuControlSystemClockHSEOff
                0x08008dfc       0x3c ./src/Mcal/Rcc/Rcc.o
                0x08008dfc                Rcc_enuControlSystemClockHSEOff
 .text.Rcc_enuControlSystemClockPLLOff
                0x08008e38       0x28 ./src/Mcal/Rcc/Rcc.o
                0x08008e38                Rcc_enuControlSystemClockPLLOff
 .text.Rcc_enuSysClockOnOff
                0x08008e60       0x54 ./src/Mcal/Rcc/Rcc.o
                0x08008e60                Rcc_enuSysClockOnOff
 .text.gpio_initPin
                0x08008eb4       0x70 ./src/Mcal/Gpio/Gpio.o
                0x08008eb4                gpio_initPin
 .text.gpio_setPinValue
                0x08008f24       0x40 ./src/Mcal/Gpio/Gpio.o
                0x08008f24                gpio_setPinValue
 .text.gpio_getPinValue
                0x08008f64       0x34 ./src/Mcal/Gpio/Gpio.o
                0x08008f64                gpio_getPinValue
 .text.Flash_SetProgramSize
                0x08008f98       0x18 ./src/Mcal/Flash/Flash.o
 .text.Flash_Init
                0x08008fb0       0x18 ./src/Mcal/Flash/Flash.o
                0x08008fb0                Flash_Init
 .text.Flash_SectorErase
                0x08008fc8       0x58 ./src/Mcal/Flash/Flash.o
                0x08008fc8                Flash_SectorErase
 .text.Flash_Program
                0x08009020       0xa4 ./src/Mcal/Flash/Flash.o
                0x08009020                Flash_Program
 .text.DMA1_Stream0_IRQHandler
                0x080090c4       0x10 ./src/Mcal/Dma/DMA.o
                0x080090c4                DMA1_Stream0_IRQHandler
 .text.DMA1_Stream1_IRQHandler
                0x080090d4       0x10 ./src/Mcal/Dma/DMA.o
                0x080090d4                DMA1_Stream1_IRQHandler
 .text.DMA1_Stream2_IRQHandler
                0x080090e4       0x10 ./src/Mcal/Dma/DMA.o
                0x080090e4                DMA1_Stream2_IRQHandler
 .text.DMA1_Stream3_IRQHandler
                0x080090f4       0x10 ./src/Mcal/Dma/DMA.o
                0x080090f4                DMA1_Stream3_IRQHandler
 .text.DMA1_Stream4_IRQHandler
                0x08009104       0x10 ./src/Mcal/Dma/DMA.o
                0x08009104                DMA1_Stream4_IRQHandler
 .text.DMA1_Stream5_IRQHandler
                0x08009114       0x10 ./src/Mcal/Dma/DMA.o
                0x08009114                DMA1_Stream5_IRQHandler
 .text.DMA1_Stream6_IRQHandler
                0x08009124       0x10 ./src/Mcal/Dma/DMA.o
                0x08009124                DMA1_Stream6_IRQHandler
 .text.DMA1_Stream7_IRQHandler
                0x08009134       0x10 ./src/Mcal/Dma/DMA.o
                0x08009134                DMA1_Stream7_IRQHandler
 .text.DMA2_Stream0_IRQHandler
                0x08009144       0x10 ./src/Mcal/Dma/DMA.o
                0x08009144                DMA2_Stream0_IRQHandler
 .text.DMA2_Stream1_IRQHandler
                0x08009154       0x10 ./src/Mcal/Dma/DMA.o
                0x08009154                DMA2_Stream1_IRQHandler
 .text.DMA2_Stream2_IRQHandler
                0x08009164       0x10 ./src/Mcal/Dma/DMA.o
                0x08009164                DMA2_Stream2_IRQHandler
 .text.DMA2_Stream3_IRQHandler
                0x08009174       0x10 ./src/Mcal/Dma/DMA.o
                0x08009174                DMA2_Stream3_IRQHandler
 .text.DMA2_Stream4_IRQHandler
                0x08009184       0x10 ./src/Mcal/Dma/DMA.o
                0x08009184                DMA2_Stream4_IRQHandler
 .text.DMA2_Stream5_IRQHandler
                0x08009194       0x10 ./src/Mcal/Dma/DMA.o
                0x08009194                DMA2_Stream5_IRQHandler
 .text.DMA2_Stream6_IRQHandler
                0x080091a4       0x10 ./src/Mcal/Dma/DMA.o
                0x080091a4                DMA2_Stream6_IRQHandler
 .text.DMA2_Stream7_IRQHandler
                0x080091b4       0x10 ./src/Mcal/Dma/DMA.o
                0x080091b4                DMA2_Stream7_IRQHandler
 .text.Lcd_vidInit
                0x080091c4       0x60 ./src/Lcd/Lcd.o
                0x080091c4                Lcd_vidInit
 .text.Lcd_vidSendCommand
                0x08009224       0x28 ./src/Lcd/Lcd.o
                0x08009224                Lcd_vidSendCommand
 .text.Lcd_vidDisplayCharacter
                0x0800924c       0x28 ./src/Lcd/Lcd.o
                0x0800924c                Lcd_vidDisplayCharacter
 .text.Lcd_vidDisplayString
                0x08009274       0x54 ./src/Lcd/Lcd.o
                0x08009274                Lcd_vidDisplayString
 .text.Lcd_vidGoTo
                0x080092c8       0x30 ./src/Lcd/Lcd.o
                0x080092c8                Lcd_vidGoTo
 .text.Init_Process
                0x080092f8       0xa4 ./src/Lcd/Lcd_prv.o
                0x080092f8                Init_Process
 .text.GoTo_Process
                0x0800939c       0x50 ./src/Lcd/Lcd_prv.o
                0x0800939c                GoTo_Process
 .text.DisplayString_Process
                0x080093ec       0x70 ./src/Lcd/Lcd_prv.o
                0x080093ec                DisplayString_Process
 .text.CreateCustomChar_Process
                0x0800945c       0x5c ./src/Lcd/Lcd_prv.o
                0x0800945c                CreateCustomChar_Process
 .text.SendCommand_Process
                0x080094b8      0x108 ./src/Lcd/Lcd_prv.o
                0x080094b8                SendCommand_Process
 .text.DisplayChar_Process
                0x080095c0       0xfc ./src/Lcd/Lcd_prv.o
                0x080095c0                DisplayChar_Process
 .text.Lcd_Task
                0x080096bc       0x40 ./src/Lcd/Lcd_prv.o
                0x080096bc                Lcd_Task
 .text.Stepmotor_vidInit
                0x080096fc       0xac ./src/Hal/Stepmotor/Stepmotor.o
                0x080096fc                Stepmotor_vidInit
 .text.Stepmotor_Task
                0x080097a8      0x374 ./src/Hal/Stepmotor/Stepmotor_prv.o
                0x080097a8                Stepmotor_Task
 .text.Led_enuInit
                0x08009b1c       0x58 ./src/Hal/Led/Led.o
                0x08009b1c                Led_enuInit
 .text.Led_enuSetState
                0x08009b74       0x20 ./src/Hal/Led/Led.o
                0x08009b74                Led_enuSetState
 .text.Keypad_enuInit
                0x08009b94       0x94 ./src/Hal/Keypad/Keypad.o
                0x08009b94                Keypad_enuInit
 .text.Keypad_enuGetKey
                0x08009c28       0x28 ./src/Hal/Keypad/Keypad.o
                0x08009c28                Keypad_enuGetKey
 .text.Keypad_Task
                0x08009c50       0xd4 ./src/Hal/Keypad/Keypad_prv.o
                0x08009c50                Keypad_Task
 .text.DCmotor_enuInit
                0x08009d24       0x74 ./src/Hal/Dcmotor/Dcmotor.o
                0x08009d24                DCmotor_enuInit
 .text.Dcmotor_enuOnMotor
                0x08009d98       0x5c ./src/Hal/Dcmotor/Dcmotor.o
                0x08009d98                Dcmotor_enuOnMotor
 .text.Dcmotor_enuOffMotor
                0x08009df4       0x30 ./src/Hal/Dcmotor/Dcmotor.o
                0x08009df4                Dcmotor_enuOffMotor
 .text.Buzzer_enuInit
                0x08009e24       0x44 ./src/Hal/Buzzer/Buzzer.o
                0x08009e24                Buzzer_enuInit
 .text.Buzzer_enuOn
                0x08009e68       0x28 ./src/Hal/Buzzer/Buzzer.o
                0x08009e68                Buzzer_enuOn
 .text.App_vidInit
                0x08009e90       0xf8 ./src/App/Smart_Home/Smart_Home.o
                0x08009e90                App_vidInit
 .text.Start_Process
                0x08009f88       0xac ./src/App/Smart_Home/Smart_Home_prv.o
                0x08009f88                Start_Process
 .text.Logging_Success
                0x0800a034      0x17c ./src/App/Smart_Home/Smart_Home_prv.o
                0x0800a034                Logging_Success
 .text.Logging_Error
                0x0800a1b0       0x88 ./src/App/Smart_Home/Smart_Home_prv.o
                0x0800a1b0                Logging_Error
 .text.Window_Process
                0x0800a238      0x250 ./src/App/Smart_Home/Smart_Home_prv.o
                0x0800a238                Window_Process
 .text.Fan_Process
                0x0800a488       0xf8 ./src/App/Smart_Home/Smart_Home_prv.o
                0x0800a488                Fan_Process
 .text.App_Task
                0x0800a580       0x38 ./src/App/Smart_Home/Smart_Home_prv.o
                0x0800a580                App_Task
 .text.Uart_Task
                0x0800a5b8       0x4c ./src/App/Smart_Home/Smart_Home_prv.o
                0x0800a5b8                Uart_Task
 .text.main     0x0800a604        0xc ./src/main.o
                0x0800a604                main
 .text.__errno  0x0800a610        0xc f:/michael/iti/embedded_arm/tools/arm gcc/bin/../lib/gcc/arm-none-eabi/5.4.1/../../../../arm-none-eabi/lib/armv7e-m\libg_nano.a(lib_a-errno.o)
                0x0800a610                __errno
 .text._vsnprintf_r
                0x0800a61c       0x56 f:/michael/iti/embedded_arm/tools/arm gcc/bin/../lib/gcc/arm-none-eabi/5.4.1/../../../../arm-none-eabi/lib/armv7e-m\libg_nano.a(lib_a-vsnprintf.o)
                0x0800a61c                _vsniprintf_r
                0x0800a61c                _vsnprintf_r
 *fill*         0x0800a672        0x2 
 .text.vsnprintf
                0x0800a674       0x1c f:/michael/iti/embedded_arm/tools/arm gcc/bin/../lib/gcc/arm-none-eabi/5.4.1/../../../../arm-none-eabi/lib/armv7e-m\libg_nano.a(lib_a-vsnprintf.o)
                0x0800a674                vsniprintf
                0x0800a674                vsnprintf
 .text.__ssputs_r
                0x0800a690       0xb2 f:/michael/iti/embedded_arm/tools/arm gcc/bin/../lib/gcc/arm-none-eabi/5.4.1/../../../../arm-none-eabi/lib/armv7e-m\libg_nano.a(lib_a-nano-svfprintf.o)
                0x0800a690                __ssputs_r
 *fill*         0x0800a742        0x2 
 .text._svfprintf_r
                0x0800a744      0x1e8 f:/michael/iti/embedded_arm/tools/arm gcc/bin/../lib/gcc/arm-none-eabi/5.4.1/../../../../arm-none-eabi/lib/armv7e-m\libg_nano.a(lib_a-nano-svfprintf.o)
                0x0800a744                _svfiprintf_r
                0x0800a744                _svfprintf_r
 .text._printf_common
                0x0800a92c       0xec f:/michael/iti/embedded_arm/tools/arm gcc/bin/../lib/gcc/arm-none-eabi/5.4.1/../../../../arm-none-eabi/lib/armv7e-m\libg_nano.a(lib_a-nano-vfprintf_i.o)
                0x0800a92c                _printf_common
 .text._printf_i
                0x0800aa18      0x24c f:/michael/iti/embedded_arm/tools/arm gcc/bin/../lib/gcc/arm-none-eabi/5.4.1/../../../../arm-none-eabi/lib/armv7e-m\libg_nano.a(lib_a-nano-vfprintf_i.o)
                0x0800aa18                _printf_i
 *fill*         0x0800ac64        0xc 
 .text          0x0800ac70       0xa0 f:/michael/iti/embedded_arm/tools/arm gcc/bin/../lib/gcc/arm-none-eabi/5.4.1/../../../../arm-none-eabi/lib/armv7e-m\libg_nano.a(lib_a-memchr.o)
                0x0800ac70                memchr
 .text.memcpy   0x0800ad10       0x16 f:/michael/iti/embedded_arm/tools/arm gcc/bin/../lib/gcc/arm-none-eabi/5.4.1/../../../../arm-none-eabi/lib/armv7e-m\libg_nano.a(lib_a-memcpy-stub.o)
                0x0800ad10                memcpy
 .text.memmove  0x0800ad26       0x36 f:/michael/iti/embedded_arm/tools/arm gcc/bin/../lib/gcc/arm-none-eabi/5.4.1/../../../../arm-none-eabi/lib/armv7e-m\libg_nano.a(lib_a-memmove.o)
                0x0800ad26                memmove
 .text._free_r  0x0800ad5c       0x9c f:/michael/iti/embedded_arm/tools/arm gcc/bin/../lib/gcc/arm-none-eabi/5.4.1/../../../../arm-none-eabi/lib/armv7e-m\libg_nano.a(lib_a-nano-freer.o)
                0x0800ad5c                _free_r
 .text._malloc_r
                0x0800adf8       0xbc f:/michael/iti/embedded_arm/tools/arm gcc/bin/../lib/gcc/arm-none-eabi/5.4.1/../../../../arm-none-eabi/lib/armv7e-m\libg_nano.a(lib_a-nano-mallocr.o)
                0x0800adf8                _malloc_r
 .text._realloc_r
                0x0800aeb4       0x4c f:/michael/iti/embedded_arm/tools/arm gcc/bin/../lib/gcc/arm-none-eabi/5.4.1/../../../../arm-none-eabi/lib/armv7e-m\libg_nano.a(lib_a-nano-reallocr.o)
                0x0800aeb4                _realloc_r
 .text._sbrk_r  0x0800af00       0x20 f:/michael/iti/embedded_arm/tools/arm gcc/bin/../lib/gcc/arm-none-eabi/5.4.1/../../../../arm-none-eabi/lib/armv7e-m\libg_nano.a(lib_a-sbrkr.o)
                0x0800af00                _sbrk_r
 .text.__malloc_lock
                0x0800af20        0x2 f:/michael/iti/embedded_arm/tools/arm gcc/bin/../lib/gcc/arm-none-eabi/5.4.1/../../../../arm-none-eabi/lib/armv7e-m\libg_nano.a(lib_a-mlock.o)
                0x0800af20                __malloc_lock
 .text.__malloc_unlock
                0x0800af22        0x2 f:/michael/iti/embedded_arm/tools/arm gcc/bin/../lib/gcc/arm-none-eabi/5.4.1/../../../../arm-none-eabi/lib/armv7e-m\libg_nano.a(lib_a-mlock.o)
                0x0800af22                __malloc_unlock
 .text._malloc_usable_size_r
                0x0800af24       0x14 f:/michael/iti/embedded_arm/tools/arm gcc/bin/../lib/gcc/arm-none-eabi/5.4.1/../../../../arm-none-eabi/lib/armv7e-m\libg_nano.a(lib_a-nano-msizer.o)
                0x0800af24                _malloc_usable_size_r
 *(.rodata .rodata.* .constdata .constdata.*)
 .rodata.str1.4
                0x0800af38      0x146 ./system/src/cortexm/exception_handlers.o
 *fill*         0x0800b07e        0x2 
 .rodata.AHBPrescTable
                0x0800b080       0x10 ./system/src/cmsis/system_stm32f4xx.o
                0x0800b080                AHBPrescTable
 .rodata.Lcd_Pins
                0x0800b090       0x38 ./src/Lcd/Lcd_cfg.o
                0x0800b090                Lcd_Pins
 .rodata.Stepmotors
                0x0800b0c8       0x18 ./src/Hal/Stepmotor/Stepmotor_cfg.o
                0x0800b0c8                Stepmotors
 .rodata.Leds   0x0800b0e0       0x10 ./src/Hal/Led/Led_cfg.o
                0x0800b0e0                Leds
 .rodata.Keypad_Pins
                0x0800b0f0       0x38 ./src/Hal/Keypad/Keypad_cfg.o
                0x0800b0f0                Keypad_Pins
 .rodata.Keypad_aau8ButtonIndicator
                0x0800b128        0xc ./src/Hal/Keypad/Keypad_cfg.o
                0x0800b128                Keypad_aau8ButtonIndicator
 .rodata.DCMotor_Pins
                0x0800b134        0xc ./src/Hal/Dcmotor/Dcmotor_cfg.o
                0x0800b134                DCMotor_Pins
 .rodata.Buzzer_Pins
                0x0800b140        0x8 ./src/Hal/Buzzer/Buzzer_cfg.o
                0x0800b140                Buzzer_Pins
 .rodata.App_au8Password
                0x0800b148        0x4 ./src/App/Smart_Home/Smart_Home_prv.o
 .rodata.str1.4
                0x0800b14c       0x98 ./src/App/Smart_Home/Smart_Home_prv.o
                                 0x95 (size before relaxing)
 .rodata.str1.1
                0x0800b1e4       0x11 f:/michael/iti/embedded_arm/tools/arm gcc/bin/../lib/gcc/arm-none-eabi/5.4.1/../../../../arm-none-eabi/lib/armv7e-m\libg_nano.a(lib_a-nano-svfprintf.o)
 .rodata.str1.1
                0x0800b1f5       0x22 f:/michael/iti/embedded_arm/tools/arm gcc/bin/../lib/gcc/arm-none-eabi/5.4.1/../../../../arm-none-eabi/lib/armv7e-m\libg_nano.a(lib_a-nano-vfprintf_i.o)
 *(vtable)
 *(.eh_frame*)
 *(.glue_7)
 .glue_7        0x0800b217        0x0 linker stubs
 *(.glue_7t)
 .glue_7t       0x0800b217        0x0 linker stubs

.vfp11_veneer   0x0800b218        0x0
 .vfp11_veneer  0x0800b218        0x0 linker stubs

.v4_bx          0x0800b218        0x0
 .v4_bx         0x0800b218        0x0 linker stubs

.iplt           0x0800b218        0x0
 .iplt          0x0800b218        0x0 ./system/src/stm32f4-hal/stm32f4xx_hal.o

.rel.dyn        0x0800b218        0x0
 .rel.iplt      0x0800b218        0x0 ./system/src/stm32f4-hal/stm32f4xx_hal.o

.ARM.extab
 *(.ARM.extab* .gnu.linkonce.armextab.*)
                0x0800b218                . = ALIGN (0x4)
                0x0800b218                __exidx_start = .

.ARM.exidx
 *(.ARM.exidx* .gnu.linkonce.armexidx.*)
                0x0800b218                __exidx_end = .
                0x0800b218                . = ALIGN (0x4)
                0x0800b218                _etext = .
                0x0800b218                __etext = .

.data_CCMRAM    0x10000000        0x0 load address 0x0800b218
 FILL mask 0xff
 *(.data.CCMRAM .data.CCMRAM.*)
                0x10000000                . = ALIGN (0x4)
                0x0800b218                _sidata = LOADADDR (.data)

.data           0x20000000       0x80 load address 0x0800b218
 FILL mask 0xff
                0x20000000                _sdata = .
                0x20000000                __data_start__ = .
 *(.data_begin .data_begin.*)
 .data_begin    0x20000000        0x4 ./system/src/newlib/_startup.o
 *(.data .data.*)
 .data.argv.4290
                0x20000004        0x8 ./system/src/newlib/_syscalls.o
 .data.SystemCoreClock
                0x2000000c        0x4 ./system/src/cmsis/system_stm32f4xx.o
                0x2000000c                SystemCoreClock
 .data.Loc_u16TimeOut.4559
                0x20000010        0x2 ./src/App/Smart_Home/Smart_Home_prv.o
 .data.Loc_u16TimeOut.4517
                0x20000012        0x2 ./src/App/Smart_Home/Smart_Home_prv.o
 .data.Loc_u16TimeOut.4541
                0x20000014        0x2 ./src/App/Smart_Home/Smart_Home_prv.o
 *fill*         0x20000016        0x2 ff
 .data.impure_data
                0x20000018       0x60 f:/michael/iti/embedded_arm/tools/arm gcc/bin/../lib/gcc/arm-none-eabi/5.4.1/../../../../arm-none-eabi/lib/armv7e-m\libg_nano.a(lib_a-impure.o)
 .data._impure_ptr
                0x20000078        0x4 f:/michael/iti/embedded_arm/tools/arm gcc/bin/../lib/gcc/arm-none-eabi/5.4.1/../../../../arm-none-eabi/lib/armv7e-m\libg_nano.a(lib_a-impure.o)
                0x20000078                _impure_ptr
 *(.data_end .data_end.*)
 .data_end      0x2000007c        0x4 ./system/src/newlib/_startup.o
                0x20000080                . = ALIGN (0x4)
                0x20000080                _edata = .
                0x20000080                __data_end__ = .

.igot.plt       0x20000080        0x0 load address 0x0800b298
 .igot.plt      0x20000080        0x0 ./system/src/stm32f4-hal/stm32f4xx_hal.o

.bss_CCMRAM     0x10000000        0x0
 *(.bss.CCMRAM .bss.CCMRAM.*)

.bss            0x20000080      0x1ac
                0x20000080                __bss_start__ = .
                0x20000080                _sbss = .
 *(.bss_begin .bss_begin.*)
 .bss_begin     0x20000080        0x4 ./system/src/newlib/_startup.o
 *(.bss .bss.*)
 .bss.current_heap_end.3974
                0x20000084        0x4 ./system/src/newlib/_sbrk.o
 .bss.name.4289
                0x20000088        0x1 ./system/src/newlib/_syscalls.o
 *fill*         0x20000089        0x3 
 .bss.buf.5179  0x2000008c       0x80 ./system/src/diag/Trace.o
 .bss.Glop_TxCompleteCpf1
                0x2000010c        0x4 ./src/Mcal/Usart/Usart.o
 .bss.Glop_Uart1
                0x20000110        0x4 ./src/Mcal/Usart/Usart.o
 .bss.Glop_RxCompleteCpf1
                0x20000114        0x4 ./src/Mcal/Usart/Usart.o
 .bss.Appfunc   0x20000118        0x4 ./src/Mcal/Systick/Systick.o
 .bss.DmaStreamCbf
                0x2000011c       0x3c ./src/Mcal/Dma/DMA.o
 .bss.Loc_enuDisplayCharState.3883
                0x20000158        0x1 ./src/Lcd/Lcd_prv.o
 .bss.Loc_enuSendCommState.3873
                0x20000159        0x1 ./src/Lcd/Lcd_prv.o
 .bss.Lcd_u8BufferLength
                0x2000015a        0x1 ./src/Lcd/Lcd_prv.o
                0x2000015a                Lcd_u8BufferLength
 .bss.Lcd_u8Display
                0x2000015b        0x1 ./src/Lcd/Lcd_prv.o
                0x2000015b                Lcd_u8Display
 .bss.Lcd_enuPrvState
                0x2000015c        0x1 ./src/Lcd/Lcd_prv.o
                0x2000015c                Lcd_enuPrvState
 .bss.Loc_enuDisplayStringState.3856
                0x2000015d        0x1 ./src/Lcd/Lcd_prv.o
 .bss.Lcd_u8Col
                0x2000015e        0x1 ./src/Lcd/Lcd_prv.o
                0x2000015e                Lcd_u8Col
 .bss.Loc_enuCCCState.3864
                0x2000015f        0x1 ./src/Lcd/Lcd_prv.o
 .bss.Loc_u8CCCByteCounter.3865
                0x20000160        0x1 ./src/Lcd/Lcd_prv.o
 .bss.Loc_u8DSByteCounter.3857
                0x20000161        0x1 ./src/Lcd/Lcd_prv.o
 .bss.Loc_enuInitState.3838
                0x20000162        0x1 ./src/Lcd/Lcd_prv.o
 .bss.Lcd_u8Row
                0x20000163        0x1 ./src/Lcd/Lcd_prv.o
                0x20000163                Lcd_u8Row
 .bss.Lcd_u8Command
                0x20000164        0x1 ./src/Lcd/Lcd_prv.o
                0x20000164                Lcd_u8Command
 .bss.Lcd_enuState
                0x20000165        0x1 ./src/Lcd/Lcd_prv.o
                0x20000165                Lcd_enuState
 .bss.Stepmotor_u16Steps
                0x20000166        0x2 ./src/Hal/Stepmotor/Stepmotor.o
                0x20000166                Stepmotor_u16Steps
 .bss.Stepmotor_u8MotorIndex
                0x20000168        0x1 ./src/Hal/Stepmotor/Stepmotor.o
                0x20000168                Stepmotor_u8MotorIndex
 .bss.Stepmotor_u8TaskFlag
                0x20000169        0x1 ./src/Hal/Stepmotor/Stepmotor.o
                0x20000169                Stepmotor_u8TaskFlag
 .bss.Stepmotor_u8Direction
                0x2000016a        0x1 ./src/Hal/Stepmotor/Stepmotor.o
                0x2000016a                Stepmotor_u8Direction
 *fill*         0x2000016b        0x1 
 .bss.Loc_u16StepCounter.3783
                0x2000016c        0x2 ./src/Hal/Stepmotor/Stepmotor_prv.o
 .bss.Loc_enuTaskSteps.3784
                0x2000016e        0x1 ./src/Hal/Stepmotor/Stepmotor_prv.o
 *fill*         0x2000016f        0x1 
 .bss.prevVal.3748
                0x20000170        0xc ./src/Hal/Keypad/Keypad_prv.o
 .bss.Keypad_u8PressedAvaliable
                0x2000017c        0x1 ./src/Hal/Keypad/Keypad_prv.o
                0x2000017c                Keypad_u8PressedAvaliable
 .bss.Keypad_u8PressedKey
                0x2000017d        0x1 ./src/Hal/Keypad/Keypad_prv.o
                0x2000017d                Keypad_u8PressedKey
 *fill*         0x2000017e        0x2 
 .bss.counter.3747
                0x20000180        0xc ./src/Hal/Keypad/Keypad_prv.o
 .bss.App_enuStates
                0x2000018c        0x1 ./src/App/Smart_Home/Smart_Home_prv.o
 .bss.Loc_u8PasswordCounter.4507
                0x2000018d        0x1 ./src/App/Smart_Home/Smart_Home_prv.o
 .bss.Loc_u8LedState.4530
                0x2000018e        0x1 ./src/App/Smart_Home/Smart_Home_prv.o
 .bss.Loc_u8TimerCounter.4516
                0x2000018f        0x1 ./src/App/Smart_Home/Smart_Home_prv.o
 .bss.Loc_u8WindowPosition.4544
                0x20000190        0x1 ./src/App/Smart_Home/Smart_Home_prv.o
 .bss.Loc_enuFanStates.4558
                0x20000191        0x1 ./src/App/Smart_Home/Smart_Home_prv.o
 .bss.Loc_u8TimerCounter.4540
                0x20000192        0x1 ./src/App/Smart_Home/Smart_Home_prv.o
 .bss.Loc_u8NumberOfDigit.4543
                0x20000193        0x1 ./src/App/Smart_Home/Smart_Home_prv.o
 .bss.Loc_enuLoggedState.4515
                0x20000194        0x1 ./src/App/Smart_Home/Smart_Home_prv.o
 .bss.Loc_enuStartStates.4510
                0x20000195        0x1 ./src/App/Smart_Home/Smart_Home_prv.o
 .bss.Loc_u8PassCorrectIndicator.4508
                0x20000196        0x1 ./src/App/Smart_Home/Smart_Home_prv.o
 .bss.Loc_enuLoggingErrorState.4529
                0x20000197        0x1 ./src/App/Smart_Home/Smart_Home_prv.o
 .bss.Loc_u8WindowValue.4542
                0x20000198        0x1 ./src/App/Smart_Home/Smart_Home_prv.o
 .bss.Loc_enuWindowStates.4539
                0x20000199        0x1 ./src/App/Smart_Home/Smart_Home_prv.o
 *fill*         0x2000019a        0x2 
 .bss.__malloc_sbrk_start
                0x2000019c        0x4 f:/michael/iti/embedded_arm/tools/arm gcc/bin/../lib/gcc/arm-none-eabi/5.4.1/../../../../arm-none-eabi/lib/armv7e-m\libg_nano.a(lib_a-nano-mallocr.o)
                0x2000019c                __malloc_sbrk_start
 .bss.__malloc_free_list
                0x200001a0        0x4 f:/michael/iti/embedded_arm/tools/arm gcc/bin/../lib/gcc/arm-none-eabi/5.4.1/../../../../arm-none-eabi/lib/armv7e-m\libg_nano.a(lib_a-nano-mallocr.o)
                0x200001a0                __malloc_free_list
 *(COMMON)
 COMMON         0x200001a4        0x4 ./system/src/newlib/_syscalls.o
                0x200001a4                errno
 COMMON         0x200001a8       0x3c ./src/Services/Sched/Sched.o
                0x200001a8                RunnableList
 COMMON         0x200001e4       0x10 ./src/Lcd/Lcd_prv.o
                0x200001e4                Lcd_au8DataBuffer
 COMMON         0x200001f4       0x34 ./src/App/Smart_Home/Smart_Home.o
                0x200001f4                Loc_uart
 *(.bss_end .bss_end.*)
 .bss_end       0x20000228        0x4 ./system/src/newlib/_startup.o
                0x2000022c                . = ALIGN (0x4)
                0x2000022c                __bss_end__ = .
                0x2000022c                _ebss = .

.noinit_CCMRAM
 *(.noinit.CCMRAM .noinit.CCMRAM.*)

.noinit         0x2000022c        0x0
                0x2000022c                _noinit = .
 *(.noinit .noinit.*)
                0x2000022c                . = ALIGN (0x4)
                0x2000022c                _end_noinit = .
                [!provide]                PROVIDE (end, _end_noinit)
                [!provide]                PROVIDE (_end, _end_noinit)
                [!provide]                PROVIDE (__end, _end_noinit)
                [!provide]                PROVIDE (__end__, _end_noinit)

._check_stack   0x2000022c      0x100
                0x2000032c                . = (. + _Minimum_Stack_Size)
 *fill*         0x2000022c      0x100 

.b1text
 *(.b1text)
 *(.b1rodata)
 *(.b1rodata.*)

.eb0text
 *(.eb0text)
 *(.eb0rodata)
 *(.eb0rodata.*)

.eb1text
 *(.eb1text)
 *(.eb1rodata)
 *(.eb1rodata.*)

.eb2text
 *(.eb2text)
 *(.eb2rodata)
 *(.eb2rodata.*)

.eb3text
 *(.eb3text)
 *(.eb3rodata)
 *(.eb3rodata.*)

.stab
 *(.stab)

.stabstr
 *(.stabstr)

.stab.excl
 *(.stab.excl)

.stab.exclstr
 *(.stab.exclstr)

.stab.index
 *(.stab.index)

.stab.indexstr
 *(.stab.indexstr)

.comment        0x00000000       0x6e
 *(.comment)
 .comment       0x00000000       0x6e ./system/src/newlib/_exit.o
                                 0x6f (size before relaxing)
 .comment       0x0000006e       0x6f ./system/src/newlib/_sbrk.o
 .comment       0x0000006e       0x6f ./system/src/newlib/_startup.o
 .comment       0x0000006e       0x6f ./system/src/newlib/_syscalls.o
 .comment       0x0000006e       0x6f ./system/src/diag/Trace.o
 .comment       0x0000006e       0x6f ./system/src/diag/trace_impl.o
 .comment       0x0000006e       0x6f ./system/src/cortexm/_initialize_hardware.o
 .comment       0x0000006e       0x6f ./system/src/cortexm/exception_handlers.o
 .comment       0x0000006e       0x6f ./system/src/cmsis/system_stm32f4xx.o
 .comment       0x0000006e       0x6f ./system/src/cmsis/vectors_stm32f401xc.o
 .comment       0x0000006e       0x6f ./src/Services/Sched/Sched.o
 .comment       0x0000006e       0x6f ./src/Mcal/Usart/Usart.o
 .comment       0x0000006e       0x6f ./src/Mcal/Systick/Systick.o
 .comment       0x0000006e       0x6f ./src/Mcal/Scb/SCB.o
 .comment       0x0000006e       0x6f ./src/Mcal/Rcc/Rcc.o
 .comment       0x0000006e       0x6f ./src/Mcal/Gpio/Gpio.o
 .comment       0x0000006e       0x6f ./src/Mcal/Flash/Flash.o
 .comment       0x0000006e       0x6f ./src/Mcal/Dma/DMA.o
 .comment       0x0000006e       0x6f ./src/Lcd/Lcd.o
 .comment       0x0000006e       0x6f ./src/Lcd/Lcd_cfg.o
 .comment       0x0000006e       0x6f ./src/Lcd/Lcd_prv.o
 .comment       0x0000006e       0x6f ./src/Hal/Stepmotor/Stepmotor.o
 .comment       0x0000006e       0x6f ./src/Hal/Stepmotor/Stepmotor_cfg.o
 .comment       0x0000006e       0x6f ./src/Hal/Stepmotor/Stepmotor_prv.o
 .comment       0x0000006e       0x6f ./src/Hal/Led/Led.o
 .comment       0x0000006e       0x6f ./src/Hal/Led/Led_cfg.o
 .comment       0x0000006e       0x6f ./src/Hal/Keypad/Keypad.o
 .comment       0x0000006e       0x6f ./src/Hal/Keypad/Keypad_cfg.o
 .comment       0x0000006e       0x6f ./src/Hal/Keypad/Keypad_prv.o
 .comment       0x0000006e       0x6f ./src/Hal/Dcmotor/Dcmotor.o
 .comment       0x0000006e       0x6f ./src/Hal/Dcmotor/Dcmotor_cfg.o
 .comment       0x0000006e       0x6f ./src/Hal/Buzzer/Buzzer.o
 .comment       0x0000006e       0x6f ./src/Hal/Buzzer/Buzzer_cfg.o
 .comment       0x0000006e       0x6f ./src/App/Smart_Home/Smart_Home.o
 .comment       0x0000006e       0x6f ./src/App/Smart_Home/Smart_Home_prv.o
 .comment       0x0000006e       0x6f ./src/main.o

.ARM.attributes
                0x00000000       0x31
 .ARM.attributes
                0x00000000       0x33 ./system/src/newlib/_exit.o
 .ARM.attributes
                0x00000033       0x33 ./system/src/newlib/_sbrk.o
 .ARM.attributes
                0x00000066       0x33 ./system/src/newlib/_startup.o
 .ARM.attributes
                0x00000099       0x33 ./system/src/newlib/_syscalls.o
 .ARM.attributes
                0x000000cc       0x33 ./system/src/diag/Trace.o
 .ARM.attributes
                0x000000ff       0x33 ./system/src/diag/trace_impl.o
 .ARM.attributes
                0x00000132       0x33 ./system/src/cortexm/_initialize_hardware.o
 .ARM.attributes
                0x00000165       0x33 ./system/src/cortexm/exception_handlers.o
 .ARM.attributes
                0x00000198       0x33 ./system/src/cmsis/system_stm32f4xx.o
 .ARM.attributes
                0x000001cb       0x33 ./system/src/cmsis/vectors_stm32f401xc.o
 .ARM.attributes
                0x000001fe       0x33 ./src/Services/Sched/Sched.o
 .ARM.attributes
                0x00000231       0x33 ./src/Mcal/Usart/Usart.o
 .ARM.attributes
                0x00000264       0x33 ./src/Mcal/Systick/Systick.o
 .ARM.attributes
                0x00000297       0x33 ./src/Mcal/Scb/SCB.o
 .ARM.attributes
                0x000002ca       0x33 ./src/Mcal/Rcc/Rcc.o
 .ARM.attributes
                0x000002fd       0x33 ./src/Mcal/Gpio/Gpio.o
 .ARM.attributes
                0x00000330       0x33 ./src/Mcal/Flash/Flash.o
 .ARM.attributes
                0x00000363       0x33 ./src/Mcal/Dma/DMA.o
 .ARM.attributes
                0x00000396       0x33 ./src/Lcd/Lcd.o
 .ARM.attributes
                0x000003c9       0x33 ./src/Lcd/Lcd_cfg.o
 .ARM.attributes
                0x000003fc       0x33 ./src/Lcd/Lcd_prv.o
 .ARM.attributes
                0x0000042f       0x33 ./src/Hal/Stepmotor/Stepmotor.o
 .ARM.attributes
                0x00000462       0x33 ./src/Hal/Stepmotor/Stepmotor_cfg.o
 .ARM.attributes
                0x00000495       0x33 ./src/Hal/Stepmotor/Stepmotor_prv.o
 .ARM.attributes
                0x000004c8       0x33 ./src/Hal/Led/Led.o
 .ARM.attributes
                0x000004fb       0x33 ./src/Hal/Led/Led_cfg.o
 .ARM.attributes
                0x0000052e       0x33 ./src/Hal/Keypad/Keypad.o
 .ARM.attributes
                0x00000561       0x33 ./src/Hal/Keypad/Keypad_cfg.o
 .ARM.attributes
                0x00000594       0x33 ./src/Hal/Keypad/Keypad_prv.o
 .ARM.attributes
                0x000005c7       0x33 ./src/Hal/Dcmotor/Dcmotor.o
 .ARM.attributes
                0x000005fa       0x33 ./src/Hal/Dcmotor/Dcmotor_cfg.o
 .ARM.attributes
                0x0000062d       0x33 ./src/Hal/Buzzer/Buzzer.o
 .ARM.attributes
                0x00000660       0x33 ./src/Hal/Buzzer/Buzzer_cfg.o
 .ARM.attributes
                0x00000693       0x33 ./src/App/Smart_Home/Smart_Home.o
 .ARM.attributes
                0x000006c6       0x33 ./src/App/Smart_Home/Smart_Home_prv.o
 .ARM.attributes
                0x000006f9       0x33 ./src/main.o
 .ARM.attributes
                0x0000072c       0x2e f:/michael/iti/embedded_arm/tools/arm gcc/bin/../lib/gcc/arm-none-eabi/5.4.1/../../../../arm-none-eabi/lib/armv7e-m\libg_nano.a(lib_a-errno.o)
 .ARM.attributes
                0x0000075a       0x2e f:/michael/iti/embedded_arm/tools/arm gcc/bin/../lib/gcc/arm-none-eabi/5.4.1/../../../../arm-none-eabi/lib/armv7e-m\libg_nano.a(lib_a-impure.o)
 .ARM.attributes
                0x00000788       0x2e f:/michael/iti/embedded_arm/tools/arm gcc/bin/../lib/gcc/arm-none-eabi/5.4.1/../../../../arm-none-eabi/lib/armv7e-m\libg_nano.a(lib_a-vsnprintf.o)
 .ARM.attributes
                0x000007b6       0x2e f:/michael/iti/embedded_arm/tools/arm gcc/bin/../lib/gcc/arm-none-eabi/5.4.1/../../../../arm-none-eabi/lib/armv7e-m\libg_nano.a(lib_a-nano-svfprintf.o)
 .ARM.attributes
                0x000007e4       0x2e f:/michael/iti/embedded_arm/tools/arm gcc/bin/../lib/gcc/arm-none-eabi/5.4.1/../../../../arm-none-eabi/lib/armv7e-m\libg_nano.a(lib_a-nano-vfprintf_i.o)
 .ARM.attributes
                0x00000812       0x1c f:/michael/iti/embedded_arm/tools/arm gcc/bin/../lib/gcc/arm-none-eabi/5.4.1/../../../../arm-none-eabi/lib/armv7e-m\libg_nano.a(lib_a-memchr.o)
 .ARM.attributes
                0x0000082e       0x2e f:/michael/iti/embedded_arm/tools/arm gcc/bin/../lib/gcc/arm-none-eabi/5.4.1/../../../../arm-none-eabi/lib/armv7e-m\libg_nano.a(lib_a-memcpy-stub.o)
 .ARM.attributes
                0x0000085c       0x2e f:/michael/iti/embedded_arm/tools/arm gcc/bin/../lib/gcc/arm-none-eabi/5.4.1/../../../../arm-none-eabi/lib/armv7e-m\libg_nano.a(lib_a-memmove.o)
 .ARM.attributes
                0x0000088a       0x2e f:/michael/iti/embedded_arm/tools/arm gcc/bin/../lib/gcc/arm-none-eabi/5.4.1/../../../../arm-none-eabi/lib/armv7e-m\libg_nano.a(lib_a-nano-freer.o)
 .ARM.attributes
                0x000008b8       0x2e f:/michael/iti/embedded_arm/tools/arm gcc/bin/../lib/gcc/arm-none-eabi/5.4.1/../../../../arm-none-eabi/lib/armv7e-m\libg_nano.a(lib_a-nano-mallocr.o)
 .ARM.attributes
                0x000008e6       0x2e f:/michael/iti/embedded_arm/tools/arm gcc/bin/../lib/gcc/arm-none-eabi/5.4.1/../../../../arm-none-eabi/lib/armv7e-m\libg_nano.a(lib_a-nano-reallocr.o)
 .ARM.attributes
                0x00000914       0x2e f:/michael/iti/embedded_arm/tools/arm gcc/bin/../lib/gcc/arm-none-eabi/5.4.1/../../../../arm-none-eabi/lib/armv7e-m\libg_nano.a(lib_a-sbrkr.o)
 .ARM.attributes
                0x00000942       0x2e f:/michael/iti/embedded_arm/tools/arm gcc/bin/../lib/gcc/arm-none-eabi/5.4.1/../../../../arm-none-eabi/lib/armv7e-m\libg_nano.a(lib_a-mlock.o)
 .ARM.attributes
                0x00000970       0x2e f:/michael/iti/embedded_arm/tools/arm gcc/bin/../lib/gcc/arm-none-eabi/5.4.1/../../../../arm-none-eabi/lib/armv7e-m\libg_nano.a(lib_a-nano-msizer.o)

.debug
 *(.debug)

.line
 *(.line)

.debug_srcinfo
 *(.debug_srcinfo)

.debug_sfnames
 *(.debug_sfnames)

.debug_aranges  0x00000000      0x7e8
 *(.debug_aranges)
 .debug_aranges
                0x00000000       0x28 ./system/src/newlib/_exit.o
 .debug_aranges
                0x00000028       0x20 ./system/src/newlib/_sbrk.o
 .debug_aranges
                0x00000048       0x40 ./system/src/newlib/_startup.o
 .debug_aranges
                0x00000088       0x30 ./system/src/newlib/_syscalls.o
 .debug_aranges
                0x000000b8       0x38 ./system/src/diag/Trace.o
 .debug_aranges
                0x000000f0       0x30 ./system/src/diag/trace_impl.o
 .debug_aranges
                0x00000120       0x28 ./system/src/cortexm/_initialize_hardware.o
 .debug_aranges
                0x00000148       0x90 ./system/src/cortexm/exception_handlers.o
 .debug_aranges
                0x000001d8       0x28 ./system/src/cmsis/system_stm32f4xx.o
 .debug_aranges
                0x00000200       0x20 ./system/src/cmsis/vectors_stm32f401xc.o
 .debug_aranges
                0x00000220       0x38 ./src/Services/Sched/Sched.o
 .debug_aranges
                0x00000258       0x68 ./src/Mcal/Usart/Usart.o
 .debug_aranges
                0x000002c0       0x40 ./src/Mcal/Systick/Systick.o
 .debug_aranges
                0x00000300       0x28 ./src/Mcal/Scb/SCB.o
 .debug_aranges
                0x00000328       0xd0 ./src/Mcal/Rcc/Rcc.o
 .debug_aranges
                0x000003f8       0x30 ./src/Mcal/Gpio/Gpio.o
 .debug_aranges
                0x00000428       0x40 ./src/Mcal/Flash/Flash.o
 .debug_aranges
                0x00000468       0xb0 ./src/Mcal/Dma/DMA.o
 .debug_aranges
                0x00000518       0x50 ./src/Lcd/Lcd.o
 .debug_aranges
                0x00000568       0x18 ./src/Lcd/Lcd_cfg.o
 .debug_aranges
                0x00000580       0x50 ./src/Lcd/Lcd_prv.o
 .debug_aranges
                0x000005d0       0x20 ./src/Hal/Stepmotor/Stepmotor.o
 .debug_aranges
                0x000005f0       0x18 ./src/Hal/Stepmotor/Stepmotor_cfg.o
 .debug_aranges
                0x00000608       0x20 ./src/Hal/Stepmotor/Stepmotor_prv.o
 .debug_aranges
                0x00000628       0x28 ./src/Hal/Led/Led.o
 .debug_aranges
                0x00000650       0x18 ./src/Hal/Led/Led_cfg.o
 .debug_aranges
                0x00000668       0x28 ./src/Hal/Keypad/Keypad.o
 .debug_aranges
                0x00000690       0x18 ./src/Hal/Keypad/Keypad_cfg.o
 .debug_aranges
                0x000006a8       0x20 ./src/Hal/Keypad/Keypad_prv.o
 .debug_aranges
                0x000006c8       0x30 ./src/Hal/Dcmotor/Dcmotor.o
 .debug_aranges
                0x000006f8       0x18 ./src/Hal/Dcmotor/Dcmotor_cfg.o
 .debug_aranges
                0x00000710       0x30 ./src/Hal/Buzzer/Buzzer.o
 .debug_aranges
                0x00000740       0x18 ./src/Hal/Buzzer/Buzzer_cfg.o
 .debug_aranges
                0x00000758       0x20 ./src/App/Smart_Home/Smart_Home.o
 .debug_aranges
                0x00000778       0x50 ./src/App/Smart_Home/Smart_Home_prv.o
 .debug_aranges
                0x000007c8       0x20 ./src/main.o

.debug_pubnames
 *(.debug_pubnames)

.debug_info     0x00000000     0x74c4
 *(.debug_info .gnu.linkonce.wi.*)
 .debug_info    0x00000000       0xef ./system/src/newlib/_exit.o
 .debug_info    0x000000ef      0x11f ./system/src/newlib/_sbrk.o
 .debug_info    0x0000020e      0x4f2 ./system/src/newlib/_startup.o
 .debug_info    0x00000700      0x1c7 ./system/src/newlib/_syscalls.o
 .debug_info    0x000008c7      0x2e7 ./system/src/diag/Trace.o
 .debug_info    0x00000bae      0x30b ./system/src/diag/trace_impl.o
 .debug_info    0x00000eb9      0x2bf ./system/src/cortexm/_initialize_hardware.o
 .debug_info    0x00001178      0x8f4 ./system/src/cortexm/exception_handlers.o
 .debug_info    0x00001a6c      0x4e3 ./system/src/cmsis/system_stm32f4xx.o
 .debug_info    0x00001f4f       0xd1 ./system/src/cmsis/vectors_stm32f401xc.o
 .debug_info    0x00002020      0x1dc ./src/Services/Sched/Sched.o
 .debug_info    0x000021fc      0x6dc ./src/Mcal/Usart/Usart.o
 .debug_info    0x000028d8      0x16d ./src/Mcal/Systick/Systick.o
 .debug_info    0x00002a45       0xd2 ./src/Mcal/Scb/SCB.o
 .debug_info    0x00002b17      0x8a6 ./src/Mcal/Rcc/Rcc.o
 .debug_info    0x000033bd      0x2a8 ./src/Mcal/Gpio/Gpio.o
 .debug_info    0x00003665      0x27a ./src/Mcal/Flash/Flash.o
 .debug_info    0x000038df      0x492 ./src/Mcal/Dma/DMA.o
 .debug_info    0x00003d71      0x3f5 ./src/Lcd/Lcd.o
 .debug_info    0x00004166       0xd3 ./src/Lcd/Lcd_cfg.o
 .debug_info    0x00004239      0x9f0 ./src/Lcd/Lcd_prv.o
 .debug_info    0x00004c29      0x2bf ./src/Hal/Stepmotor/Stepmotor.o
 .debug_info    0x00004ee8      0x11b ./src/Hal/Stepmotor/Stepmotor_cfg.o
 .debug_info    0x00005003      0x352 ./src/Hal/Stepmotor/Stepmotor_prv.o
 .debug_info    0x00005355      0x26b ./src/Hal/Led/Led.o
 .debug_info    0x000055c0       0xf5 ./src/Hal/Led/Led_cfg.o
 .debug_info    0x000056b5      0x2e8 ./src/Hal/Keypad/Keypad.o
 .debug_info    0x0000599d      0x10e ./src/Hal/Keypad/Keypad_cfg.o
 .debug_info    0x00005aab      0x276 ./src/Hal/Keypad/Keypad_prv.o
 .debug_info    0x00005d21      0x36a ./src/Hal/Dcmotor/Dcmotor.o
 .debug_info    0x0000608b       0xeb ./src/Hal/Dcmotor/Dcmotor_cfg.o
 .debug_info    0x00006176      0x2b6 ./src/Hal/Buzzer/Buzzer.o
 .debug_info    0x0000642c       0xd3 ./src/Hal/Buzzer/Buzzer_cfg.o
 .debug_info    0x000064ff      0x465 ./src/App/Smart_Home/Smart_Home.o
 .debug_info    0x00006964      0xac2 ./src/App/Smart_Home/Smart_Home_prv.o
 .debug_info    0x00007426       0x9e ./src/main.o

.debug_abbrev   0x00000000     0x2772
 *(.debug_abbrev)
 .debug_abbrev  0x00000000       0x8e ./system/src/newlib/_exit.o
 .debug_abbrev  0x0000008e       0xb9 ./system/src/newlib/_sbrk.o
 .debug_abbrev  0x00000147      0x1b6 ./system/src/newlib/_startup.o
 .debug_abbrev  0x000002fd       0xec ./system/src/newlib/_syscalls.o
 .debug_abbrev  0x000003e9      0x156 ./system/src/diag/Trace.o
 .debug_abbrev  0x0000053f      0x1c8 ./system/src/diag/trace_impl.o
 .debug_abbrev  0x00000707       0xea ./system/src/cortexm/_initialize_hardware.o
 .debug_abbrev  0x000007f1      0x247 ./system/src/cortexm/exception_handlers.o
 .debug_abbrev  0x00000a38      0x104 ./system/src/cmsis/system_stm32f4xx.o
 .debug_abbrev  0x00000b3c       0x9d ./system/src/cmsis/vectors_stm32f401xc.o
 .debug_abbrev  0x00000bd9      0x159 ./src/Services/Sched/Sched.o
 .debug_abbrev  0x00000d32      0x1a0 ./src/Mcal/Usart/Usart.o
 .debug_abbrev  0x00000ed2      0x11e ./src/Mcal/Systick/Systick.o
 .debug_abbrev  0x00000ff0       0x7b ./src/Mcal/Scb/SCB.o
 .debug_abbrev  0x0000106b      0x143 ./src/Mcal/Rcc/Rcc.o
 .debug_abbrev  0x000011ae      0x139 ./src/Mcal/Gpio/Gpio.o
 .debug_abbrev  0x000012e7      0x118 ./src/Mcal/Flash/Flash.o
 .debug_abbrev  0x000013ff      0x13f ./src/Mcal/Dma/DMA.o
 .debug_abbrev  0x0000153e      0x188 ./src/Lcd/Lcd.o
 .debug_abbrev  0x000016c6       0x90 ./src/Lcd/Lcd_cfg.o
 .debug_abbrev  0x00001756      0x19a ./src/Lcd/Lcd_prv.o
 .debug_abbrev  0x000018f0      0x138 ./src/Hal/Stepmotor/Stepmotor.o
 .debug_abbrev  0x00001a28       0x90 ./src/Hal/Stepmotor/Stepmotor_cfg.o
 .debug_abbrev  0x00001ab8      0x111 ./src/Hal/Stepmotor/Stepmotor_prv.o
 .debug_abbrev  0x00001bc9      0x14a ./src/Hal/Led/Led.o
 .debug_abbrev  0x00001d13       0x90 ./src/Hal/Led/Led_cfg.o
 .debug_abbrev  0x00001da3      0x163 ./src/Hal/Keypad/Keypad.o
 .debug_abbrev  0x00001f06       0x90 ./src/Hal/Keypad/Keypad_cfg.o
 .debug_abbrev  0x00001f96      0x137 ./src/Hal/Keypad/Keypad_prv.o
 .debug_abbrev  0x000020cd      0x148 ./src/Hal/Dcmotor/Dcmotor.o
 .debug_abbrev  0x00002215       0x90 ./src/Hal/Dcmotor/Dcmotor_cfg.o
 .debug_abbrev  0x000022a5      0x133 ./src/Hal/Buzzer/Buzzer.o
 .debug_abbrev  0x000023d8       0x90 ./src/Hal/Buzzer/Buzzer_cfg.o
 .debug_abbrev  0x00002468      0x139 ./src/App/Smart_Home/Smart_Home.o
 .debug_abbrev  0x000025a1      0x16c ./src/App/Smart_Home/Smart_Home_prv.o
 .debug_abbrev  0x0000270d       0x65 ./src/main.o

.debug_line     0x00000000     0x6ad4
 *(.debug_line)
 .debug_line    0x00000000      0x301 ./system/src/newlib/_exit.o
 .debug_line    0x00000301      0x2b2 ./system/src/newlib/_sbrk.o
 .debug_line    0x000005b3      0x37a ./system/src/newlib/_startup.o
 .debug_line    0x0000092d      0x3be ./system/src/newlib/_syscalls.o
 .debug_line    0x00000ceb      0x36f ./system/src/diag/Trace.o
 .debug_line    0x0000105a      0xa6e ./system/src/diag/trace_impl.o
 .debug_line    0x00001ac8      0x9d6 ./system/src/cortexm/_initialize_hardware.o
 .debug_line    0x0000249e      0xb0c ./system/src/cortexm/exception_handlers.o
 .debug_line    0x00002faa      0x9d6 ./system/src/cmsis/system_stm32f4xx.o
 .debug_line    0x00003980       0xf6 ./system/src/cmsis/vectors_stm32f401xc.o
 .debug_line    0x00003a76      0x139 ./src/Services/Sched/Sched.o
 .debug_line    0x00003baf      0x231 ./src/Mcal/Usart/Usart.o
 .debug_line    0x00003de0      0x101 ./src/Mcal/Systick/Systick.o
 .debug_line    0x00003ee1      0x30a ./src/Mcal/Scb/SCB.o
 .debug_line    0x000041eb      0x65f ./src/Mcal/Rcc/Rcc.o
 .debug_line    0x0000484a      0x107 ./src/Mcal/Gpio/Gpio.o
 .debug_line    0x00004951      0x3a1 ./src/Mcal/Flash/Flash.o
 .debug_line    0x00004cf2      0x1ed ./src/Mcal/Dma/DMA.o
 .debug_line    0x00004edf      0x1ce ./src/Lcd/Lcd.o
 .debug_line    0x000050ad       0x9d ./src/Lcd/Lcd_cfg.o
 .debug_line    0x0000514a      0x1a3 ./src/Lcd/Lcd_prv.o
 .debug_line    0x000052ed      0x1a2 ./src/Hal/Stepmotor/Stepmotor.o
 .debug_line    0x0000548f       0xd3 ./src/Hal/Stepmotor/Stepmotor_cfg.o
 .debug_line    0x00005562      0x1b1 ./src/Hal/Stepmotor/Stepmotor_prv.o
 .debug_line    0x00005713       0xf1 ./src/Hal/Led/Led.o
 .debug_line    0x00005804       0xaf ./src/Hal/Led/Led_cfg.o
 .debug_line    0x000058b3      0x167 ./src/Hal/Keypad/Keypad.o
 .debug_line    0x00005a1a       0xc1 ./src/Hal/Keypad/Keypad_cfg.o
 .debug_line    0x00005adb      0x118 ./src/Hal/Keypad/Keypad_prv.o
 .debug_line    0x00005bf3      0x141 ./src/Hal/Dcmotor/Dcmotor.o
 .debug_line    0x00005d34       0xba ./src/Hal/Dcmotor/Dcmotor_cfg.o
 .debug_line    0x00005dee      0x128 ./src/Hal/Buzzer/Buzzer.o
 .debug_line    0x00005f16       0xb5 ./src/Hal/Buzzer/Buzzer_cfg.o
 .debug_line    0x00005fcb      0x379 ./src/App/Smart_Home/Smart_Home.o
 .debug_line    0x00006344      0x704 ./src/App/Smart_Home/Smart_Home_prv.o
 .debug_line    0x00006a48       0x8c ./src/main.o

.debug_frame    0x00000000     0x1248
 *(.debug_frame)
 .debug_frame   0x00000000       0x38 ./system/src/newlib/_exit.o
 .debug_frame   0x00000038       0x28 ./system/src/newlib/_sbrk.o
 .debug_frame   0x00000060       0x7c ./system/src/newlib/_startup.o
 .debug_frame   0x000000dc       0x50 ./system/src/newlib/_syscalls.o
 .debug_frame   0x0000012c       0x94 ./system/src/diag/Trace.o
 .debug_frame   0x000001c0       0x60 ./system/src/diag/trace_impl.o
 .debug_frame   0x00000220       0x40 ./system/src/cortexm/_initialize_hardware.o
 .debug_frame   0x00000260      0x158 ./system/src/cortexm/exception_handlers.o
 .debug_frame   0x000003b8       0x30 ./system/src/cmsis/system_stm32f4xx.o
 .debug_frame   0x000003e8       0x20 ./system/src/cmsis/vectors_stm32f401xc.o
 .debug_frame   0x00000408       0x78 ./src/Services/Sched/Sched.o
 .debug_frame   0x00000480      0x118 ./src/Mcal/Usart/Usart.o
 .debug_frame   0x00000598       0x68 ./src/Mcal/Systick/Systick.o
 .debug_frame   0x00000600       0x30 ./src/Mcal/Scb/SCB.o
 .debug_frame   0x00000630      0x1cc ./src/Mcal/Rcc/Rcc.o
 .debug_frame   0x000007fc       0x50 ./src/Mcal/Gpio/Gpio.o
 .debug_frame   0x0000084c       0x70 ./src/Mcal/Flash/Flash.o
 .debug_frame   0x000008bc      0x1f4 ./src/Mcal/Dma/DMA.o
 .debug_frame   0x00000ab0       0xac ./src/Lcd/Lcd.o
 .debug_frame   0x00000b5c       0xc8 ./src/Lcd/Lcd_prv.o
 .debug_frame   0x00000c24       0x38 ./src/Hal/Stepmotor/Stepmotor.o
 .debug_frame   0x00000c5c       0x34 ./src/Hal/Stepmotor/Stepmotor_prv.o
 .debug_frame   0x00000c90       0x48 ./src/Hal/Led/Led.o
 .debug_frame   0x00000cd8       0x40 ./src/Hal/Keypad/Keypad.o
 .debug_frame   0x00000d18       0x38 ./src/Hal/Keypad/Keypad_prv.o
 .debug_frame   0x00000d50       0x90 ./src/Hal/Dcmotor/Dcmotor.o
 .debug_frame   0x00000de0       0x78 ./src/Hal/Buzzer/Buzzer.o
 .debug_frame   0x00000e58       0x34 ./src/App/Smart_Home/Smart_Home.o
 .debug_frame   0x00000e8c       0xd0 ./src/App/Smart_Home/Smart_Home_prv.o
 .debug_frame   0x00000f5c       0x28 ./src/main.o
 .debug_frame   0x00000f84       0x20 f:/michael/iti/embedded_arm/tools/arm gcc/bin/../lib/gcc/arm-none-eabi/5.4.1/../../../../arm-none-eabi/lib/armv7e-m\libg_nano.a(lib_a-errno.o)
 .debug_frame   0x00000fa4       0x48 f:/michael/iti/embedded_arm/tools/arm gcc/bin/../lib/gcc/arm-none-eabi/5.4.1/../../../../arm-none-eabi/lib/armv7e-m\libg_nano.a(lib_a-vsnprintf.o)
 .debug_frame   0x00000fec       0x90 f:/michael/iti/embedded_arm/tools/arm gcc/bin/../lib/gcc/arm-none-eabi/5.4.1/../../../../arm-none-eabi/lib/armv7e-m\libg_nano.a(lib_a-nano-svfprintf.o)
 .debug_frame   0x0000107c       0x60 f:/michael/iti/embedded_arm/tools/arm gcc/bin/../lib/gcc/arm-none-eabi/5.4.1/../../../../arm-none-eabi/lib/armv7e-m\libg_nano.a(lib_a-nano-vfprintf_i.o)
 .debug_frame   0x000010dc       0x28 f:/michael/iti/embedded_arm/tools/arm gcc/bin/../lib/gcc/arm-none-eabi/5.4.1/../../../../arm-none-eabi/lib/armv7e-m\libg_nano.a(lib_a-memcpy-stub.o)
 .debug_frame   0x00001104       0x28 f:/michael/iti/embedded_arm/tools/arm gcc/bin/../lib/gcc/arm-none-eabi/5.4.1/../../../../arm-none-eabi/lib/armv7e-m\libg_nano.a(lib_a-memmove.o)
 .debug_frame   0x0000112c       0x38 f:/michael/iti/embedded_arm/tools/arm gcc/bin/../lib/gcc/arm-none-eabi/5.4.1/../../../../arm-none-eabi/lib/armv7e-m\libg_nano.a(lib_a-nano-freer.o)
 .debug_frame   0x00001164       0x2c f:/michael/iti/embedded_arm/tools/arm gcc/bin/../lib/gcc/arm-none-eabi/5.4.1/../../../../arm-none-eabi/lib/armv7e-m\libg_nano.a(lib_a-nano-mallocr.o)
 .debug_frame   0x00001190       0x3c f:/michael/iti/embedded_arm/tools/arm gcc/bin/../lib/gcc/arm-none-eabi/5.4.1/../../../../arm-none-eabi/lib/armv7e-m\libg_nano.a(lib_a-nano-reallocr.o)
 .debug_frame   0x000011cc       0x2c f:/michael/iti/embedded_arm/tools/arm gcc/bin/../lib/gcc/arm-none-eabi/5.4.1/../../../../arm-none-eabi/lib/armv7e-m\libg_nano.a(lib_a-sbrkr.o)
 .debug_frame   0x000011f8       0x30 f:/michael/iti/embedded_arm/tools/arm gcc/bin/../lib/gcc/arm-none-eabi/5.4.1/../../../../arm-none-eabi/lib/armv7e-m\libg_nano.a(lib_a-mlock.o)
 .debug_frame   0x00001228       0x20 f:/michael/iti/embedded_arm/tools/arm gcc/bin/../lib/gcc/arm-none-eabi/5.4.1/../../../../arm-none-eabi/lib/armv7e-m\libg_nano.a(lib_a-nano-msizer.o)

.debug_str      0x00000000    0x76c7f
 *(.debug_str)
 .debug_str     0x00000000     0x6d6e ./system/src/newlib/_exit.o
                               0x6ee0 (size before relaxing)
 .debug_str     0x00006d6e      0x4de ./system/src/newlib/_sbrk.o
                               0x62cb (size before relaxing)
 .debug_str     0x0000724c      0xc20 ./system/src/newlib/_startup.o
                               0x5ee6 (size before relaxing)
 .debug_str     0x00007e6c      0xe18 ./system/src/newlib/_syscalls.o
                               0x712b (size before relaxing)
 .debug_str     0x00008c84      0x890 ./system/src/diag/Trace.o
                               0x76d0 (size before relaxing)
 .debug_str     0x00009514    0x67a24 ./system/src/diag/trace_impl.o
                              0x6f9e6 (size before relaxing)
 .debug_str     0x00070f38       0xc4 ./system/src/cortexm/_initialize_hardware.o
                              0x6e7c7 (size before relaxing)
 .debug_str     0x00070ffc      0x1a6 ./system/src/cortexm/exception_handlers.o
                              0x6fb70 (size before relaxing)
 .debug_str     0x000711a2      0x174 ./system/src/cmsis/system_stm32f4xx.o
                              0x6e8b8 (size before relaxing)
 .debug_str     0x00071316       0x59 ./system/src/cmsis/vectors_stm32f401xc.o
                               0x309d (size before relaxing)
 .debug_str     0x0007136f      0x735 ./src/Services/Sched/Sched.o
                               0x2cf5 (size before relaxing)
 .debug_str     0x00071aa4      0xeff ./src/Mcal/Usart/Usart.o
                               0x3a16 (size before relaxing)
 .debug_str     0x000729a3      0x166 ./src/Mcal/Systick/Systick.o
                               0x2d4b (size before relaxing)
 .debug_str     0x00072b09       0xe3 ./src/Mcal/Scb/SCB.o
                               0x67b6 (size before relaxing)
 .debug_str     0x00072bec     0x1822 ./src/Mcal/Rcc/Rcc.o
                               0x4323 (size before relaxing)
 .debug_str     0x0007440e      0x608 ./src/Mcal/Gpio/Gpio.o
                               0x3100 (size before relaxing)
 .debug_str     0x00074a16      0x468 ./src/Mcal/Flash/Flash.o
                               0x6b5a (size before relaxing)
 .debug_str     0x00074e7e      0x3ab ./src/Mcal/Dma/DMA.o
                               0x372a (size before relaxing)
 .debug_str     0x00075229      0x6b0 ./src/Lcd/Lcd.o
                               0x36d2 (size before relaxing)
 .debug_str     0x000758d9       0x15 ./src/Lcd/Lcd_cfg.o
                               0x319f (size before relaxing)
 .debug_str     0x000758ee      0x32b ./src/Lcd/Lcd_prv.o
                               0x3822 (size before relaxing)
 .debug_str     0x00075c19      0x288 ./src/Hal/Stepmotor/Stepmotor.o
                               0x3287 (size before relaxing)
 .debug_str     0x00075ea1       0x25 ./src/Hal/Stepmotor/Stepmotor_cfg.o
                               0x315b (size before relaxing)
 .debug_str     0x00075ec6      0x1b6 ./src/Hal/Stepmotor/Stepmotor_prv.o
                               0x3387 (size before relaxing)
 .debug_str     0x0007607c       0xf9 ./src/Hal/Led/Led.o
                               0x31b9 (size before relaxing)
 .debug_str     0x00076175       0x19 ./src/Hal/Led/Led_cfg.o
                               0x305b (size before relaxing)
 .debug_str     0x0007618e      0x22a ./src/Hal/Keypad/Keypad.o
                               0x32cd (size before relaxing)
 .debug_str     0x000763b8       0x3a ./src/Hal/Keypad/Keypad_cfg.o
                               0x30bf (size before relaxing)
 .debug_str     0x000763f2       0x7c ./src/Hal/Keypad/Keypad_prv.o
                               0x3223 (size before relaxing)
 .debug_str     0x0007646e      0x180 ./src/Hal/Dcmotor/Dcmotor.o
                               0x31f3 (size before relaxing)
 .debug_str     0x000765ee       0x21 ./src/Hal/Dcmotor/Dcmotor_cfg.o
                               0x3011 (size before relaxing)
 .debug_str     0x0007660f      0x10c ./src/Hal/Buzzer/Buzzer.o
                               0x317f (size before relaxing)
 .debug_str     0x0007671b       0x1f ./src/Hal/Buzzer/Buzzer_cfg.o
                               0x2fe2 (size before relaxing)
 .debug_str     0x0007673a      0x13f ./src/App/Smart_Home/Smart_Home.o
                               0x43cb (size before relaxing)
 .debug_str     0x00076879      0x3f8 ./src/App/Smart_Home/Smart_Home_prv.o
                               0x7ecd (size before relaxing)
 .debug_str     0x00076c71        0xe ./src/main.o
                               0x2b2a (size before relaxing)

.debug_loc      0x00000000     0x35d3
 *(.debug_loc)
 .debug_loc     0x00000000       0x82 ./system/src/newlib/_sbrk.o
 .debug_loc     0x00000082      0x36e ./system/src/newlib/_startup.o
 .debug_loc     0x000003f0       0x63 ./system/src/newlib/_syscalls.o
 .debug_loc     0x00000453      0x102 ./system/src/diag/Trace.o
 .debug_loc     0x00000555      0x17c ./system/src/diag/trace_impl.o
 .debug_loc     0x000006d1      0x2a8 ./system/src/cortexm/exception_handlers.o
 .debug_loc     0x00000979      0x132 ./system/src/cmsis/system_stm32f4xx.o
 .debug_loc     0x00000aab       0x61 ./src/Services/Sched/Sched.o
 .debug_loc     0x00000b0c      0x6e6 ./src/Mcal/Usart/Usart.o
 .debug_loc     0x000011f2       0x40 ./src/Mcal/Systick/Systick.o
 .debug_loc     0x00001232     0x1447 ./src/Mcal/Rcc/Rcc.o
 .debug_loc     0x00002679      0x1cd ./src/Mcal/Gpio/Gpio.o
 .debug_loc     0x00002846      0x407 ./src/Mcal/Flash/Flash.o
 .debug_loc     0x00002c4d      0x1e7 ./src/Mcal/Dma/DMA.o
 .debug_loc     0x00002e34      0x104 ./src/Lcd/Lcd.o
 .debug_loc     0x00002f38       0x2a ./src/Hal/Stepmotor/Stepmotor.o
 .debug_loc     0x00002f62       0xdc ./src/Hal/Led/Led.o
 .debug_loc     0x0000303e       0xfb ./src/Hal/Keypad/Keypad.o
 .debug_loc     0x00003139       0x74 ./src/Hal/Keypad/Keypad_prv.o
 .debug_loc     0x000031ad      0x1aa ./src/Hal/Dcmotor/Dcmotor.o
 .debug_loc     0x00003357      0x1a7 ./src/Hal/Buzzer/Buzzer.o
 .debug_loc     0x000034fe       0xd5 ./src/App/Smart_Home/Smart_Home_prv.o

.debug_macinfo
 *(.debug_macinfo)

.debug_weaknames
 *(.debug_weaknames)

.debug_funcnames
 *(.debug_funcnames)

.debug_typenames
 *(.debug_typenames)

.debug_varnames
 *(.debug_varnames)
OUTPUT(Smart_Home.elf elf32-littlearm)

.debug_ranges   0x00000000      0x630
 .debug_ranges  0x00000000       0x18 ./system/src/newlib/_exit.o
 .debug_ranges  0x00000018       0x10 ./system/src/newlib/_sbrk.o
 .debug_ranges  0x00000028       0x30 ./system/src/newlib/_startup.o
 .debug_ranges  0x00000058       0x20 ./system/src/newlib/_syscalls.o
 .debug_ranges  0x00000078       0x28 ./system/src/diag/Trace.o
 .debug_ranges  0x000000a0       0x38 ./system/src/diag/trace_impl.o
 .debug_ranges  0x000000d8       0x18 ./system/src/cortexm/_initialize_hardware.o
 .debug_ranges  0x000000f0       0x98 ./system/src/cortexm/exception_handlers.o
 .debug_ranges  0x00000188       0x18 ./system/src/cmsis/system_stm32f4xx.o
 .debug_ranges  0x000001a0       0x10 ./system/src/cmsis/vectors_stm32f401xc.o
 .debug_ranges  0x000001b0       0x28 ./src/Services/Sched/Sched.o
 .debug_ranges  0x000001d8       0x58 ./src/Mcal/Usart/Usart.o
 .debug_ranges  0x00000230       0x30 ./src/Mcal/Systick/Systick.o
 .debug_ranges  0x00000260       0x18 ./src/Mcal/Scb/SCB.o
 .debug_ranges  0x00000278       0xf8 ./src/Mcal/Rcc/Rcc.o
 .debug_ranges  0x00000370       0x20 ./src/Mcal/Gpio/Gpio.o
 .debug_ranges  0x00000390       0x50 ./src/Mcal/Flash/Flash.o
 .debug_ranges  0x000003e0       0xa0 ./src/Mcal/Dma/DMA.o
 .debug_ranges  0x00000480       0x40 ./src/Lcd/Lcd.o
 .debug_ranges  0x000004c0       0x40 ./src/Lcd/Lcd_prv.o
 .debug_ranges  0x00000500       0x10 ./src/Hal/Stepmotor/Stepmotor.o
 .debug_ranges  0x00000510       0x10 ./src/Hal/Stepmotor/Stepmotor_prv.o
 .debug_ranges  0x00000520       0x18 ./src/Hal/Led/Led.o
 .debug_ranges  0x00000538       0x18 ./src/Hal/Keypad/Keypad.o
 .debug_ranges  0x00000550       0x10 ./src/Hal/Keypad/Keypad_prv.o
 .debug_ranges  0x00000560       0x20 ./src/Hal/Dcmotor/Dcmotor.o
 .debug_ranges  0x00000580       0x50 ./src/Hal/Buzzer/Buzzer.o
 .debug_ranges  0x000005d0       0x10 ./src/App/Smart_Home/Smart_Home.o
 .debug_ranges  0x000005e0       0x40 ./src/App/Smart_Home/Smart_Home_prv.o
 .debug_ranges  0x00000620       0x10 ./src/main.o

.debug_macro    0x00000000     0x4d5d
 .debug_macro   0x00000000      0x19c ./system/src/newlib/_exit.o
 .debug_macro   0x0000019c      0x10e ./system/src/newlib/_exit.o
 .debug_macro   0x000002aa       0x8d ./system/src/newlib/_exit.o
 .debug_macro   0x00000337       0x35 ./system/src/newlib/_exit.o
 .debug_macro   0x0000036c      0x151 ./system/src/newlib/_sbrk.o
 .debug_macro   0x000004bd      0x174 ./system/src/newlib/_sbrk.o
 .debug_macro   0x00000631       0x10 ./system/src/newlib/_sbrk.o
 .debug_macro   0x00000641      0x23b ./system/src/newlib/_sbrk.o
 .debug_macro   0x0000087c      0x15b ./system/src/newlib/_startup.o
 .debug_macro   0x000009d7      0x89e ./system/src/newlib/_startup.o
 .debug_macro   0x00001275      0x1ff ./system/src/newlib/_syscalls.o
 .debug_macro   0x00001474       0x1c ./system/src/newlib/_syscalls.o
 .debug_macro   0x00001490       0x10 ./system/src/newlib/_syscalls.o
 .debug_macro   0x000014a0       0x10 ./system/src/newlib/_syscalls.o
 .debug_macro   0x000014b0       0x10 ./system/src/newlib/_syscalls.o
 .debug_macro   0x000014c0       0x35 ./system/src/newlib/_syscalls.o
 .debug_macro   0x000014f5      0x122 ./system/src/newlib/_syscalls.o
 .debug_macro   0x00001617       0x88 ./system/src/newlib/_syscalls.o
 .debug_macro   0x0000169f       0x2b ./system/src/newlib/_syscalls.o
 .debug_macro   0x000016ca      0x118 ./system/src/newlib/_syscalls.o
 .debug_macro   0x000017e2      0x159 ./system/src/newlib/_syscalls.o
 .debug_macro   0x0000193b       0x16 ./system/src/newlib/_syscalls.o
 .debug_macro   0x00001951      0x1d9 ./system/src/diag/Trace.o
 .debug_macro   0x00001b2a       0x4c ./system/src/diag/Trace.o
 .debug_macro   0x00001b76       0x16 ./system/src/diag/Trace.o
 .debug_macro   0x00001b8c      0x512 ./system/src/diag/trace_impl.o
 .debug_macro   0x0000209e       0x22 ./system/src/diag/trace_impl.o
 .debug_macro   0x000020c0      0x4d6 ./system/src/cortexm/_initialize_hardware.o
 .debug_macro   0x00002596      0x535 ./system/src/cortexm/exception_handlers.o
 .debug_macro   0x00002acb       0x3b ./system/src/cortexm/exception_handlers.o
 .debug_macro   0x00002b06      0x4d2 ./system/src/cmsis/system_stm32f4xx.o
 .debug_macro   0x00002fd8       0x34 ./system/src/cmsis/vectors_stm32f401xc.o
 .debug_macro   0x0000300c       0x49 ./src/Services/Sched/Sched.o
 .debug_macro   0x00003055       0x10 ./src/Services/Sched/Sched.o
 .debug_macro   0x00003065      0x126 ./src/Services/Sched/Sched.o
 .debug_macro   0x0000318b       0x22 ./src/Services/Sched/Sched.o
 .debug_macro   0x000031ad       0x16 ./src/Services/Sched/Sched.o
 .debug_macro   0x000031c3       0x3e ./src/Mcal/Usart/Usart.o
 .debug_macro   0x00003201      0x193 ./src/Mcal/Usart/Usart.o
 .debug_macro   0x00003394       0xca ./src/Mcal/Usart/Usart.o
 .debug_macro   0x0000345e       0x16 ./src/Mcal/Usart/Usart.o
 .debug_macro   0x00003474       0x51 ./src/Mcal/Systick/Systick.o
 .debug_macro   0x000034c5       0x1c ./src/Mcal/Systick/Systick.o
 .debug_macro   0x000034e1      0x191 ./src/Mcal/Scb/SCB.o
 .debug_macro   0x00003672       0x10 ./src/Mcal/Scb/SCB.o
 .debug_macro   0x00003682       0xcf ./src/Mcal/Scb/SCB.o
 .debug_macro   0x00003751       0xbe ./src/Mcal/Scb/SCB.o
 .debug_macro   0x0000380f      0x460 ./src/Mcal/Rcc/Rcc.o
 .debug_macro   0x00003c6f      0x1ed ./src/Mcal/Rcc/Rcc.o
 .debug_macro   0x00003e5c       0x44 ./src/Mcal/Gpio/Gpio.o
 .debug_macro   0x00003ea0      0x100 ./src/Mcal/Gpio/Gpio.o
 .debug_macro   0x00003fa0      0x17e ./src/Mcal/Flash/Flash.o
 .debug_macro   0x0000411e       0xb2 ./src/Mcal/Flash/Flash.o
 .debug_macro   0x000041d0       0x2c ./src/Mcal/Dma/DMA.o
 .debug_macro   0x000041fc       0x5a ./src/Lcd/Lcd.o
 .debug_macro   0x00004256      0x100 ./src/Lcd/Lcd.o
 .debug_macro   0x00004356       0x3a ./src/Lcd/Lcd.o
 .debug_macro   0x00004390       0x9b ./src/Lcd/Lcd.o
 .debug_macro   0x0000442b       0x5b ./src/Lcd/Lcd.o
 .debug_macro   0x00004486       0x3e ./src/Lcd/Lcd_cfg.o
 .debug_macro   0x000044c4       0x47 ./src/Lcd/Lcd_prv.o
 .debug_macro   0x0000450b       0x52 ./src/Hal/Stepmotor/Stepmotor.o
 .debug_macro   0x0000455d       0x22 ./src/Hal/Stepmotor/Stepmotor.o
 .debug_macro   0x0000457f       0x34 ./src/Hal/Stepmotor/Stepmotor.o
 .debug_macro   0x000045b3       0x3e ./src/Hal/Stepmotor/Stepmotor_cfg.o
 .debug_macro   0x000045f1       0x64 ./src/Hal/Stepmotor/Stepmotor_prv.o
 .debug_macro   0x00004655       0x2e ./src/Hal/Stepmotor/Stepmotor_prv.o
 .debug_macro   0x00004683       0x1c ./src/Hal/Stepmotor/Stepmotor_prv.o
 .debug_macro   0x0000469f       0x3e ./src/Hal/Led/Led.o
 .debug_macro   0x000046dd       0x3e ./src/Hal/Led/Led_cfg.o
 .debug_macro   0x0000471b       0x53 ./src/Hal/Keypad/Keypad.o
 .debug_macro   0x0000476e       0x52 ./src/Hal/Keypad/Keypad.o
 .debug_macro   0x000047c0       0x3f ./src/Hal/Keypad/Keypad_cfg.o
 .debug_macro   0x000047ff       0x49 ./src/Hal/Keypad/Keypad_prv.o
 .debug_macro   0x00004848       0x3e ./src/Hal/Dcmotor/Dcmotor.o
 .debug_macro   0x00004886       0x16 ./src/Hal/Dcmotor/Dcmotor.o
 .debug_macro   0x0000489c       0x16 ./src/Hal/Dcmotor/Dcmotor.o
 .debug_macro   0x000048b2       0x35 ./src/Hal/Dcmotor/Dcmotor_cfg.o
 .debug_macro   0x000048e7       0x3f ./src/Hal/Buzzer/Buzzer.o
 .debug_macro   0x00004926       0x16 ./src/Hal/Buzzer/Buzzer.o
 .debug_macro   0x0000493c       0x35 ./src/Hal/Buzzer/Buzzer_cfg.o
 .debug_macro   0x00004971       0xbd ./src/App/Smart_Home/Smart_Home.o
 .debug_macro   0x00004a2e       0xc4 ./src/App/Smart_Home/Smart_Home.o
 .debug_macro   0x00004af2       0x2e ./src/App/Smart_Home/Smart_Home.o
 .debug_macro   0x00004b20      0x210 ./src/App/Smart_Home/Smart_Home_prv.o
 .debug_macro   0x00004d30       0x2d ./src/main.o
